------------------------------------------------------------------
  Running MRIQC version 24.1.0.dev0+gd5b13cb5.d20240826
  ----------------------------------------------------------------

  NOTICE
  Copyright © The NiPreps Developers.
  
  This product includes software developed by
  the NiPreps Community (https://nipreps.org/).
  
  Portions of this software were developed at the Department of
  Psychology at Stanford University, Stanford, CA, US.
  
  This software contains code ultimately derived from the
  PCP Quality Assessment Protocol (QAP;
  http://preprocessed-connectomes-project.org/quality-assessment-protocol)
  by C. Craddock, S. Giavasis, D. Clark, Z. Shezhad, and J. Pellman.
  
  This software is also distributed as a Docker container image.
  The bootstrapping file for the image ("Dockerfile") is licensed
  under the MIT License.

  ----------------------------------------------------------------

  * BIDS dataset path: /local/nvme/ds006444_07.783915/ds/sourcedata/raw.
  * Output folder: mriqc.
  * Analysis levels: ['participant'].
------------------------------------------------------------------

2026-03-27 05:22:25 |[33;20m IMPORTANT [0m|[33;20m mriqc            [0m|[33;20m Extracting metadata and entities for 2 input runs of modality 't1w'...[0m
2026-03-27 05:22:25 |[33;20m IMPORTANT [0m|[33;20m mriqc            [0m|[33;20m File size ('t1w'): 0.02|0.02 GB [maximum|average].[0m
2026-03-27 05:22:25 |[34;20m INFO     [0m|[34;20m mriqc            [0m|[34;20m MRIQC config file: /local/nvme/ds006444_07.783915/ds/tmp/config-20260327-052220_f76dab07-3669-48bc-adf9-a96a63d4f148.toml.[0m
2026-03-27 05:22:30 |[34;20m INFO     [0m|[34;20m matplotlib.font_manager [0m|[34;20m generated new fontManager[0m
2026-03-27 05:22:31 |[33;20m IMPORTANT [0m|[33;20m mriqc            [0m|[33;20m Building MRIQC's workflows...[0m
2026-03-27 05:22:31 |[34;20m INFO     [0m|[34;20m nipype.workflow  [0m|[34;20m Building anatomical MRIQC workflow for 2 NIfTI files..[0m
2026-03-27 05:22:36 |[33;20m IMPORTANT [0m|[33;20m mriqc            [0m|[33;20m Workflow building finished (exit code 0).[0m
2026-03-27 05:22:41 |[34;20m INFO     [0m|[34;20m nipype.workflow  [0m|[34;20m Workflow mriqc_wf settings: ['check', 'execution', 'logging', 'monitoring'][0m
2026-03-27 05:22:42 |[34;20m INFO     [0m|[34;20m nipype.workflow  [0m|[34;20m [Node] Setting-up "mriqc_wf.anatMRIQC.conform" in "/local/nvme/ds006444_07.783915/ds/tmp/mriqc_wf/anatMRIQC/28c10a6f765abaad78343f3a6e39fbbbe5fac64d/conform".[0m
2026-03-27 05:22:42 |[34;20m INFO     [0m|[34;20m nipype.workflow  [0m|[34;20m [Node] Setting-up "mriqc_wf.anatMRIQC.conform" in "/local/nvme/ds006444_07.783915/ds/tmp/mriqc_wf/anatMRIQC/1e474b0a07c2f8ffe22b0b6489b698170d5490e9/conform".[0m
2026-03-27 05:22:42 |[34;20m INFO     [0m|[34;20m nipype.workflow  [0m|[34;20m [Node] Executing "conform" <mriqc.interfaces.common.conform_image.ConformImage>[0m
2026-03-27 05:22:42 |[34;20m INFO     [0m|[34;20m nipype.workflow  [0m|[34;20m [Node] Executing "conform" <mriqc.interfaces.common.conform_image.ConformImage>[0m
2026-03-27 05:22:42 |[34;20m INFO     [0m|[34;20m nipype.workflow  [0m|[34;20m [Node] Finished "conform", elapsed time 0.090763s.[0m
2026-03-27 05:22:42 |[34;20m INFO     [0m|[34;20m nipype.workflow  [0m|[34;20m [Node] Finished "conform", elapsed time 0.091602s.[0m
2026-03-27 05:22:44 |[34;20m INFO     [0m|[34;20m nipype.workflow  [0m|[34;20m [Node] Setting-up "mriqc_wf.anatMRIQC.AirMaskWorkflow.RotationMask" in "/local/nvme/ds006444_07.783915/ds/tmp/mriqc_wf/anatMRIQC/AirMaskWorkflow/1e474b0a07c2f8ffe22b0b6489b698170d5490e9/RotationMask".[0m
2026-03-27 05:22:44 |[34;20m INFO     [0m|[34;20m nipype.workflow  [0m|[34;20m [Node] Setting-up "mriqc_wf.anatMRIQC.synthstrip_wf.pre_clip" in "/local/nvme/ds006444_07.783915/ds/tmp/mriqc_wf/anatMRIQC/synthstrip_wf/1e474b0a07c2f8ffe22b0b6489b698170d5490e9/pre_clip".[0m
2026-03-27 05:22:44 |[34;20m INFO     [0m|[34;20m nipype.workflow  [0m|[34;20m [Node] Setting-up "mriqc_wf.anatMRIQC.anat_report_wf.PlotMosaicNoise" in "/local/nvme/ds006444_07.783915/ds/tmp/mriqc_wf/anatMRIQC/anat_report_wf/1e474b0a07c2f8ffe22b0b6489b698170d5490e9/PlotMosaicNoise".[0m
2026-03-27 05:22:44 |[34;20m INFO     [0m|[34;20m nipype.workflow  [0m|[34;20m [Node] Setting-up "mriqc_wf.anatMRIQC.AirMaskWorkflow.RotationMask" in "/local/nvme/ds006444_07.783915/ds/tmp/mriqc_wf/anatMRIQC/AirMaskWorkflow/28c10a6f765abaad78343f3a6e39fbbbe5fac64d/RotationMask".[0m
2026-03-27 05:22:44 |[34;20m INFO     [0m|[34;20m nipype.workflow  [0m|[34;20m [Node] Setting-up "mriqc_wf.anatMRIQC.synthstrip_wf.pre_clip" in "/local/nvme/ds006444_07.783915/ds/tmp/mriqc_wf/anatMRIQC/synthstrip_wf/28c10a6f765abaad78343f3a6e39fbbbe5fac64d/pre_clip".[0m
2026-03-27 05:22:44 |[34;20m INFO     [0m|[34;20m nipype.workflow  [0m|[34;20m [Node] Setting-up "mriqc_wf.anatMRIQC.anat_report_wf.PlotMosaicNoise" in "/local/nvme/ds006444_07.783915/ds/tmp/mriqc_wf/anatMRIQC/anat_report_wf/28c10a6f765abaad78343f3a6e39fbbbe5fac64d/PlotMosaicNoise".[0m
2026-03-27 05:22:44 |[34;20m INFO     [0m|[34;20m nipype.workflow  [0m|[34;20m [Node] Executing "RotationMask" <mriqc.interfaces.anatomical.RotationMask>[0m
2026-03-27 05:22:44 |[34;20m INFO     [0m|[34;20m nipype.workflow  [0m|[34;20m [Node] Executing "pre_clip" <niworkflows.interfaces.nibabel.IntensityClip>[0m
2026-03-27 05:22:44 |[34;20m INFO     [0m|[34;20m nipype.workflow  [0m|[34;20m [Node] Executing "RotationMask" <mriqc.interfaces.anatomical.RotationMask>[0m
2026-03-27 05:22:44 |[34;20m INFO     [0m|[34;20m nipype.workflow  [0m|[34;20m [Node] Executing "PlotMosaicNoise" <nireports.interfaces.mosaic.PlotMosaic>[0m
2026-03-27 05:22:44 |[34;20m INFO     [0m|[34;20m nipype.workflow  [0m|[34;20m [Node] Executing "pre_clip" <niworkflows.interfaces.nibabel.IntensityClip>[0m
2026-03-27 05:22:44 |[34;20m INFO     [0m|[34;20m nipype.workflow  [0m|[34;20m [Node] Executing "PlotMosaicNoise" <nireports.interfaces.mosaic.PlotMosaic>[0m
2026-03-27 05:22:44 |[34;20m INFO     [0m|[34;20m nipype.workflow  [0m|[34;20m [Node] Finished "RotationMask", elapsed time 0.455518s.[0m
2026-03-27 05:22:44 |[34;20m INFO     [0m|[34;20m nipype.workflow  [0m|[34;20m [Node] Finished "RotationMask", elapsed time 0.467829s.[0m
2026-03-27 05:22:51 |[34;20m INFO     [0m|[34;20m nipype.workflow  [0m|[34;20m [Node] Finished "PlotMosaicNoise", elapsed time 7.145925s.[0m
2026-03-27 05:22:51 |[34;20m INFO     [0m|[34;20m nipype.workflow  [0m|[34;20m [Node] Finished "PlotMosaicNoise", elapsed time 7.345374s.[0m
2026-03-27 05:22:52 |[34;20m INFO     [0m|[34;20m nipype.workflow  [0m|[34;20m [Node] Setting-up "mriqc_wf.anatMRIQC.anat_report_wf.ds_report_background" in "/local/nvme/ds006444_07.783915/ds/tmp/mriqc_wf/anatMRIQC/anat_report_wf/1e474b0a07c2f8ffe22b0b6489b698170d5490e9/ds_report_background".[0m
2026-03-27 05:22:52 |[34;20m INFO     [0m|[34;20m nipype.workflow  [0m|[34;20m [Node] Executing "ds_report_background" <mriqc.interfaces.DerivativesDataSink>[0m
2026-03-27 05:22:52 |[34;20m INFO     [0m|[34;20m nipype.workflow  [0m|[34;20m [Node] Finished "ds_report_background", elapsed time 0.00974s.[0m
2026-03-27 05:22:52 |[34;20m INFO     [0m|[34;20m nipype.workflow  [0m|[34;20m [Node] Setting-up "mriqc_wf.anatMRIQC.anat_report_wf.ds_report_background" in "/local/nvme/ds006444_07.783915/ds/tmp/mriqc_wf/anatMRIQC/anat_report_wf/28c10a6f765abaad78343f3a6e39fbbbe5fac64d/ds_report_background".[0m
2026-03-27 05:22:52 |[34;20m INFO     [0m|[34;20m nipype.workflow  [0m|[34;20m [Node] Executing "ds_report_background" <mriqc.interfaces.DerivativesDataSink>[0m
2026-03-27 05:22:52 |[34;20m INFO     [0m|[34;20m nipype.workflow  [0m|[34;20m [Node] Finished "ds_report_background", elapsed time 0.004814s.[0m
2026-03-27 05:22:56 |[34;20m INFO     [0m|[34;20m nipype.workflow  [0m|[34;20m [Node] Finished "pre_clip", elapsed time 12.529005s.[0m
2026-03-27 05:22:56 |[34;20m INFO     [0m|[34;20m nipype.workflow  [0m|[34;20m [Node] Finished "pre_clip", elapsed time 12.652212s.[0m
2026-03-27 05:22:58 |[34;20m INFO     [0m|[34;20m nipype.workflow  [0m|[34;20m [Node] Setting-up "mriqc_wf.anatMRIQC.synthstrip_wf.pre_n4" in "/local/nvme/ds006444_07.783915/ds/tmp/mriqc_wf/anatMRIQC/synthstrip_wf/1e474b0a07c2f8ffe22b0b6489b698170d5490e9/pre_n4".[0m
2026-03-27 05:22:58 |[34;20m INFO     [0m|[34;20m nipype.workflow  [0m|[34;20m [Node] Executing "pre_n4" <nipype.interfaces.ants.segmentation.N4BiasFieldCorrection>[0m
2026-03-27 05:23:12 |[34;20m INFO     [0m|[34;20m nipype.workflow  [0m|[34;20m [Node] Finished "pre_n4", elapsed time 14.632763s.[0m
2026-03-27 05:23:14 |[34;20m INFO     [0m|[34;20m nipype.workflow  [0m|[34;20m [Node] Setting-up "mriqc_wf.anatMRIQC.synthstrip_wf.pre_n4" in "/local/nvme/ds006444_07.783915/ds/tmp/mriqc_wf/anatMRIQC/synthstrip_wf/28c10a6f765abaad78343f3a6e39fbbbe5fac64d/pre_n4".[0m
2026-03-27 05:23:14 |[34;20m INFO     [0m|[34;20m nipype.workflow  [0m|[34;20m [Node] Executing "pre_n4" <nipype.interfaces.ants.segmentation.N4BiasFieldCorrection>[0m
2026-03-27 05:23:30 |[34;20m INFO     [0m|[34;20m nipype.workflow  [0m|[34;20m [Node] Finished "pre_n4", elapsed time 15.718196s.[0m
2026-03-27 05:23:32 |[34;20m INFO     [0m|[34;20m nipype.workflow  [0m|[34;20m [Node] Setting-up "mriqc_wf.anatMRIQC.synthstrip_wf.synthstrip" in "/local/nvme/ds006444_07.783915/ds/tmp/mriqc_wf/anatMRIQC/synthstrip_wf/1e474b0a07c2f8ffe22b0b6489b698170d5490e9/synthstrip".[0m
2026-03-27 05:23:32 |[34;20m INFO     [0m|[34;20m nipype.workflow  [0m|[34;20m [Node] Executing "synthstrip" <mriqc.interfaces.synthstrip.SynthStrip>[0m
2026-03-27 05:24:03 |[34;20m INFO     [0m|[34;20m nipype.workflow  [0m|[34;20m [Node] Finished "synthstrip", elapsed time 31.521297s.[0m
2026-03-27 05:24:04 |[34;20m INFO     [0m|[34;20m nipype.workflow  [0m|[34;20m [Node] Setting-up "mriqc_wf.anatMRIQC.synthstrip_wf.synthstrip" in "/local/nvme/ds006444_07.783915/ds/tmp/mriqc_wf/anatMRIQC/synthstrip_wf/28c10a6f765abaad78343f3a6e39fbbbe5fac64d/synthstrip".[0m
2026-03-27 05:24:04 |[34;20m INFO     [0m|[34;20m nipype.workflow  [0m|[34;20m [Node] Executing "synthstrip" <mriqc.interfaces.synthstrip.SynthStrip>[0m
2026-03-27 05:24:26 |[34;20m INFO     [0m|[34;20m nipype.workflow  [0m|[34;20m [Node] Finished "synthstrip", elapsed time 22.448042s.[0m
2026-03-27 05:24:28 |[34;20m INFO     [0m|[34;20m nipype.workflow  [0m|[34;20m [Node] Setting-up "mriqc_wf.anatMRIQC.synthstrip_wf.post_n4" in "/local/nvme/ds006444_07.783915/ds/tmp/mriqc_wf/anatMRIQC/synthstrip_wf/1e474b0a07c2f8ffe22b0b6489b698170d5490e9/post_n4".[0m
2026-03-27 05:24:28 |[34;20m INFO     [0m|[34;20m nipype.workflow  [0m|[34;20m [Node] Executing "post_n4" <nipype.interfaces.ants.segmentation.N4BiasFieldCorrection>[0m
2026-03-27 05:24:35 |[34;20m INFO     [0m|[34;20m nipype.workflow  [0m|[34;20m [Node] Finished "post_n4", elapsed time 7.324998s.[0m
2026-03-27 05:24:36 |[34;20m INFO     [0m|[34;20m nipype.workflow  [0m|[34;20m [Node] Setting-up "mriqc_wf.anatMRIQC.ComputeIQMs.smoothness" in "/local/nvme/ds006444_07.783915/ds/tmp/mriqc_wf/anatMRIQC/ComputeIQMs/1e474b0a07c2f8ffe22b0b6489b698170d5490e9/smoothness".[0m
2026-03-27 05:24:36 |[34;20m INFO     [0m|[34;20m nipype.workflow  [0m|[34;20m [Node] Setting-up "mriqc_wf.anatMRIQC.anat_report_wf.PlotMosaicZoomed" in "/local/nvme/ds006444_07.783915/ds/tmp/mriqc_wf/anatMRIQC/anat_report_wf/1e474b0a07c2f8ffe22b0b6489b698170d5490e9/PlotMosaicZoomed".[0m
2026-03-27 05:24:36 |[34;20m INFO     [0m|[34;20m nipype.workflow  [0m|[34;20m [Node] Setting-up "mriqc_wf.anatMRIQC.ComputeIQMs.smoothness" in "/local/nvme/ds006444_07.783915/ds/tmp/mriqc_wf/anatMRIQC/ComputeIQMs/28c10a6f765abaad78343f3a6e39fbbbe5fac64d/smoothness".[0m
2026-03-27 05:24:36 |[34;20m INFO     [0m|[34;20m nipype.workflow  [0m|[34;20m [Node] Setting-up "mriqc_wf.anatMRIQC.anat_report_wf.PlotMosaicZoomed" in "/local/nvme/ds006444_07.783915/ds/tmp/mriqc_wf/anatMRIQC/anat_report_wf/28c10a6f765abaad78343f3a6e39fbbbe5fac64d/PlotMosaicZoomed".[0m
2026-03-27 05:24:36 |[34;20m INFO     [0m|[34;20m nipype.workflow  [0m|[34;20m [Node] Setting-up "mriqc_wf.anatMRIQC.synthstrip_wf.final_masked" in "/local/nvme/ds006444_07.783915/ds/tmp/mriqc_wf/anatMRIQC/synthstrip_wf/1e474b0a07c2f8ffe22b0b6489b698170d5490e9/final_masked".[0m
2026-03-27 05:24:36 |[34;20m INFO     [0m|[34;20m nipype.workflow  [0m|[34;20m [Node] Setting-up "mriqc_wf.anatMRIQC.anat_report_wf.PlotBrainmask" in "/local/nvme/ds006444_07.783915/ds/tmp/mriqc_wf/anatMRIQC/anat_report_wf/28c10a6f765abaad78343f3a6e39fbbbe5fac64d/PlotBrainmask".[0m
2026-03-27 05:24:36 |[34;20m INFO     [0m|[34;20m nipype.workflow  [0m|[34;20m [Node] Setting-up "mriqc_wf.anatMRIQC.anat_report_wf.PlotBrainmask" in "/local/nvme/ds006444_07.783915/ds/tmp/mriqc_wf/anatMRIQC/anat_report_wf/1e474b0a07c2f8ffe22b0b6489b698170d5490e9/PlotBrainmask".[0m
2026-03-27 05:24:36 |[34;20m INFO     [0m|[34;20m nipype.workflow  [0m|[34;20m [Node] Executing "smoothness" <nipype.interfaces.afni.utils.FWHMx>[0m
2026-03-27 05:24:36 |[34;20m INFO     [0m|[34;20m nipype.workflow  [0m|[34;20m [Node] Executing "smoothness" <nipype.interfaces.afni.utils.FWHMx>[0m
2026-03-27 05:24:36 |[34;20m INFO     [0m|[34;20m nipype.workflow  [0m|[34;20m [Node] Executing "final_masked" <niworkflows.interfaces.nibabel.ApplyMask>[0m
2026-03-27 05:24:36 |[34;20m INFO     [0m|[34;20m nipype.workflow  [0m|[34;20m [Node] Executing "PlotMosaicZoomed" <nireports.interfaces.mosaic.PlotMosaic>[0m
2026-03-27 05:24:36 |[34;20m INFO     [0m|[34;20m nipype.workflow  [0m|[34;20m [Node] Executing "PlotBrainmask" <nireports.interfaces.mosaic.PlotContours>[0m
2026-03-27 05:24:36 |[34;20m INFO     [0m|[34;20m nipype.workflow  [0m|[34;20m [Node] Executing "PlotMosaicZoomed" <nireports.interfaces.mosaic.PlotMosaic>[0m
2026-03-27 05:24:36 |[34;20m INFO     [0m|[34;20m nipype.workflow  [0m|[34;20m [Node] Executing "PlotBrainmask" <nireports.interfaces.mosaic.PlotContours>[0m
2026-03-27 05:24:36 |[34;20m INFO     [0m|[34;20m nipype.workflow  [0m|[34;20m [Node] Finished "final_masked", elapsed time 0.293482s.[0m
2026-03-27 05:24:40 |[34;20m INFO     [0m|[34;20m nipype.workflow  [0m|[34;20m [Node] Finished "PlotMosaicZoomed", elapsed time 4.096522s.[0m
2026-03-27 05:24:40 |[34;20m INFO     [0m|[34;20m nipype.workflow  [0m|[34;20m [Node] Finished "PlotMosaicZoomed", elapsed time 4.143383s.[0m
2026-03-27 05:24:41 |[34;20m INFO     [0m|[34;20m nipype.workflow  [0m|[34;20m [Node] Finished "smoothness", elapsed time 4.998839s.[0m
2026-03-27 05:24:41 |[34;20m INFO     [0m|[34;20m nipype.workflow  [0m|[34;20m [Node] Finished "smoothness", elapsed time 5.290189s.[0m
2026-03-27 05:24:42 |[34;20m INFO     [0m|[34;20m nipype.workflow  [0m|[34;20m [Node] Setting-up "mriqc_wf.anatMRIQC.anat_report_wf.ds_report_zoomed" in "/local/nvme/ds006444_07.783915/ds/tmp/mriqc_wf/anatMRIQC/anat_report_wf/1e474b0a07c2f8ffe22b0b6489b698170d5490e9/ds_report_zoomed".[0m
2026-03-27 05:24:42 |[34;20m INFO     [0m|[34;20m nipype.workflow  [0m|[34;20m [Node] Executing "ds_report_zoomed" <mriqc.interfaces.DerivativesDataSink>[0m
2026-03-27 05:24:42 |[34;20m INFO     [0m|[34;20m nipype.workflow  [0m|[34;20m [Node] Finished "ds_report_zoomed", elapsed time 0.005034s.[0m
2026-03-27 05:24:42 |[34;20m INFO     [0m|[34;20m nipype.workflow  [0m|[34;20m [Node] Finished "PlotBrainmask", elapsed time 6.010696s.[0m
2026-03-27 05:24:42 |[34;20m INFO     [0m|[34;20m nipype.workflow  [0m|[34;20m [Node] Setting-up "mriqc_wf.anatMRIQC.anat_report_wf.ds_report_zoomed" in "/local/nvme/ds006444_07.783915/ds/tmp/mriqc_wf/anatMRIQC/anat_report_wf/28c10a6f765abaad78343f3a6e39fbbbe5fac64d/ds_report_zoomed".[0m
2026-03-27 05:24:42 |[34;20m INFO     [0m|[34;20m nipype.workflow  [0m|[34;20m [Node] Executing "ds_report_zoomed" <mriqc.interfaces.DerivativesDataSink>[0m
2026-03-27 05:24:42 |[34;20m INFO     [0m|[34;20m nipype.workflow  [0m|[34;20m [Node] Finished "ds_report_zoomed", elapsed time 0.004854s.[0m
2026-03-27 05:24:42 |[34;20m INFO     [0m|[34;20m nipype.workflow  [0m|[34;20m [Node] Finished "PlotBrainmask", elapsed time 6.787655s.[0m
2026-03-27 05:24:44 |[34;20m INFO     [0m|[34;20m nipype.workflow  [0m|[34;20m [Node] Setting-up "mriqc_wf.anatMRIQC.synthstrip_wf.post_n4" in "/local/nvme/ds006444_07.783915/ds/tmp/mriqc_wf/anatMRIQC/synthstrip_wf/28c10a6f765abaad78343f3a6e39fbbbe5fac64d/post_n4".[0m
2026-03-27 05:24:44 |[34;20m INFO     [0m|[34;20m nipype.workflow  [0m|[34;20m [Node] Executing "post_n4" <nipype.interfaces.ants.segmentation.N4BiasFieldCorrection>[0m
2026-03-27 05:24:51 |[34;20m INFO     [0m|[34;20m nipype.workflow  [0m|[34;20m [Node] Finished "post_n4", elapsed time 7.575838s.[0m
2026-03-27 05:24:52 |[34;20m INFO     [0m|[34;20m nipype.workflow  [0m|[34;20m [Node] Setting-up "mriqc_wf.anatMRIQC.SpatialNormalization.SpatialNormalization" in "/local/nvme/ds006444_07.783915/ds/tmp/mriqc_wf/anatMRIQC/SpatialNormalization/1e474b0a07c2f8ffe22b0b6489b698170d5490e9/SpatialNormalization".[0m
2026-03-27 05:24:52 |[34;20m INFO     [0m|[34;20m nipype.workflow  [0m|[34;20m [Node] Executing "SpatialNormalization" <niworkflows.interfaces.reportlets.registration.SpatialNormalizationRPT>[0m
2026-03-27 05:24:54 |[34;20m INFO     [0m|[34;20m niworkflows      [0m|[34;20m Estimating initial transform using AffineInitializer[0m
2026-03-27 05:25:08 |[34;20m INFO     [0m|[34;20m niworkflows      [0m|[34;20m Terminal outputs of initialization saved (/local/nvme/ds006444_07.783915/ds/tmp/mriqc_wf/anatMRIQC/SpatialNormalization/1e474b0a07c2f8ffe22b0b6489b698170d5490e9/SpatialNormalization/stderr.nipype-init).[0m
2026-03-27 05:25:08 |[34;20m INFO     [0m|[34;20m niworkflows      [0m|[34;20m Loading settings from file /opt/conda/lib/python3.11/site-packages/niworkflows/data/t1w-mni_registration_testing_000.json.[0m
2026-03-27 05:25:08 |[34;20m INFO     [0m|[34;20m niworkflows      [0m|[34;20m Retry #1, commandline: 
antsRegistration --collapse-output-transforms 1 --dimensionality 3 --float 0 --initial-moving-transform [ /local/nvme/ds006444_07.783915/ds/tmp/mriqc_wf/anatMRIQC/SpatialNormalization/1e474b0a07c2f8ffe22b0b6489b698170d5490e9/SpatialNormalization/transform.mat, 0 ] --initialize-transforms-per-stage 0 --interpolation LanczosWindowedSinc --output [ ants_t1_to_mni, ants_t1_to_mni_Warped.nii.gz ] --transform Rigid[ 1.0 ] --metric Mattes[ /local/nvme/ds006444_07.783915/ds/tmp/mriqc_wf/anatMRIQC/SpatialNormalization/1e474b0a07c2f8ffe22b0b6489b698170d5490e9/SpatialNormalization/fixed_masked.nii.gz, /local/nvme/ds006444_07.783915/ds/tmp/mriqc_wf/anatMRIQC/SpatialNormalization/1e474b0a07c2f8ffe22b0b6489b698170d5490e9/SpatialNormalization/moving_masked.nii.gz, 1, 56, Random, 0.2 ] --convergence [ 20, 1e-07, 15 ] --smoothing-sigmas 4.0vox --shrink-factors 2 --use-histogram-matching 0 --transform Affine[ 1.0 ] --metric Mattes[ /local/nvme/ds006444_07.783915/ds/tmp/mriqc_wf/anatMRIQC/SpatialNormalization/1e474b0a07c2f8ffe22b0b6489b698170d5490e9/SpatialNormalization/fixed_masked.nii.gz, /local/nvme/ds006444_07.783915/ds/tmp/mriqc_wf/anatMRIQC/SpatialNormalization/1e474b0a07c2f8ffe22b0b6489b698170d5490e9/SpatialNormalization/moving_masked.nii.gz, 1, 56, Random, 0.1 ] --convergence [ 15, 1e-08, 5 ] --smoothing-sigmas 2.0vox --shrink-factors 1 --use-histogram-matching 1 --winsorize-image-intensities [ 0.005, 0.995 ]  --write-composite-transform 1[0m
2026-03-27 05:25:11 |[34;20m INFO     [0m|[34;20m niworkflows      [0m|[34;20m Successful spatial normalization (retry #1).[0m
2026-03-27 05:25:15 |[34;20m INFO     [0m|[34;20m niworkflows      [0m|[34;20m Report - setting fixed (/local/nvme/ds006444_07.783915/ds/tmp/mriqc_wf/anatMRIQC/SpatialNormalization/1e474b0a07c2f8ffe22b0b6489b698170d5490e9/SpatialNormalization/fixed_masked.nii.gz) and moving (/local/nvme/ds006444_07.783915/ds/tmp/mriqc_wf/anatMRIQC/SpatialNormalization/1e474b0a07c2f8ffe22b0b6489b698170d5490e9/SpatialNormalization/ants_t1_to_mni_Warped.nii.gz) images[0m
2026-03-27 05:25:15 |[34;20m INFO     [0m|[34;20m niworkflows      [0m|[34;20m Generating visual report[0m
2026-03-27 05:25:30 |[34;20m INFO     [0m|[34;20m nipype.workflow  [0m|[34;20m [Node] Finished "SpatialNormalization", elapsed time 38.740922s.[0m
2026-03-27 05:25:32 |[34;20m INFO     [0m|[34;20m nipype.workflow  [0m|[34;20m [Node] Setting-up "mriqc_wf.anatMRIQC.anat_report_wf.ds_report_bmask" in "/local/nvme/ds006444_07.783915/ds/tmp/mriqc_wf/anatMRIQC/anat_report_wf/1e474b0a07c2f8ffe22b0b6489b698170d5490e9/ds_report_bmask".[0m
2026-03-27 05:25:32 |[34;20m INFO     [0m|[34;20m nipype.workflow  [0m|[34;20m [Node] Executing "ds_report_bmask" <mriqc.interfaces.DerivativesDataSink>[0m
2026-03-27 05:25:32 |[34;20m INFO     [0m|[34;20m nipype.workflow  [0m|[34;20m [Node] Finished "ds_report_bmask", elapsed time 0.005226s.[0m
2026-03-27 05:25:32 |[34;20m INFO     [0m|[34;20m nipype.workflow  [0m|[34;20m [Node] Setting-up "mriqc_wf.anatMRIQC.anat_report_wf.ds_report_bmask" in "/local/nvme/ds006444_07.783915/ds/tmp/mriqc_wf/anatMRIQC/anat_report_wf/28c10a6f765abaad78343f3a6e39fbbbe5fac64d/ds_report_bmask".[0m
2026-03-27 05:25:32 |[34;20m INFO     [0m|[34;20m nipype.workflow  [0m|[34;20m [Node] Setting-up "mriqc_wf.anatMRIQC.synthstrip_wf.final_masked" in "/local/nvme/ds006444_07.783915/ds/tmp/mriqc_wf/anatMRIQC/synthstrip_wf/28c10a6f765abaad78343f3a6e39fbbbe5fac64d/final_masked".[0m
2026-03-27 05:25:32 |[34;20m INFO     [0m|[34;20m nipype.workflow  [0m|[34;20m [Node] Executing "ds_report_bmask" <mriqc.interfaces.DerivativesDataSink>[0m
2026-03-27 05:25:32 |[34;20m INFO     [0m|[34;20m nipype.workflow  [0m|[34;20m [Node] Finished "ds_report_bmask", elapsed time 0.00647s.[0m
2026-03-27 05:25:32 |[34;20m INFO     [0m|[34;20m nipype.workflow  [0m|[34;20m [Node] Executing "final_masked" <niworkflows.interfaces.nibabel.ApplyMask>[0m
2026-03-27 05:25:32 |[34;20m INFO     [0m|[34;20m nipype.workflow  [0m|[34;20m [Node] Setting-up "mriqc_wf.anatMRIQC.anat_report_wf.ds_report_norm" in "/local/nvme/ds006444_07.783915/ds/tmp/mriqc_wf/anatMRIQC/anat_report_wf/1e474b0a07c2f8ffe22b0b6489b698170d5490e9/ds_report_norm".[0m
2026-03-27 05:25:32 |[34;20m INFO     [0m|[34;20m nipype.workflow  [0m|[34;20m [Node] Executing "ds_report_norm" <mriqc.interfaces.DerivativesDataSink>[0m
2026-03-27 05:25:32 |[34;20m INFO     [0m|[34;20m nipype.workflow  [0m|[34;20m [Node] Finished "ds_report_norm", elapsed time 0.004965s.[0m
2026-03-27 05:25:32 |[34;20m INFO     [0m|[34;20m nipype.workflow  [0m|[34;20m [Node] Finished "final_masked", elapsed time 0.287487s.[0m
2026-03-27 05:25:34 |[34;20m INFO     [0m|[34;20m nipype.workflow  [0m|[34;20m [Node] Setting-up "mriqc_wf.anatMRIQC.SpatialNormalization.SpatialNormalization" in "/local/nvme/ds006444_07.783915/ds/tmp/mriqc_wf/anatMRIQC/SpatialNormalization/28c10a6f765abaad78343f3a6e39fbbbe5fac64d/SpatialNormalization".[0m
2026-03-27 05:25:34 |[34;20m INFO     [0m|[34;20m nipype.workflow  [0m|[34;20m [Node] Executing "SpatialNormalization" <niworkflows.interfaces.reportlets.registration.SpatialNormalizationRPT>[0m
2026-03-27 05:25:35 |[34;20m INFO     [0m|[34;20m niworkflows      [0m|[34;20m Estimating initial transform using AffineInitializer[0m
2026-03-27 05:25:47 |[34;20m INFO     [0m|[34;20m niworkflows      [0m|[34;20m Loading settings from file /opt/conda/lib/python3.11/site-packages/niworkflows/data/t1w-mni_registration_testing_000.json.[0m
2026-03-27 05:25:47 |[34;20m INFO     [0m|[34;20m niworkflows      [0m|[34;20m Retry #1, commandline: 
antsRegistration --collapse-output-transforms 1 --dimensionality 3 --float 0 --initial-moving-transform [ /local/nvme/ds006444_07.783915/ds/tmp/mriqc_wf/anatMRIQC/SpatialNormalization/28c10a6f765abaad78343f3a6e39fbbbe5fac64d/SpatialNormalization/transform.mat, 0 ] --initialize-transforms-per-stage 0 --interpolation LanczosWindowedSinc --output [ ants_t1_to_mni, ants_t1_to_mni_Warped.nii.gz ] --transform Rigid[ 1.0 ] --metric Mattes[ /local/nvme/ds006444_07.783915/ds/tmp/mriqc_wf/anatMRIQC/SpatialNormalization/28c10a6f765abaad78343f3a6e39fbbbe5fac64d/SpatialNormalization/fixed_masked.nii.gz, /local/nvme/ds006444_07.783915/ds/tmp/mriqc_wf/anatMRIQC/SpatialNormalization/28c10a6f765abaad78343f3a6e39fbbbe5fac64d/SpatialNormalization/moving_masked.nii.gz, 1, 56, Random, 0.2 ] --convergence [ 20, 1e-07, 15 ] --smoothing-sigmas 4.0vox --shrink-factors 2 --use-histogram-matching 0 --transform Affine[ 1.0 ] --metric Mattes[ /local/nvme/ds006444_07.783915/ds/tmp/mriqc_wf/anatMRIQC/SpatialNormalization/28c10a6f765abaad78343f3a6e39fbbbe5fac64d/SpatialNormalization/fixed_masked.nii.gz, /local/nvme/ds006444_07.783915/ds/tmp/mriqc_wf/anatMRIQC/SpatialNormalization/28c10a6f765abaad78343f3a6e39fbbbe5fac64d/SpatialNormalization/moving_masked.nii.gz, 1, 56, Random, 0.1 ] --convergence [ 15, 1e-08, 5 ] --smoothing-sigmas 2.0vox --shrink-factors 1 --use-histogram-matching 1 --winsorize-image-intensities [ 0.005, 0.995 ]  --write-composite-transform 1[0m
2026-03-27 05:25:51 |[34;20m INFO     [0m|[34;20m niworkflows      [0m|[34;20m Successful spatial normalization (retry #1).[0m
2026-03-27 05:25:54 |[34;20m INFO     [0m|[34;20m niworkflows      [0m|[34;20m Report - setting fixed (/local/nvme/ds006444_07.783915/ds/tmp/mriqc_wf/anatMRIQC/SpatialNormalization/28c10a6f765abaad78343f3a6e39fbbbe5fac64d/SpatialNormalization/fixed_masked.nii.gz) and moving (/local/nvme/ds006444_07.783915/ds/tmp/mriqc_wf/anatMRIQC/SpatialNormalization/28c10a6f765abaad78343f3a6e39fbbbe5fac64d/SpatialNormalization/ants_t1_to_mni_Warped.nii.gz) images[0m
2026-03-27 05:25:54 |[34;20m INFO     [0m|[34;20m niworkflows      [0m|[34;20m Generating visual report[0m
2026-03-27 05:26:08 |[34;20m INFO     [0m|[34;20m nipype.workflow  [0m|[34;20m [Node] Finished "SpatialNormalization", elapsed time 34.720828s.[0m
2026-03-27 05:26:10 |[34;20m INFO     [0m|[34;20m nipype.workflow  [0m|[34;20m [Node] Setting-up "mriqc_wf.anatMRIQC.anat_report_wf.ds_report_norm" in "/local/nvme/ds006444_07.783915/ds/tmp/mriqc_wf/anatMRIQC/anat_report_wf/28c10a6f765abaad78343f3a6e39fbbbe5fac64d/ds_report_norm".[0m
2026-03-27 05:26:10 |[34;20m INFO     [0m|[34;20m nipype.workflow  [0m|[34;20m [Node] Executing "ds_report_norm" <mriqc.interfaces.DerivativesDataSink>[0m
2026-03-27 05:26:10 |[34;20m INFO     [0m|[34;20m nipype.workflow  [0m|[34;20m [Node] Finished "ds_report_norm", elapsed time 0.004989s.[0m
2026-03-27 05:26:10 |[34;20m INFO     [0m|[34;20m nipype.workflow  [0m|[34;20m [Node] Setting-up "_tpms_std2t1w0" in "/local/nvme/ds006444_07.783915/ds/tmp/mriqc_wf/anatMRIQC/SpatialNormalization/1e474b0a07c2f8ffe22b0b6489b698170d5490e9/tpms_std2t1w/mapflow/_tpms_std2t1w0".[0m
2026-03-27 05:26:10 |[34;20m INFO     [0m|[34;20m nipype.workflow  [0m|[34;20m [Node] Setting-up "_tpms_std2t1w1" in "/local/nvme/ds006444_07.783915/ds/tmp/mriqc_wf/anatMRIQC/SpatialNormalization/1e474b0a07c2f8ffe22b0b6489b698170d5490e9/tpms_std2t1w/mapflow/_tpms_std2t1w1".[0m
2026-03-27 05:26:10 |[34;20m INFO     [0m|[34;20m nipype.workflow  [0m|[34;20m [Node] Setting-up "_tpms_std2t1w2" in "/local/nvme/ds006444_07.783915/ds/tmp/mriqc_wf/anatMRIQC/SpatialNormalization/1e474b0a07c2f8ffe22b0b6489b698170d5490e9/tpms_std2t1w/mapflow/_tpms_std2t1w2".[0m
2026-03-27 05:26:10 |[34;20m INFO     [0m|[34;20m nipype.workflow  [0m|[34;20m [Node] Executing "_tpms_std2t1w1" <niworkflows.interfaces.fixes.FixHeaderApplyTransforms>[0m
2026-03-27 05:26:10 |[34;20m INFO     [0m|[34;20m nipype.workflow  [0m|[34;20m [Node] Executing "_tpms_std2t1w0" <niworkflows.interfaces.fixes.FixHeaderApplyTransforms>[0m
2026-03-27 05:26:10 |[34;20m INFO     [0m|[34;20m nipype.workflow  [0m|[34;20m [Node] Executing "_tpms_std2t1w2" <niworkflows.interfaces.fixes.FixHeaderApplyTransforms>[0m
2026-03-27 05:26:12 |[34;20m INFO     [0m|[34;20m nipype.workflow  [0m|[34;20m [Node] Setting-up "_tpms_std2t1w0" in "/local/nvme/ds006444_07.783915/ds/tmp/mriqc_wf/anatMRIQC/SpatialNormalization/28c10a6f765abaad78343f3a6e39fbbbe5fac64d/tpms_std2t1w/mapflow/_tpms_std2t1w0".[0m
2026-03-27 05:26:12 |[34;20m INFO     [0m|[34;20m nipype.workflow  [0m|[34;20m [Node] Setting-up "_tpms_std2t1w1" in "/local/nvme/ds006444_07.783915/ds/tmp/mriqc_wf/anatMRIQC/SpatialNormalization/28c10a6f765abaad78343f3a6e39fbbbe5fac64d/tpms_std2t1w/mapflow/_tpms_std2t1w1".[0m
2026-03-27 05:26:12 |[34;20m INFO     [0m|[34;20m nipype.workflow  [0m|[34;20m [Node] Setting-up "_tpms_std2t1w2" in "/local/nvme/ds006444_07.783915/ds/tmp/mriqc_wf/anatMRIQC/SpatialNormalization/28c10a6f765abaad78343f3a6e39fbbbe5fac64d/tpms_std2t1w/mapflow/_tpms_std2t1w2".[0m
2026-03-27 05:26:12 |[34;20m INFO     [0m|[34;20m nipype.workflow  [0m|[34;20m [Node] Executing "_tpms_std2t1w0" <niworkflows.interfaces.fixes.FixHeaderApplyTransforms>[0m
2026-03-27 05:26:12 |[34;20m INFO     [0m|[34;20m nipype.workflow  [0m|[34;20m [Node] Executing "_tpms_std2t1w1" <niworkflows.interfaces.fixes.FixHeaderApplyTransforms>[0m
2026-03-27 05:26:12 |[34;20m INFO     [0m|[34;20m nipype.workflow  [0m|[34;20m [Node] Executing "_tpms_std2t1w2" <niworkflows.interfaces.fixes.FixHeaderApplyTransforms>[0m
2026-03-27 05:26:17 |[34;20m INFO     [0m|[34;20m nipype.workflow  [0m|[34;20m [Node] Finished "_tpms_std2t1w0", elapsed time 7.203143s.[0m
2026-03-27 05:26:17 |[34;20m INFO     [0m|[34;20m nipype.workflow  [0m|[34;20m [Node] Finished "_tpms_std2t1w1", elapsed time 7.220316s.[0m
2026-03-27 05:26:17 |[34;20m INFO     [0m|[34;20m nipype.workflow  [0m|[34;20m [Node] Finished "_tpms_std2t1w2", elapsed time 7.268857s.[0m
2026-03-27 05:26:18 |[34;20m INFO     [0m|[34;20m nipype.workflow  [0m|[34;20m [Node] Setting-up "_tpms_std2t1w0" in "/local/nvme/ds006444_07.783915/ds/tmp/mriqc_wf/anatMRIQC/SpatialNormalization/1e474b0a07c2f8ffe22b0b6489b698170d5490e9/tpms_std2t1w/mapflow/_tpms_std2t1w0".[0m
2026-03-27 05:26:18 |[34;20m INFO     [0m|[34;20m nipype.workflow  [0m|[34;20m [Node] Cached "_tpms_std2t1w0" - collecting precomputed outputs[0m
2026-03-27 05:26:18 |[34;20m INFO     [0m|[34;20m nipype.workflow  [0m|[34;20m [Node] "_tpms_std2t1w0" found cached.[0m
2026-03-27 05:26:18 |[34;20m INFO     [0m|[34;20m nipype.workflow  [0m|[34;20m [Node] Setting-up "_tpms_std2t1w1" in "/local/nvme/ds006444_07.783915/ds/tmp/mriqc_wf/anatMRIQC/SpatialNormalization/1e474b0a07c2f8ffe22b0b6489b698170d5490e9/tpms_std2t1w/mapflow/_tpms_std2t1w1".[0m
2026-03-27 05:26:18 |[34;20m INFO     [0m|[34;20m nipype.workflow  [0m|[34;20m [Node] Cached "_tpms_std2t1w1" - collecting precomputed outputs[0m
2026-03-27 05:26:18 |[34;20m INFO     [0m|[34;20m nipype.workflow  [0m|[34;20m [Node] "_tpms_std2t1w1" found cached.[0m
2026-03-27 05:26:18 |[34;20m INFO     [0m|[34;20m nipype.workflow  [0m|[34;20m [Node] Setting-up "_tpms_std2t1w2" in "/local/nvme/ds006444_07.783915/ds/tmp/mriqc_wf/anatMRIQC/SpatialNormalization/1e474b0a07c2f8ffe22b0b6489b698170d5490e9/tpms_std2t1w/mapflow/_tpms_std2t1w2".[0m
2026-03-27 05:26:18 |[34;20m INFO     [0m|[34;20m nipype.workflow  [0m|[34;20m [Node] Cached "_tpms_std2t1w2" - collecting precomputed outputs[0m
2026-03-27 05:26:18 |[34;20m INFO     [0m|[34;20m nipype.workflow  [0m|[34;20m [Node] "_tpms_std2t1w2" found cached.[0m
2026-03-27 05:26:19 |[34;20m INFO     [0m|[34;20m nipype.workflow  [0m|[34;20m [Node] Finished "_tpms_std2t1w2", elapsed time 7.055449s.[0m
2026-03-27 05:26:19 |[34;20m INFO     [0m|[34;20m nipype.workflow  [0m|[34;20m [Node] Finished "_tpms_std2t1w1", elapsed time 7.140807s.[0m
2026-03-27 05:26:19 |[34;20m INFO     [0m|[34;20m nipype.workflow  [0m|[34;20m [Node] Finished "_tpms_std2t1w0", elapsed time 6.989754s.[0m
2026-03-27 05:26:20 |[34;20m INFO     [0m|[34;20m nipype.workflow  [0m|[34;20m [Node] Setting-up "mriqc_wf.anatMRIQC.HeadMaskWorkflow.Enhance" in "/local/nvme/ds006444_07.783915/ds/tmp/mriqc_wf/anatMRIQC/HeadMaskWorkflow/1e474b0a07c2f8ffe22b0b6489b698170d5490e9/Enhance".[0m
2026-03-27 05:26:20 |[34;20m INFO     [0m|[34;20m nipype.workflow  [0m|[34;20m [Node] Setting-up "mriqc_wf.anatMRIQC.brain_tissue_segmentation.format_tpm_names" in "/local/nvme/ds006444_07.783915/ds/tmp/mriqc_wf/anatMRIQC/brain_tissue_segmentation/1e474b0a07c2f8ffe22b0b6489b698170d5490e9/format_tpm_names".[0m
2026-03-27 05:26:20 |[34;20m INFO     [0m|[34;20m nipype.workflow  [0m|[34;20m [Node] Executing "format_tpm_names" <nipype.interfaces.utility.wrappers.Function>[0m
2026-03-27 05:26:20 |[34;20m INFO     [0m|[34;20m nipype.workflow  [0m|[34;20m [Node] Executing "Enhance" <nipype.interfaces.utility.wrappers.Function>[0m
2026-03-27 05:26:20 |[34;20m INFO     [0m|[34;20m nipype.workflow  [0m|[34;20m [Node] Setting-up "_tpms_std2t1w0" in "/local/nvme/ds006444_07.783915/ds/tmp/mriqc_wf/anatMRIQC/SpatialNormalization/28c10a6f765abaad78343f3a6e39fbbbe5fac64d/tpms_std2t1w/mapflow/_tpms_std2t1w0".[0m
2026-03-27 05:26:20 |[34;20m INFO     [0m|[34;20m nipype.workflow  [0m|[34;20m [Node] Cached "_tpms_std2t1w0" - collecting precomputed outputs[0m
2026-03-27 05:26:20 |[34;20m INFO     [0m|[34;20m nipype.workflow  [0m|[34;20m [Node] "_tpms_std2t1w0" found cached.[0m
2026-03-27 05:26:20 |[34;20m INFO     [0m|[34;20m nipype.workflow  [0m|[34;20m [Node] Setting-up "_tpms_std2t1w1" in "/local/nvme/ds006444_07.783915/ds/tmp/mriqc_wf/anatMRIQC/SpatialNormalization/28c10a6f765abaad78343f3a6e39fbbbe5fac64d/tpms_std2t1w/mapflow/_tpms_std2t1w1".[0m
2026-03-27 05:26:20 |[34;20m INFO     [0m|[34;20m nipype.workflow  [0m|[34;20m [Node] Cached "_tpms_std2t1w1" - collecting precomputed outputs[0m
2026-03-27 05:26:20 |[34;20m INFO     [0m|[34;20m nipype.workflow  [0m|[34;20m [Node] "_tpms_std2t1w1" found cached.[0m
2026-03-27 05:26:20 |[34;20m INFO     [0m|[34;20m nipype.workflow  [0m|[34;20m [Node] Setting-up "_tpms_std2t1w2" in "/local/nvme/ds006444_07.783915/ds/tmp/mriqc_wf/anatMRIQC/SpatialNormalization/28c10a6f765abaad78343f3a6e39fbbbe5fac64d/tpms_std2t1w/mapflow/_tpms_std2t1w2".[0m
2026-03-27 05:26:20 |[34;20m INFO     [0m|[34;20m nipype.workflow  [0m|[34;20m [Node] Cached "_tpms_std2t1w2" - collecting precomputed outputs[0m
2026-03-27 05:26:20 |[34;20m INFO     [0m|[34;20m nipype.workflow  [0m|[34;20m [Node] "_tpms_std2t1w2" found cached.[0m
2026-03-27 05:26:21 |[34;20m INFO     [0m|[34;20m nipype.workflow  [0m|[34;20m [Node] Finished "format_tpm_names", elapsed time 1.446347s.[0m
2026-03-27 05:26:22 |[34;20m INFO     [0m|[34;20m nipype.workflow  [0m|[34;20m [Node] Setting-up "mriqc_wf.anatMRIQC.HeadMaskWorkflow.Enhance" in "/local/nvme/ds006444_07.783915/ds/tmp/mriqc_wf/anatMRIQC/HeadMaskWorkflow/28c10a6f765abaad78343f3a6e39fbbbe5fac64d/Enhance".[0m
2026-03-27 05:26:22 |[34;20m INFO     [0m|[34;20m nipype.workflow  [0m|[34;20m [Node] Setting-up "mriqc_wf.anatMRIQC.brain_tissue_segmentation.format_tpm_names" in "/local/nvme/ds006444_07.783915/ds/tmp/mriqc_wf/anatMRIQC/brain_tissue_segmentation/28c10a6f765abaad78343f3a6e39fbbbe5fac64d/format_tpm_names".[0m
2026-03-27 05:26:22 |[34;20m INFO     [0m|[34;20m nipype.workflow  [0m|[34;20m [Node] Executing "Enhance" <nipype.interfaces.utility.wrappers.Function>[0m
2026-03-27 05:26:22 |[34;20m INFO     [0m|[34;20m nipype.workflow  [0m|[34;20m [Node] Executing "format_tpm_names" <nipype.interfaces.utility.wrappers.Function>[0m
2026-03-27 05:26:22 |[34;20m INFO     [0m|[34;20m nipype.workflow  [0m|[34;20m [Node] Finished "Enhance", elapsed time 2.3791729999999998s.[0m
2026-03-27 05:26:23 |[34;20m INFO     [0m|[34;20m nipype.workflow  [0m|[34;20m [Node] Finished "format_tpm_names", elapsed time 1.4722629999999999s.[0m
2026-03-27 05:26:24 |[34;20m INFO     [0m|[34;20m nipype.workflow  [0m|[34;20m [Node] Setting-up "mriqc_wf.anatMRIQC.HeadMaskWorkflow.apply_mask" in "/local/nvme/ds006444_07.783915/ds/tmp/mriqc_wf/anatMRIQC/HeadMaskWorkflow/1e474b0a07c2f8ffe22b0b6489b698170d5490e9/apply_mask".[0m
2026-03-27 05:26:24 |[34;20m INFO     [0m|[34;20m nipype.workflow  [0m|[34;20m [Node] Setting-up "mriqc_wf.anatMRIQC.HeadMaskWorkflow.Grad" in "/local/nvme/ds006444_07.783915/ds/tmp/mriqc_wf/anatMRIQC/HeadMaskWorkflow/1e474b0a07c2f8ffe22b0b6489b698170d5490e9/Grad".[0m
2026-03-27 05:26:24 |[34;20m INFO     [0m|[34;20m nipype.workflow  [0m|[34;20m [Node] Executing "Grad" <nipype.interfaces.utility.wrappers.Function>[0m
2026-03-27 05:26:24 |[34;20m INFO     [0m|[34;20m nipype.workflow  [0m|[34;20m [Node] Executing "apply_mask" <niworkflows.interfaces.nibabel.ApplyMask>[0m
2026-03-27 05:26:24 |[34;20m INFO     [0m|[34;20m nipype.workflow  [0m|[34;20m [Node] Finished "apply_mask", elapsed time 0.286352s.[0m
2026-03-27 05:26:24 |[34;20m INFO     [0m|[34;20m nipype.workflow  [0m|[34;20m [Node] Finished "Enhance", elapsed time 2.368951s.[0m
2026-03-27 05:26:26 |[34;20m INFO     [0m|[34;20m nipype.workflow  [0m|[34;20m [Node] Setting-up "mriqc_wf.anatMRIQC.HeadMaskWorkflow.apply_mask" in "/local/nvme/ds006444_07.783915/ds/tmp/mriqc_wf/anatMRIQC/HeadMaskWorkflow/28c10a6f765abaad78343f3a6e39fbbbe5fac64d/apply_mask".[0m
2026-03-27 05:26:26 |[34;20m INFO     [0m|[34;20m nipype.workflow  [0m|[34;20m [Node] Executing "apply_mask" <niworkflows.interfaces.nibabel.ApplyMask>[0m
2026-03-27 05:26:26 |[34;20m INFO     [0m|[34;20m nipype.workflow  [0m|[34;20m [Node] Setting-up "mriqc_wf.anatMRIQC.HeadMaskWorkflow.Grad" in "/local/nvme/ds006444_07.783915/ds/tmp/mriqc_wf/anatMRIQC/HeadMaskWorkflow/28c10a6f765abaad78343f3a6e39fbbbe5fac64d/Grad".[0m
2026-03-27 05:26:26 |[34;20m INFO     [0m|[34;20m nipype.workflow  [0m|[34;20m [Node] Executing "Grad" <nipype.interfaces.utility.wrappers.Function>[0m
2026-03-27 05:26:26 |[34;20m INFO     [0m|[34;20m nipype.workflow  [0m|[34;20m [Node] Finished "apply_mask", elapsed time 0.279291s.[0m
2026-03-27 05:26:27 |[34;20m INFO     [0m|[34;20m nipype.workflow  [0m|[34;20m [Node] Finished "Grad", elapsed time 3.655696s.[0m
2026-03-27 05:26:28 |[34;20m INFO     [0m|[34;20m nipype.workflow  [0m|[34;20m [Node] Setting-up "mriqc_wf.anatMRIQC.HeadMaskWorkflow.GradientThreshold" in "/local/nvme/ds006444_07.783915/ds/tmp/mriqc_wf/anatMRIQC/HeadMaskWorkflow/1e474b0a07c2f8ffe22b0b6489b698170d5490e9/GradientThreshold".[0m
2026-03-27 05:26:28 |[34;20m INFO     [0m|[34;20m nipype.workflow  [0m|[34;20m [Node] Executing "GradientThreshold" <nipype.interfaces.utility.wrappers.Function>[0m
2026-03-27 05:26:29 |[34;20m INFO     [0m|[34;20m nipype.workflow  [0m|[34;20m [Node] Finished "Grad", elapsed time 3.377637s.[0m
2026-03-27 05:26:30 |[34;20m INFO     [0m|[34;20m nipype.workflow  [0m|[34;20m [Node] Setting-up "mriqc_wf.anatMRIQC.HeadMaskWorkflow.GradientThreshold" in "/local/nvme/ds006444_07.783915/ds/tmp/mriqc_wf/anatMRIQC/HeadMaskWorkflow/28c10a6f765abaad78343f3a6e39fbbbe5fac64d/GradientThreshold".[0m
2026-03-27 05:26:30 |[34;20m INFO     [0m|[34;20m nipype.workflow  [0m|[34;20m [Node] Executing "GradientThreshold" <nipype.interfaces.utility.wrappers.Function>[0m
2026-03-27 05:26:34 |[34;20m INFO     [0m|[34;20m nipype.workflow  [0m|[34;20m [Node] Finished "GradientThreshold", elapsed time 6.383623s.[0m
2026-03-27 05:26:36 |[34;20m INFO     [0m|[34;20m nipype.workflow  [0m|[34;20m [Node] Setting-up "mriqc_wf.anatMRIQC.anat_report_wf.PlotHeadmask" in "/local/nvme/ds006444_07.783915/ds/tmp/mriqc_wf/anatMRIQC/anat_report_wf/1e474b0a07c2f8ffe22b0b6489b698170d5490e9/PlotHeadmask".[0m
2026-03-27 05:26:36 |[34;20m INFO     [0m|[34;20m nipype.workflow  [0m|[34;20m [Node] Setting-up "mriqc_wf.anatMRIQC.AirMaskWorkflow.ArtifactMask" in "/local/nvme/ds006444_07.783915/ds/tmp/mriqc_wf/anatMRIQC/AirMaskWorkflow/1e474b0a07c2f8ffe22b0b6489b698170d5490e9/ArtifactMask".[0m
2026-03-27 05:26:36 |[34;20m INFO     [0m|[34;20m nipype.workflow  [0m|[34;20m [Node] Executing "PlotHeadmask" <nireports.interfaces.mosaic.PlotContours>[0m
2026-03-27 05:26:36 |[34;20m INFO     [0m|[34;20m nipype.workflow  [0m|[34;20m [Node] Executing "ArtifactMask" <mriqc.interfaces.anatomical.ArtifactMask>[0m
2026-03-27 05:26:36 |[34;20m INFO     [0m|[34;20m nipype.workflow  [0m|[34;20m [Node] Finished "GradientThreshold", elapsed time 6.735119s.[0m
2026-03-27 05:26:38 |[34;20m INFO     [0m|[34;20m nipype.workflow  [0m|[34;20m [Node] Setting-up "mriqc_wf.anatMRIQC.AirMaskWorkflow.ArtifactMask" in "/local/nvme/ds006444_07.783915/ds/tmp/mriqc_wf/anatMRIQC/AirMaskWorkflow/28c10a6f765abaad78343f3a6e39fbbbe5fac64d/ArtifactMask".[0m
2026-03-27 05:26:38 |[34;20m INFO     [0m|[34;20m nipype.workflow  [0m|[34;20m [Node] Setting-up "mriqc_wf.anatMRIQC.anat_report_wf.PlotHeadmask" in "/local/nvme/ds006444_07.783915/ds/tmp/mriqc_wf/anatMRIQC/anat_report_wf/28c10a6f765abaad78343f3a6e39fbbbe5fac64d/PlotHeadmask".[0m
2026-03-27 05:26:38 |[34;20m INFO     [0m|[34;20m nipype.workflow  [0m|[34;20m [Node] Executing "PlotHeadmask" <nireports.interfaces.mosaic.PlotContours>[0m
2026-03-27 05:26:38 |[34;20m INFO     [0m|[34;20m nipype.workflow  [0m|[34;20m [Node] Executing "ArtifactMask" <mriqc.interfaces.anatomical.ArtifactMask>[0m
2026-03-27 05:26:39 |[34;20m INFO     [0m|[34;20m nipype.workflow  [0m|[34;20m [Node] Finished "ArtifactMask", elapsed time 3.802438s.[0m
2026-03-27 05:26:40 |[34;20m INFO     [0m|[34;20m nipype.workflow  [0m|[34;20m [Node] Setting-up "mriqc_wf.anatMRIQC.ComputeIQMs.provenance" in "/local/nvme/ds006444_07.783915/ds/tmp/mriqc_wf/anatMRIQC/ComputeIQMs/1e474b0a07c2f8ffe22b0b6489b698170d5490e9/provenance".[0m
2026-03-27 05:26:40 |[34;20m INFO     [0m|[34;20m nipype.workflow  [0m|[34;20m [Node] Executing "provenance" <mriqc.interfaces.reports.AddProvenance>[0m
2026-03-27 05:26:40 |[34;20m INFO     [0m|[34;20m nipype.workflow  [0m|[34;20m [Node] Finished "provenance", elapsed time 0.067746s.[0m
2026-03-27 05:26:40 |[34;20m INFO     [0m|[34;20m nipype.workflow  [0m|[34;20m [Node] Setting-up "mriqc_wf.anatMRIQC.anat_report_wf.PlotAirmask" in "/local/nvme/ds006444_07.783915/ds/tmp/mriqc_wf/anatMRIQC/anat_report_wf/1e474b0a07c2f8ffe22b0b6489b698170d5490e9/PlotAirmask".[0m
2026-03-27 05:26:40 |[34;20m INFO     [0m|[34;20m nipype.workflow  [0m|[34;20m [Node] Setting-up "mriqc_wf.anatMRIQC.ComputeIQMs.ComputeQI2" in "/local/nvme/ds006444_07.783915/ds/tmp/mriqc_wf/anatMRIQC/ComputeIQMs/1e474b0a07c2f8ffe22b0b6489b698170d5490e9/ComputeQI2".[0m
2026-03-27 05:26:40 |[34;20m INFO     [0m|[34;20m nipype.workflow  [0m|[34;20m [Node] Setting-up "mriqc_wf.anatMRIQC.anat_report_wf.PlotArtmask" in "/local/nvme/ds006444_07.783915/ds/tmp/mriqc_wf/anatMRIQC/anat_report_wf/1e474b0a07c2f8ffe22b0b6489b698170d5490e9/PlotArtmask".[0m
2026-03-27 05:26:40 |[34;20m INFO     [0m|[34;20m nipype.workflow  [0m|[34;20m [Node] Executing "PlotArtmask" <nireports.interfaces.mosaic.PlotContours>[0m
2026-03-27 05:26:40 |[34;20m INFO     [0m|[34;20m nipype.workflow  [0m|[34;20m [Node] Executing "PlotAirmask" <nireports.interfaces.mosaic.PlotContours>[0m
2026-03-27 05:26:40 |[34;20m INFO     [0m|[34;20m nipype.workflow  [0m|[34;20m [Node] Executing "ComputeQI2" <mriqc.interfaces.anatomical.ComputeQI2>[0m
2026-03-27 05:26:40 |[34;20m INFO     [0m|[34;20m nipype.workflow  [0m|[34;20m [Node] Finished "PlotHeadmask", elapsed time 4.29795s.[0m
2026-03-27 05:26:41 |[34;20m INFO     [0m|[34;20m nipype.workflow  [0m|[34;20m [Node] Finished "ArtifactMask", elapsed time 3.323217s.[0m
2026-03-27 05:26:42 |[34;20m INFO     [0m|[34;20m nipype.workflow  [0m|[34;20m [Node] Setting-up "mriqc_wf.anatMRIQC.anat_report_wf.ds_report_headmask" in "/local/nvme/ds006444_07.783915/ds/tmp/mriqc_wf/anatMRIQC/anat_report_wf/1e474b0a07c2f8ffe22b0b6489b698170d5490e9/ds_report_headmask".[0m
2026-03-27 05:26:42 |[34;20m INFO     [0m|[34;20m nipype.workflow  [0m|[34;20m [Node] Executing "ds_report_headmask" <mriqc.interfaces.DerivativesDataSink>[0m
2026-03-27 05:26:42 |[34;20m INFO     [0m|[34;20m nipype.workflow  [0m|[34;20m [Node] Finished "ds_report_headmask", elapsed time 0.005077s.[0m
2026-03-27 05:26:42 |[34;20m INFO     [0m|[34;20m nipype.workflow  [0m|[34;20m [Node] Setting-up "mriqc_wf.anatMRIQC.ComputeIQMs.provenance" in "/local/nvme/ds006444_07.783915/ds/tmp/mriqc_wf/anatMRIQC/ComputeIQMs/28c10a6f765abaad78343f3a6e39fbbbe5fac64d/provenance".[0m
2026-03-27 05:26:42 |[34;20m INFO     [0m|[34;20m nipype.workflow  [0m|[34;20m [Node] Executing "provenance" <mriqc.interfaces.reports.AddProvenance>[0m
2026-03-27 05:26:42 |[34;20m INFO     [0m|[34;20m nipype.workflow  [0m|[34;20m [Node] Finished "provenance", elapsed time 0.045865s.[0m
2026-03-27 05:26:42 |[34;20m INFO     [0m|[34;20m nipype.workflow  [0m|[34;20m [Node] Setting-up "mriqc_wf.anatMRIQC.ComputeIQMs.ComputeQI2" in "/local/nvme/ds006444_07.783915/ds/tmp/mriqc_wf/anatMRIQC/ComputeIQMs/28c10a6f765abaad78343f3a6e39fbbbe5fac64d/ComputeQI2".[0m
2026-03-27 05:26:42 |[34;20m INFO     [0m|[34;20m nipype.workflow  [0m|[34;20m [Node] Setting-up "mriqc_wf.anatMRIQC.anat_report_wf.PlotArtmask" in "/local/nvme/ds006444_07.783915/ds/tmp/mriqc_wf/anatMRIQC/anat_report_wf/28c10a6f765abaad78343f3a6e39fbbbe5fac64d/PlotArtmask".[0m
2026-03-27 05:26:42 |[34;20m INFO     [0m|[34;20m nipype.workflow  [0m|[34;20m [Node] Setting-up "mriqc_wf.anatMRIQC.anat_report_wf.PlotAirmask" in "/local/nvme/ds006444_07.783915/ds/tmp/mriqc_wf/anatMRIQC/anat_report_wf/28c10a6f765abaad78343f3a6e39fbbbe5fac64d/PlotAirmask".[0m
2026-03-27 05:26:42 |[34;20m INFO     [0m|[34;20m nipype.workflow  [0m|[34;20m [Node] Executing "PlotArtmask" <nireports.interfaces.mosaic.PlotContours>[0m
2026-03-27 05:26:42 |[34;20m INFO     [0m|[34;20m nipype.workflow  [0m|[34;20m [Node] Executing "PlotAirmask" <nireports.interfaces.mosaic.PlotContours>[0m
2026-03-27 05:26:42 |[34;20m INFO     [0m|[34;20m nipype.workflow  [0m|[34;20m [Node] Executing "ComputeQI2" <mriqc.interfaces.anatomical.ComputeQI2>[0m
2026-03-27 05:26:44 |[34;20m INFO     [0m|[34;20m nipype.workflow  [0m|[34;20m [Node] Finished "PlotHeadmask", elapsed time 5.8805250000000004s.[0m
2026-03-27 05:26:44 |[34;20m INFO     [0m|[34;20m nipype.workflow  [0m|[34;20m [Node] Finished "PlotArtmask", elapsed time 4.181083s.[0m
2026-03-27 05:26:45 |[34;20m INFO     [0m|[34;20m nipype.workflow  [0m|[34;20m [Node] Finished "PlotArtmask", elapsed time 3.126326s.[0m
2026-03-27 05:26:46 |[34;20m INFO     [0m|[34;20m nipype.workflow  [0m|[34;20m [Node] Setting-up "mriqc_wf.anatMRIQC.anat_report_wf.ds_report_headmask" in "/local/nvme/ds006444_07.783915/ds/tmp/mriqc_wf/anatMRIQC/anat_report_wf/28c10a6f765abaad78343f3a6e39fbbbe5fac64d/ds_report_headmask".[0m
2026-03-27 05:26:46 |[34;20m INFO     [0m|[34;20m nipype.workflow  [0m|[34;20m [Node] Executing "ds_report_headmask" <mriqc.interfaces.DerivativesDataSink>[0m
2026-03-27 05:26:46 |[34;20m INFO     [0m|[34;20m nipype.workflow  [0m|[34;20m [Node] Finished "ds_report_headmask", elapsed time 0.005029s.[0m
2026-03-27 05:26:46 |[34;20m INFO     [0m|[34;20m nipype.workflow  [0m|[34;20m [Node] Setting-up "mriqc_wf.anatMRIQC.anat_report_wf.ds_report_artmask" in "/local/nvme/ds006444_07.783915/ds/tmp/mriqc_wf/anatMRIQC/anat_report_wf/1e474b0a07c2f8ffe22b0b6489b698170d5490e9/ds_report_artmask".[0m
2026-03-27 05:26:46 |[34;20m INFO     [0m|[34;20m nipype.workflow  [0m|[34;20m [Node] Executing "ds_report_artmask" <mriqc.interfaces.DerivativesDataSink>[0m
2026-03-27 05:26:46 |[34;20m INFO     [0m|[34;20m nipype.workflow  [0m|[34;20m [Node] Finished "ds_report_artmask", elapsed time 0.005041s.[0m
2026-03-27 05:26:46 |[34;20m INFO     [0m|[34;20m nipype.workflow  [0m|[34;20m [Node] Setting-up "mriqc_wf.anatMRIQC.anat_report_wf.ds_report_artmask" in "/local/nvme/ds006444_07.783915/ds/tmp/mriqc_wf/anatMRIQC/anat_report_wf/28c10a6f765abaad78343f3a6e39fbbbe5fac64d/ds_report_artmask".[0m
2026-03-27 05:26:46 |[34;20m INFO     [0m|[34;20m nipype.workflow  [0m|[34;20m [Node] Executing "ds_report_artmask" <mriqc.interfaces.DerivativesDataSink>[0m
2026-03-27 05:26:46 |[34;20m INFO     [0m|[34;20m nipype.workflow  [0m|[34;20m [Node] Finished "ds_report_artmask", elapsed time 0.005283s.[0m
2026-03-27 05:26:46 |[34;20m INFO     [0m|[34;20m nipype.workflow  [0m|[34;20m [Node] Finished "PlotAirmask", elapsed time 6.382803s.[0m
2026-03-27 05:26:48 |[34;20m INFO     [0m|[34;20m nipype.workflow  [0m|[34;20m [Node] Setting-up "mriqc_wf.anatMRIQC.anat_report_wf.ds_report_airmask" in "/local/nvme/ds006444_07.783915/ds/tmp/mriqc_wf/anatMRIQC/anat_report_wf/1e474b0a07c2f8ffe22b0b6489b698170d5490e9/ds_report_airmask".[0m
2026-03-27 05:26:48 |[34;20m INFO     [0m|[34;20m nipype.workflow  [0m|[34;20m [Node] Executing "ds_report_airmask" <mriqc.interfaces.DerivativesDataSink>[0m
2026-03-27 05:26:48 |[34;20m INFO     [0m|[34;20m nipype.workflow  [0m|[34;20m [Node] Finished "ds_report_airmask", elapsed time 0.004958s.[0m
2026-03-27 05:26:48 |[34;20m INFO     [0m|[34;20m nipype.workflow  [0m|[34;20m [Node] Finished "PlotAirmask", elapsed time 5.814532s.[0m
2026-03-27 05:26:50 |[34;20m INFO     [0m|[34;20m nipype.workflow  [0m|[34;20m [Node] Setting-up "mriqc_wf.anatMRIQC.anat_report_wf.ds_report_airmask" in "/local/nvme/ds006444_07.783915/ds/tmp/mriqc_wf/anatMRIQC/anat_report_wf/28c10a6f765abaad78343f3a6e39fbbbe5fac64d/ds_report_airmask".[0m
2026-03-27 05:26:50 |[34;20m INFO     [0m|[34;20m nipype.workflow  [0m|[34;20m [Node] Executing "ds_report_airmask" <mriqc.interfaces.DerivativesDataSink>[0m
2026-03-27 05:26:50 |[34;20m INFO     [0m|[34;20m nipype.workflow  [0m|[34;20m [Node] Finished "ds_report_airmask", elapsed time 0.00506s.[0m
2026-03-27 05:26:54 |[34;20m INFO     [0m|[34;20m nipype.workflow  [0m|[34;20m [Node] Finished "ComputeQI2", elapsed time 14.583439s.[0m
2026-03-27 05:26:56 |[34;20m INFO     [0m|[34;20m nipype.workflow  [0m|[34;20m [Node] Setting-up "mriqc_wf.anatMRIQC.anat_report_wf.ds_report_noisefit" in "/local/nvme/ds006444_07.783915/ds/tmp/mriqc_wf/anatMRIQC/anat_report_wf/1e474b0a07c2f8ffe22b0b6489b698170d5490e9/ds_report_noisefit".[0m
2026-03-27 05:26:56 |[34;20m INFO     [0m|[34;20m nipype.workflow  [0m|[34;20m [Node] Executing "ds_report_noisefit" <mriqc.interfaces.DerivativesDataSink>[0m
2026-03-27 05:26:56 |[34;20m INFO     [0m|[34;20m nipype.workflow  [0m|[34;20m [Node] Finished "ds_report_noisefit", elapsed time 0.00515s.[0m
2026-03-27 05:26:56 |[34;20m INFO     [0m|[34;20m nipype.workflow  [0m|[34;20m [Node] Finished "ComputeQI2", elapsed time 14.342683s.[0m
2026-03-27 05:26:58 |[34;20m INFO     [0m|[34;20m nipype.workflow  [0m|[34;20m [Node] Setting-up "mriqc_wf.anatMRIQC.brain_tissue_segmentation.segmentation" in "/local/nvme/ds006444_07.783915/ds/tmp/mriqc_wf/anatMRIQC/brain_tissue_segmentation/1e474b0a07c2f8ffe22b0b6489b698170d5490e9/segmentation".[0m
2026-03-27 05:26:58 |[34;20m INFO     [0m|[34;20m nipype.workflow  [0m|[34;20m [Node] Executing "segmentation" <nipype.interfaces.ants.segmentation.Atropos>[0m
2026-03-27 05:27:38 |[34;20m INFO     [0m|[34;20m nipype.workflow  [0m|[34;20m [Node] Finished "segmentation", elapsed time 40.650017s.[0m
2026-03-27 05:27:40 |[34;20m INFO     [0m|[34;20m nipype.workflow  [0m|[34;20m [Node] Setting-up "mriqc_wf.anatMRIQC.brain_tissue_segmentation.segmentation" in "/local/nvme/ds006444_07.783915/ds/tmp/mriqc_wf/anatMRIQC/brain_tissue_segmentation/28c10a6f765abaad78343f3a6e39fbbbe5fac64d/segmentation".[0m
2026-03-27 05:27:40 |[34;20m INFO     [0m|[34;20m nipype.workflow  [0m|[34;20m [Node] Executing "segmentation" <nipype.interfaces.ants.segmentation.Atropos>[0m
2026-03-27 05:28:21 |[34;20m INFO     [0m|[34;20m nipype.workflow  [0m|[34;20m [Node] Finished "segmentation", elapsed time 41.045068s.[0m
2026-03-27 05:28:22 |[34;20m INFO     [0m|[34;20m nipype.workflow  [0m|[34;20m [Node] Setting-up "mriqc_wf.anatMRIQC.ComputeIQMs.harmonize" in "/local/nvme/ds006444_07.783915/ds/tmp/mriqc_wf/anatMRIQC/ComputeIQMs/1e474b0a07c2f8ffe22b0b6489b698170d5490e9/harmonize".[0m
2026-03-27 05:28:22 |[34;20m INFO     [0m|[34;20m nipype.workflow  [0m|[34;20m [Node] Setting-up "mriqc_wf.anatMRIQC.anat_report_wf.ds_report_noisefit" in "/local/nvme/ds006444_07.783915/ds/tmp/mriqc_wf/anatMRIQC/anat_report_wf/28c10a6f765abaad78343f3a6e39fbbbe5fac64d/ds_report_noisefit".[0m
2026-03-27 05:28:22 |[34;20m INFO     [0m|[34;20m nipype.workflow  [0m|[34;20m [Node] Setting-up "mriqc_wf.anatMRIQC.anat_report_wf.PlotSegmentation" in "/local/nvme/ds006444_07.783915/ds/tmp/mriqc_wf/anatMRIQC/anat_report_wf/1e474b0a07c2f8ffe22b0b6489b698170d5490e9/PlotSegmentation".[0m
2026-03-27 05:28:22 |[34;20m INFO     [0m|[34;20m nipype.workflow  [0m|[34;20m [Node] Setting-up "mriqc_wf.anatMRIQC.anat_report_wf.PlotSegmentation" in "/local/nvme/ds006444_07.783915/ds/tmp/mriqc_wf/anatMRIQC/anat_report_wf/28c10a6f765abaad78343f3a6e39fbbbe5fac64d/PlotSegmentation".[0m
2026-03-27 05:28:22 |[34;20m INFO     [0m|[34;20m nipype.workflow  [0m|[34;20m [Node] Executing "harmonize" <mriqc.interfaces.anatomical.Harmonize>[0m
2026-03-27 05:28:22 |[34;20m INFO     [0m|[34;20m nipype.workflow  [0m|[34;20m [Node] Setting-up "mriqc_wf.anatMRIQC.ComputeIQMs.harmonize" in "/local/nvme/ds006444_07.783915/ds/tmp/mriqc_wf/anatMRIQC/ComputeIQMs/28c10a6f765abaad78343f3a6e39fbbbe5fac64d/harmonize".[0m
2026-03-27 05:28:22 |[34;20m INFO     [0m|[34;20m nipype.workflow  [0m|[34;20m [Node] Executing "PlotSegmentation" <nireports.interfaces.mosaic.PlotContours>[0m
2026-03-27 05:28:22 |[34;20m INFO     [0m|[34;20m nipype.workflow  [0m|[34;20m [Node] Executing "ds_report_noisefit" <mriqc.interfaces.DerivativesDataSink>[0m
2026-03-27 05:28:22 |[34;20m INFO     [0m|[34;20m nipype.workflow  [0m|[34;20m [Node] Executing "PlotSegmentation" <nireports.interfaces.mosaic.PlotContours>[0m
2026-03-27 05:28:22 |[34;20m INFO     [0m|[34;20m nipype.workflow  [0m|[34;20m [Node] Executing "harmonize" <mriqc.interfaces.anatomical.Harmonize>[0m
2026-03-27 05:28:22 |[34;20m INFO     [0m|[34;20m nipype.workflow  [0m|[34;20m [Node] Finished "ds_report_noisefit", elapsed time 0.005317s.[0m
2026-03-27 05:28:23 |[34;20m INFO     [0m|[34;20m nipype.workflow  [0m|[34;20m [Node] Finished "harmonize", elapsed time 1.755287s.[0m
2026-03-27 05:28:24 |[34;20m INFO     [0m|[34;20m nipype.workflow  [0m|[34;20m [Node] Setting-up "mriqc_wf.anatMRIQC.ComputeIQMs.measures" in "/local/nvme/ds006444_07.783915/ds/tmp/mriqc_wf/anatMRIQC/ComputeIQMs/1e474b0a07c2f8ffe22b0b6489b698170d5490e9/measures".[0m
2026-03-27 05:28:24 |[34;20m INFO     [0m|[34;20m nipype.workflow  [0m|[34;20m [Node] Executing "measures" <mriqc.interfaces.anatomical.StructuralQC>[0m
2026-03-27 05:28:24 |[34;20m INFO     [0m|[34;20m nipype.workflow  [0m|[34;20m [Node] Finished "harmonize", elapsed time 2.679592s.[0m
2026-03-27 05:28:26 |[34;20m INFO     [0m|[34;20m nipype.workflow  [0m|[34;20m [Node] Setting-up "mriqc_wf.anatMRIQC.ComputeIQMs.measures" in "/local/nvme/ds006444_07.783915/ds/tmp/mriqc_wf/anatMRIQC/ComputeIQMs/28c10a6f765abaad78343f3a6e39fbbbe5fac64d/measures".[0m
2026-03-27 05:28:26 |[34;20m INFO     [0m|[34;20m nipype.workflow  [0m|[34;20m [Node] Executing "measures" <mriqc.interfaces.anatomical.StructuralQC>[0m
2026-03-27 05:28:26 |[34;20m INFO     [0m|[34;20m nipype.workflow  [0m|[34;20m [Node] Finished "PlotSegmentation", elapsed time 4.410432s.[0m
2026-03-27 05:28:28 |[34;20m INFO     [0m|[34;20m nipype.workflow  [0m|[34;20m [Node] Setting-up "mriqc_wf.anatMRIQC.anat_report_wf.ds_report_segm" in "/local/nvme/ds006444_07.783915/ds/tmp/mriqc_wf/anatMRIQC/anat_report_wf/1e474b0a07c2f8ffe22b0b6489b698170d5490e9/ds_report_segm".[0m
2026-03-27 05:28:28 |[34;20m INFO     [0m|[34;20m nipype.workflow  [0m|[34;20m [Node] Executing "ds_report_segm" <mriqc.interfaces.DerivativesDataSink>[0m
2026-03-27 05:28:28 |[34;20m INFO     [0m|[34;20m nipype.workflow  [0m|[34;20m [Node] Finished "ds_report_segm", elapsed time 0.004856s.[0m
2026-03-27 05:28:28 |[34;20m INFO     [0m|[34;20m nipype.workflow  [0m|[34;20m [Node] Finished "PlotSegmentation", elapsed time 6.46839s.[0m
2026-03-27 05:28:30 |[34;20m INFO     [0m|[34;20m nipype.workflow  [0m|[34;20m [Node] Setting-up "mriqc_wf.anatMRIQC.anat_report_wf.ds_report_segm" in "/local/nvme/ds006444_07.783915/ds/tmp/mriqc_wf/anatMRIQC/anat_report_wf/28c10a6f765abaad78343f3a6e39fbbbe5fac64d/ds_report_segm".[0m
2026-03-27 05:28:30 |[34;20m INFO     [0m|[34;20m nipype.workflow  [0m|[34;20m [Node] Executing "ds_report_segm" <mriqc.interfaces.DerivativesDataSink>[0m
2026-03-27 05:28:30 |[34;20m INFO     [0m|[34;20m nipype.workflow  [0m|[34;20m [Node] Finished "ds_report_segm", elapsed time 0.004874s.[0m
2026-03-27 05:28:34 |[93;20m WARNING  [0m|[93;20m nipype.interface [0m|[93;20m Estimated signal variation in the background was too small (MAD=0.0, sigma=11.0962)[0m
2026-03-27 05:28:34 |[93;20m WARNING  [0m|[93;20m nipype.interface [0m|[93;20m Estimated signal variation in the background was too small (MAD=0.0, sigma=11.0962)[0m
2026-03-27 05:28:34 |[93;20m WARNING  [0m|[93;20m nipype.interface [0m|[93;20m Estimated signal variation in the background was too small (MAD=0.0, sigma=11.0962)[0m
2026-03-27 05:28:35 |[93;20m WARNING  [0m|[93;20m nipype.interface [0m|[93;20m Estimated signal variation in the background was too small (MAD=0.0, sigma=11.5269)[0m
2026-03-27 05:28:35 |[93;20m WARNING  [0m|[93;20m nipype.interface [0m|[93;20m Estimated signal variation in the background was too small (MAD=0.0, sigma=11.5269)[0m
2026-03-27 05:28:35 |[93;20m WARNING  [0m|[93;20m nipype.interface [0m|[93;20m Estimated signal variation in the background was too small (MAD=0.0, sigma=11.5269)[0m
2026-03-27 05:29:00 |[34;20m INFO     [0m|[34;20m nipype.workflow  [0m|[34;20m [Node] Finished "measures", elapsed time 34.704247s.[0m
2026-03-27 05:29:02 |[34;20m INFO     [0m|[34;20m nipype.workflow  [0m|[34;20m [Node] Setting-up "mriqc_wf.anatMRIQC.ComputeIQMs.datasink" in "/local/nvme/ds006444_07.783915/ds/tmp/mriqc_wf/anatMRIQC/ComputeIQMs/28c10a6f765abaad78343f3a6e39fbbbe5fac64d/datasink".[0m
2026-03-27 05:29:02 |[34;20m INFO     [0m|[34;20m nipype.workflow  [0m|[34;20m [Node] Executing "datasink" <mriqc.interfaces.bids.IQMFileSink>[0m
2026-03-27 05:29:02 |[34;20m INFO     [0m|[34;20m nipype.workflow  [0m|[34;20m [Node] Finished "datasink", elapsed time 0.002057s.[0m
2026-03-27 05:29:04 |[34;20m INFO     [0m|[34;20m nipype.workflow  [0m|[34;20m [Node] Finished "measures", elapsed time 40.237678s.[0m
2026-03-27 05:29:06 |[34;20m INFO     [0m|[34;20m nipype.workflow  [0m|[34;20m [Node] Setting-up "mriqc_wf.anatMRIQC.ComputeIQMs.datasink" in "/local/nvme/ds006444_07.783915/ds/tmp/mriqc_wf/anatMRIQC/ComputeIQMs/1e474b0a07c2f8ffe22b0b6489b698170d5490e9/datasink".[0m
2026-03-27 05:29:06 |[34;20m INFO     [0m|[34;20m nipype.workflow  [0m|[34;20m [Node] Executing "datasink" <mriqc.interfaces.bids.IQMFileSink>[0m
2026-03-27 05:29:06 |[34;20m INFO     [0m|[34;20m nipype.workflow  [0m|[34;20m [Node] Finished "datasink", elapsed time 0.00057s.[0m
2026-03-27 05:29:08 |[34;20m INFO     [0m|[34;20m nipype.workflow  [0m|[34;20m Generating reports...[0m
2026-03-27 05:29:08 |[34;20m INFO     [0m|[34;20m nipype.workflow  [0m|[34;20m Report generation finished (2 reports).[0m
2026-03-27 05:29:08 |[33;20m IMPORTANT [0m|[33;20m mriqc            [0m|[33;20m Participant level finished successfully averaging 00h 03min 24s per subject.[0m
2026-03-27 05:29:08 |[34;20m INFO     [0m|[34;20m mriqc            [0m|[34;20m Generating BIDS derivatives metadata.[0m
----------------------------------------------------------------
  MRIQC completed (elapsed time 00h 06min 48s).
----------------------------------------------------------------

