------------------------------------------------------------------
  Running MRIQC version 24.1.0.dev0+gd5b13cb5.d20240826
  ----------------------------------------------------------------

  NOTICE
  Copyright © The NiPreps Developers.
  
  This product includes software developed by
  the NiPreps Community (https://nipreps.org/).
  
  Portions of this software were developed at the Department of
  Psychology at Stanford University, Stanford, CA, US.
  
  This software contains code ultimately derived from the
  PCP Quality Assessment Protocol (QAP;
  http://preprocessed-connectomes-project.org/quality-assessment-protocol)
  by C. Craddock, S. Giavasis, D. Clark, Z. Shezhad, and J. Pellman.
  
  This software is also distributed as a Docker container image.
  The bootstrapping file for the image ("Dockerfile") is licensed
  under the MIT License.

  ----------------------------------------------------------------

  * BIDS dataset path: /local/nvme/ds006444_16.783915/ds/sourcedata/raw.
  * Output folder: mriqc.
  * Analysis levels: ['participant'].
------------------------------------------------------------------

2026-03-27 05:22:25 |[33;20m IMPORTANT [0m|[33;20m mriqc            [0m|[33;20m Extracting metadata and entities for 2 input runs of modality 't1w'...[0m
2026-03-27 05:22:25 |[33;20m IMPORTANT [0m|[33;20m mriqc            [0m|[33;20m File size ('t1w'): 0.02|0.02 GB [maximum|average].[0m
2026-03-27 05:22:25 |[34;20m INFO     [0m|[34;20m mriqc            [0m|[34;20m MRIQC config file: /local/nvme/ds006444_16.783915/ds/tmp/config-20260327-052220_30092e20-2394-4179-b790-3d66cfc4ba86.toml.[0m
2026-03-27 05:22:29 |[34;20m INFO     [0m|[34;20m matplotlib.font_manager [0m|[34;20m generated new fontManager[0m
2026-03-27 05:22:30 |[33;20m IMPORTANT [0m|[33;20m mriqc            [0m|[33;20m Building MRIQC's workflows...[0m
2026-03-27 05:22:31 |[34;20m INFO     [0m|[34;20m nipype.workflow  [0m|[34;20m Building anatomical MRIQC workflow for 2 NIfTI files..[0m
2026-03-27 05:22:36 |[33;20m IMPORTANT [0m|[33;20m mriqc            [0m|[33;20m Workflow building finished (exit code 0).[0m
2026-03-27 05:22:41 |[34;20m INFO     [0m|[34;20m nipype.workflow  [0m|[34;20m Workflow mriqc_wf settings: ['check', 'execution', 'logging', 'monitoring'][0m
2026-03-27 05:22:41 |[34;20m INFO     [0m|[34;20m nipype.workflow  [0m|[34;20m [Node] Setting-up "mriqc_wf.anatMRIQC.conform" in "/local/nvme/ds006444_16.783915/ds/tmp/mriqc_wf/anatMRIQC/f547be37eee7acca9dd47210c361921f5877d171/conform".[0m
2026-03-27 05:22:41 |[34;20m INFO     [0m|[34;20m nipype.workflow  [0m|[34;20m [Node] Setting-up "mriqc_wf.anatMRIQC.conform" in "/local/nvme/ds006444_16.783915/ds/tmp/mriqc_wf/anatMRIQC/1d0d98adb910509ebb5ebcfb1805fb42e3041484/conform".[0m
2026-03-27 05:22:41 |[34;20m INFO     [0m|[34;20m nipype.workflow  [0m|[34;20m [Node] Executing "conform" <mriqc.interfaces.common.conform_image.ConformImage>[0m
2026-03-27 05:22:41 |[34;20m INFO     [0m|[34;20m nipype.workflow  [0m|[34;20m [Node] Executing "conform" <mriqc.interfaces.common.conform_image.ConformImage>[0m
2026-03-27 05:22:41 |[34;20m INFO     [0m|[34;20m nipype.workflow  [0m|[34;20m [Node] Finished "conform", elapsed time 0.096266s.[0m
2026-03-27 05:22:41 |[34;20m INFO     [0m|[34;20m nipype.workflow  [0m|[34;20m [Node] Finished "conform", elapsed time 0.097077s.[0m
2026-03-27 05:22:43 |[34;20m INFO     [0m|[34;20m nipype.workflow  [0m|[34;20m [Node] Setting-up "mriqc_wf.anatMRIQC.synthstrip_wf.pre_clip" in "/local/nvme/ds006444_16.783915/ds/tmp/mriqc_wf/anatMRIQC/synthstrip_wf/f547be37eee7acca9dd47210c361921f5877d171/pre_clip".[0m
2026-03-27 05:22:43 |[34;20m INFO     [0m|[34;20m nipype.workflow  [0m|[34;20m [Node] Setting-up "mriqc_wf.anatMRIQC.AirMaskWorkflow.RotationMask" in "/local/nvme/ds006444_16.783915/ds/tmp/mriqc_wf/anatMRIQC/AirMaskWorkflow/f547be37eee7acca9dd47210c361921f5877d171/RotationMask".[0m
2026-03-27 05:22:43 |[34;20m INFO     [0m|[34;20m nipype.workflow  [0m|[34;20m [Node] Setting-up "mriqc_wf.anatMRIQC.synthstrip_wf.pre_clip" in "/local/nvme/ds006444_16.783915/ds/tmp/mriqc_wf/anatMRIQC/synthstrip_wf/1d0d98adb910509ebb5ebcfb1805fb42e3041484/pre_clip".[0m
2026-03-27 05:22:43 |[34;20m INFO     [0m|[34;20m nipype.workflow  [0m|[34;20m [Node] Setting-up "mriqc_wf.anatMRIQC.anat_report_wf.PlotMosaicNoise" in "/local/nvme/ds006444_16.783915/ds/tmp/mriqc_wf/anatMRIQC/anat_report_wf/f547be37eee7acca9dd47210c361921f5877d171/PlotMosaicNoise".[0m
2026-03-27 05:22:43 |[34;20m INFO     [0m|[34;20m nipype.workflow  [0m|[34;20m [Node] Setting-up "mriqc_wf.anatMRIQC.AirMaskWorkflow.RotationMask" in "/local/nvme/ds006444_16.783915/ds/tmp/mriqc_wf/anatMRIQC/AirMaskWorkflow/1d0d98adb910509ebb5ebcfb1805fb42e3041484/RotationMask".[0m
2026-03-27 05:22:43 |[34;20m INFO     [0m|[34;20m nipype.workflow  [0m|[34;20m [Node] Setting-up "mriqc_wf.anatMRIQC.anat_report_wf.PlotMosaicNoise" in "/local/nvme/ds006444_16.783915/ds/tmp/mriqc_wf/anatMRIQC/anat_report_wf/1d0d98adb910509ebb5ebcfb1805fb42e3041484/PlotMosaicNoise".[0m
2026-03-27 05:22:43 |[34;20m INFO     [0m|[34;20m nipype.workflow  [0m|[34;20m [Node] Executing "RotationMask" <mriqc.interfaces.anatomical.RotationMask>[0m
2026-03-27 05:22:43 |[34;20m INFO     [0m|[34;20m nipype.workflow  [0m|[34;20m [Node] Executing "RotationMask" <mriqc.interfaces.anatomical.RotationMask>[0m
2026-03-27 05:22:43 |[34;20m INFO     [0m|[34;20m nipype.workflow  [0m|[34;20m [Node] Executing "PlotMosaicNoise" <nireports.interfaces.mosaic.PlotMosaic>[0m
2026-03-27 05:22:43 |[34;20m INFO     [0m|[34;20m nipype.workflow  [0m|[34;20m [Node] Executing "pre_clip" <niworkflows.interfaces.nibabel.IntensityClip>[0m
2026-03-27 05:22:43 |[34;20m INFO     [0m|[34;20m nipype.workflow  [0m|[34;20m [Node] Executing "pre_clip" <niworkflows.interfaces.nibabel.IntensityClip>[0m
2026-03-27 05:22:43 |[34;20m INFO     [0m|[34;20m nipype.workflow  [0m|[34;20m [Node] Executing "PlotMosaicNoise" <nireports.interfaces.mosaic.PlotMosaic>[0m
2026-03-27 05:22:44 |[34;20m INFO     [0m|[34;20m nipype.workflow  [0m|[34;20m [Node] Finished "RotationMask", elapsed time 0.45549s.[0m
2026-03-27 05:22:44 |[34;20m INFO     [0m|[34;20m nipype.workflow  [0m|[34;20m [Node] Finished "RotationMask", elapsed time 0.457788s.[0m
2026-03-27 05:22:50 |[34;20m INFO     [0m|[34;20m nipype.workflow  [0m|[34;20m [Node] Finished "PlotMosaicNoise", elapsed time 7.158898s.[0m
2026-03-27 05:22:51 |[34;20m INFO     [0m|[34;20m nipype.workflow  [0m|[34;20m [Node] Finished "PlotMosaicNoise", elapsed time 7.6615210000000005s.[0m
2026-03-27 05:22:51 |[34;20m INFO     [0m|[34;20m nipype.workflow  [0m|[34;20m [Node] Setting-up "mriqc_wf.anatMRIQC.anat_report_wf.ds_report_background" in "/local/nvme/ds006444_16.783915/ds/tmp/mriqc_wf/anatMRIQC/anat_report_wf/f547be37eee7acca9dd47210c361921f5877d171/ds_report_background".[0m
2026-03-27 05:22:51 |[34;20m INFO     [0m|[34;20m nipype.workflow  [0m|[34;20m [Node] Executing "ds_report_background" <mriqc.interfaces.DerivativesDataSink>[0m
2026-03-27 05:22:51 |[34;20m INFO     [0m|[34;20m nipype.workflow  [0m|[34;20m [Node] Finished "ds_report_background", elapsed time 0.00902s.[0m
2026-03-27 05:22:51 |[34;20m INFO     [0m|[34;20m nipype.workflow  [0m|[34;20m [Node] Setting-up "mriqc_wf.anatMRIQC.anat_report_wf.ds_report_background" in "/local/nvme/ds006444_16.783915/ds/tmp/mriqc_wf/anatMRIQC/anat_report_wf/1d0d98adb910509ebb5ebcfb1805fb42e3041484/ds_report_background".[0m
2026-03-27 05:22:51 |[34;20m INFO     [0m|[34;20m nipype.workflow  [0m|[34;20m [Node] Executing "ds_report_background" <mriqc.interfaces.DerivativesDataSink>[0m
2026-03-27 05:22:51 |[34;20m INFO     [0m|[34;20m nipype.workflow  [0m|[34;20m [Node] Finished "ds_report_background", elapsed time 0.004782s.[0m
2026-03-27 05:22:55 |[34;20m INFO     [0m|[34;20m nipype.workflow  [0m|[34;20m [Node] Finished "pre_clip", elapsed time 11.940132s.[0m
2026-03-27 05:22:56 |[34;20m INFO     [0m|[34;20m nipype.workflow  [0m|[34;20m [Node] Finished "pre_clip", elapsed time 12.180148s.[0m
2026-03-27 05:22:57 |[34;20m INFO     [0m|[34;20m nipype.workflow  [0m|[34;20m [Node] Setting-up "mriqc_wf.anatMRIQC.synthstrip_wf.pre_n4" in "/local/nvme/ds006444_16.783915/ds/tmp/mriqc_wf/anatMRIQC/synthstrip_wf/f547be37eee7acca9dd47210c361921f5877d171/pre_n4".[0m
2026-03-27 05:22:57 |[34;20m INFO     [0m|[34;20m nipype.workflow  [0m|[34;20m [Node] Executing "pre_n4" <nipype.interfaces.ants.segmentation.N4BiasFieldCorrection>[0m
2026-03-27 05:23:13 |[34;20m INFO     [0m|[34;20m nipype.workflow  [0m|[34;20m [Node] Finished "pre_n4", elapsed time 15.035876s.[0m
2026-03-27 05:23:13 |[34;20m INFO     [0m|[34;20m nipype.workflow  [0m|[34;20m [Node] Setting-up "mriqc_wf.anatMRIQC.synthstrip_wf.pre_n4" in "/local/nvme/ds006444_16.783915/ds/tmp/mriqc_wf/anatMRIQC/synthstrip_wf/1d0d98adb910509ebb5ebcfb1805fb42e3041484/pre_n4".[0m
2026-03-27 05:23:13 |[34;20m INFO     [0m|[34;20m nipype.workflow  [0m|[34;20m [Node] Executing "pre_n4" <nipype.interfaces.ants.segmentation.N4BiasFieldCorrection>[0m
2026-03-27 05:23:28 |[34;20m INFO     [0m|[34;20m nipype.workflow  [0m|[34;20m [Node] Finished "pre_n4", elapsed time 15.037409s.[0m
2026-03-27 05:23:29 |[34;20m INFO     [0m|[34;20m nipype.workflow  [0m|[34;20m [Node] Setting-up "mriqc_wf.anatMRIQC.synthstrip_wf.synthstrip" in "/local/nvme/ds006444_16.783915/ds/tmp/mriqc_wf/anatMRIQC/synthstrip_wf/f547be37eee7acca9dd47210c361921f5877d171/synthstrip".[0m
2026-03-27 05:23:29 |[34;20m INFO     [0m|[34;20m nipype.workflow  [0m|[34;20m [Node] Executing "synthstrip" <mriqc.interfaces.synthstrip.SynthStrip>[0m
2026-03-27 05:24:10 |[34;20m INFO     [0m|[34;20m nipype.workflow  [0m|[34;20m [Node] Finished "synthstrip", elapsed time 40.553794s.[0m
2026-03-27 05:24:11 |[34;20m INFO     [0m|[34;20m nipype.workflow  [0m|[34;20m [Node] Setting-up "mriqc_wf.anatMRIQC.synthstrip_wf.synthstrip" in "/local/nvme/ds006444_16.783915/ds/tmp/mriqc_wf/anatMRIQC/synthstrip_wf/1d0d98adb910509ebb5ebcfb1805fb42e3041484/synthstrip".[0m
2026-03-27 05:24:11 |[34;20m INFO     [0m|[34;20m nipype.workflow  [0m|[34;20m [Node] Executing "synthstrip" <mriqc.interfaces.synthstrip.SynthStrip>[0m
2026-03-27 05:24:40 |[34;20m INFO     [0m|[34;20m nipype.workflow  [0m|[34;20m [Node] Finished "synthstrip", elapsed time 28.705654s.[0m
2026-03-27 05:24:41 |[34;20m INFO     [0m|[34;20m nipype.workflow  [0m|[34;20m [Node] Setting-up "mriqc_wf.anatMRIQC.synthstrip_wf.post_n4" in "/local/nvme/ds006444_16.783915/ds/tmp/mriqc_wf/anatMRIQC/synthstrip_wf/f547be37eee7acca9dd47210c361921f5877d171/post_n4".[0m
2026-03-27 05:24:41 |[34;20m INFO     [0m|[34;20m nipype.workflow  [0m|[34;20m [Node] Executing "post_n4" <nipype.interfaces.ants.segmentation.N4BiasFieldCorrection>[0m
2026-03-27 05:24:49 |[34;20m INFO     [0m|[34;20m nipype.workflow  [0m|[34;20m [Node] Finished "post_n4", elapsed time 6.926435s.[0m
2026-03-27 05:24:49 |[34;20m INFO     [0m|[34;20m nipype.workflow  [0m|[34;20m [Node] Setting-up "mriqc_wf.anatMRIQC.ComputeIQMs.smoothness" in "/local/nvme/ds006444_16.783915/ds/tmp/mriqc_wf/anatMRIQC/ComputeIQMs/f547be37eee7acca9dd47210c361921f5877d171/smoothness".[0m
2026-03-27 05:24:49 |[34;20m INFO     [0m|[34;20m nipype.workflow  [0m|[34;20m [Node] Setting-up "mriqc_wf.anatMRIQC.anat_report_wf.PlotMosaicZoomed" in "/local/nvme/ds006444_16.783915/ds/tmp/mriqc_wf/anatMRIQC/anat_report_wf/f547be37eee7acca9dd47210c361921f5877d171/PlotMosaicZoomed".[0m
2026-03-27 05:24:49 |[34;20m INFO     [0m|[34;20m nipype.workflow  [0m|[34;20m [Node] Setting-up "mriqc_wf.anatMRIQC.anat_report_wf.PlotBrainmask" in "/local/nvme/ds006444_16.783915/ds/tmp/mriqc_wf/anatMRIQC/anat_report_wf/f547be37eee7acca9dd47210c361921f5877d171/PlotBrainmask".[0m
2026-03-27 05:24:49 |[34;20m INFO     [0m|[34;20m nipype.workflow  [0m|[34;20m [Node] Setting-up "mriqc_wf.anatMRIQC.anat_report_wf.PlotMosaicZoomed" in "/local/nvme/ds006444_16.783915/ds/tmp/mriqc_wf/anatMRIQC/anat_report_wf/1d0d98adb910509ebb5ebcfb1805fb42e3041484/PlotMosaicZoomed".[0m
2026-03-27 05:24:49 |[34;20m INFO     [0m|[34;20m nipype.workflow  [0m|[34;20m [Node] Setting-up "mriqc_wf.anatMRIQC.ComputeIQMs.smoothness" in "/local/nvme/ds006444_16.783915/ds/tmp/mriqc_wf/anatMRIQC/ComputeIQMs/1d0d98adb910509ebb5ebcfb1805fb42e3041484/smoothness".[0m
2026-03-27 05:24:49 |[34;20m INFO     [0m|[34;20m nipype.workflow  [0m|[34;20m [Node] Setting-up "mriqc_wf.anatMRIQC.synthstrip_wf.final_masked" in "/local/nvme/ds006444_16.783915/ds/tmp/mriqc_wf/anatMRIQC/synthstrip_wf/f547be37eee7acca9dd47210c361921f5877d171/final_masked".[0m
2026-03-27 05:24:49 |[34;20m INFO     [0m|[34;20m nipype.workflow  [0m|[34;20m [Node] Setting-up "mriqc_wf.anatMRIQC.anat_report_wf.PlotBrainmask" in "/local/nvme/ds006444_16.783915/ds/tmp/mriqc_wf/anatMRIQC/anat_report_wf/1d0d98adb910509ebb5ebcfb1805fb42e3041484/PlotBrainmask".[0m
2026-03-27 05:24:49 |[34;20m INFO     [0m|[34;20m nipype.workflow  [0m|[34;20m [Node] Executing "smoothness" <nipype.interfaces.afni.utils.FWHMx>[0m
2026-03-27 05:24:49 |[34;20m INFO     [0m|[34;20m nipype.workflow  [0m|[34;20m [Node] Executing "PlotBrainmask" <nireports.interfaces.mosaic.PlotContours>[0m
2026-03-27 05:24:49 |[34;20m INFO     [0m|[34;20m nipype.workflow  [0m|[34;20m [Node] Executing "PlotMosaicZoomed" <nireports.interfaces.mosaic.PlotMosaic>[0m
2026-03-27 05:24:49 |[34;20m INFO     [0m|[34;20m nipype.workflow  [0m|[34;20m [Node] Executing "PlotMosaicZoomed" <nireports.interfaces.mosaic.PlotMosaic>[0m
2026-03-27 05:24:49 |[34;20m INFO     [0m|[34;20m nipype.workflow  [0m|[34;20m [Node] Executing "final_masked" <niworkflows.interfaces.nibabel.ApplyMask>[0m
2026-03-27 05:24:49 |[34;20m INFO     [0m|[34;20m nipype.workflow  [0m|[34;20m [Node] Executing "smoothness" <nipype.interfaces.afni.utils.FWHMx>[0m
2026-03-27 05:24:49 |[34;20m INFO     [0m|[34;20m nipype.workflow  [0m|[34;20m [Node] Executing "PlotBrainmask" <nireports.interfaces.mosaic.PlotContours>[0m
2026-03-27 05:24:50 |[34;20m INFO     [0m|[34;20m nipype.workflow  [0m|[34;20m [Node] Finished "final_masked", elapsed time 0.287508s.[0m
2026-03-27 05:24:53 |[34;20m INFO     [0m|[34;20m nipype.workflow  [0m|[34;20m [Node] Finished "PlotMosaicZoomed", elapsed time 4.21296s.[0m
2026-03-27 05:24:54 |[34;20m INFO     [0m|[34;20m nipype.workflow  [0m|[34;20m [Node] Finished "smoothness", elapsed time 4.244268s.[0m
2026-03-27 05:24:54 |[34;20m INFO     [0m|[34;20m nipype.workflow  [0m|[34;20m [Node] Finished "PlotMosaicZoomed", elapsed time 4.275676s.[0m
2026-03-27 05:24:54 |[34;20m INFO     [0m|[34;20m nipype.workflow  [0m|[34;20m [Node] Finished "smoothness", elapsed time 4.443443s.[0m
2026-03-27 05:24:55 |[34;20m INFO     [0m|[34;20m nipype.workflow  [0m|[34;20m [Node] Setting-up "mriqc_wf.anatMRIQC.anat_report_wf.ds_report_zoomed" in "/local/nvme/ds006444_16.783915/ds/tmp/mriqc_wf/anatMRIQC/anat_report_wf/f547be37eee7acca9dd47210c361921f5877d171/ds_report_zoomed".[0m
2026-03-27 05:24:55 |[34;20m INFO     [0m|[34;20m nipype.workflow  [0m|[34;20m [Node] Executing "ds_report_zoomed" <mriqc.interfaces.DerivativesDataSink>[0m
2026-03-27 05:24:55 |[34;20m INFO     [0m|[34;20m nipype.workflow  [0m|[34;20m [Node] Finished "ds_report_zoomed", elapsed time 0.005054s.[0m
2026-03-27 05:24:55 |[34;20m INFO     [0m|[34;20m nipype.workflow  [0m|[34;20m [Node] Setting-up "mriqc_wf.anatMRIQC.anat_report_wf.ds_report_zoomed" in "/local/nvme/ds006444_16.783915/ds/tmp/mriqc_wf/anatMRIQC/anat_report_wf/1d0d98adb910509ebb5ebcfb1805fb42e3041484/ds_report_zoomed".[0m
2026-03-27 05:24:55 |[34;20m INFO     [0m|[34;20m nipype.workflow  [0m|[34;20m [Node] Executing "ds_report_zoomed" <mriqc.interfaces.DerivativesDataSink>[0m
2026-03-27 05:24:55 |[34;20m INFO     [0m|[34;20m nipype.workflow  [0m|[34;20m [Node] Finished "ds_report_zoomed", elapsed time 0.004774s.[0m
2026-03-27 05:24:55 |[34;20m INFO     [0m|[34;20m nipype.workflow  [0m|[34;20m [Node] Finished "PlotBrainmask", elapsed time 6.131454s.[0m
2026-03-27 05:24:56 |[34;20m INFO     [0m|[34;20m nipype.workflow  [0m|[34;20m [Node] Finished "PlotBrainmask", elapsed time 6.59056s.[0m
2026-03-27 05:24:57 |[34;20m INFO     [0m|[34;20m nipype.workflow  [0m|[34;20m [Node] Setting-up "mriqc_wf.anatMRIQC.synthstrip_wf.post_n4" in "/local/nvme/ds006444_16.783915/ds/tmp/mriqc_wf/anatMRIQC/synthstrip_wf/1d0d98adb910509ebb5ebcfb1805fb42e3041484/post_n4".[0m
2026-03-27 05:24:57 |[34;20m INFO     [0m|[34;20m nipype.workflow  [0m|[34;20m [Node] Executing "post_n4" <nipype.interfaces.ants.segmentation.N4BiasFieldCorrection>[0m
2026-03-27 05:25:05 |[34;20m INFO     [0m|[34;20m nipype.workflow  [0m|[34;20m [Node] Finished "post_n4", elapsed time 7.477583s.[0m
2026-03-27 05:25:05 |[34;20m INFO     [0m|[34;20m nipype.workflow  [0m|[34;20m [Node] Setting-up "mriqc_wf.anatMRIQC.SpatialNormalization.SpatialNormalization" in "/local/nvme/ds006444_16.783915/ds/tmp/mriqc_wf/anatMRIQC/SpatialNormalization/f547be37eee7acca9dd47210c361921f5877d171/SpatialNormalization".[0m
2026-03-27 05:25:05 |[34;20m INFO     [0m|[34;20m nipype.workflow  [0m|[34;20m [Node] Executing "SpatialNormalization" <niworkflows.interfaces.reportlets.registration.SpatialNormalizationRPT>[0m
2026-03-27 05:25:07 |[34;20m INFO     [0m|[34;20m niworkflows      [0m|[34;20m Estimating initial transform using AffineInitializer[0m
2026-03-27 05:25:19 |[34;20m INFO     [0m|[34;20m niworkflows      [0m|[34;20m Loading settings from file /opt/conda/lib/python3.11/site-packages/niworkflows/data/t1w-mni_registration_testing_000.json.[0m
2026-03-27 05:25:19 |[34;20m INFO     [0m|[34;20m niworkflows      [0m|[34;20m Retry #1, commandline: 
antsRegistration --collapse-output-transforms 1 --dimensionality 3 --float 0 --initial-moving-transform [ /local/nvme/ds006444_16.783915/ds/tmp/mriqc_wf/anatMRIQC/SpatialNormalization/f547be37eee7acca9dd47210c361921f5877d171/SpatialNormalization/transform.mat, 0 ] --initialize-transforms-per-stage 0 --interpolation LanczosWindowedSinc --output [ ants_t1_to_mni, ants_t1_to_mni_Warped.nii.gz ] --transform Rigid[ 1.0 ] --metric Mattes[ /local/nvme/ds006444_16.783915/ds/tmp/mriqc_wf/anatMRIQC/SpatialNormalization/f547be37eee7acca9dd47210c361921f5877d171/SpatialNormalization/fixed_masked.nii.gz, /local/nvme/ds006444_16.783915/ds/tmp/mriqc_wf/anatMRIQC/SpatialNormalization/f547be37eee7acca9dd47210c361921f5877d171/SpatialNormalization/moving_masked.nii.gz, 1, 56, Random, 0.2 ] --convergence [ 20, 1e-07, 15 ] --smoothing-sigmas 4.0vox --shrink-factors 2 --use-histogram-matching 0 --transform Affine[ 1.0 ] --metric Mattes[ /local/nvme/ds006444_16.783915/ds/tmp/mriqc_wf/anatMRIQC/SpatialNormalization/f547be37eee7acca9dd47210c361921f5877d171/SpatialNormalization/fixed_masked.nii.gz, /local/nvme/ds006444_16.783915/ds/tmp/mriqc_wf/anatMRIQC/SpatialNormalization/f547be37eee7acca9dd47210c361921f5877d171/SpatialNormalization/moving_masked.nii.gz, 1, 56, Random, 0.1 ] --convergence [ 15, 1e-08, 5 ] --smoothing-sigmas 2.0vox --shrink-factors 1 --use-histogram-matching 1 --winsorize-image-intensities [ 0.005, 0.995 ]  --write-composite-transform 1[0m
2026-03-27 05:25:22 |[34;20m INFO     [0m|[34;20m niworkflows      [0m|[34;20m Successful spatial normalization (retry #1).[0m
2026-03-27 05:25:25 |[34;20m INFO     [0m|[34;20m niworkflows      [0m|[34;20m Report - setting fixed (/local/nvme/ds006444_16.783915/ds/tmp/mriqc_wf/anatMRIQC/SpatialNormalization/f547be37eee7acca9dd47210c361921f5877d171/SpatialNormalization/fixed_masked.nii.gz) and moving (/local/nvme/ds006444_16.783915/ds/tmp/mriqc_wf/anatMRIQC/SpatialNormalization/f547be37eee7acca9dd47210c361921f5877d171/SpatialNormalization/ants_t1_to_mni_Warped.nii.gz) images[0m
2026-03-27 05:25:25 |[34;20m INFO     [0m|[34;20m niworkflows      [0m|[34;20m Generating visual report[0m
2026-03-27 05:25:41 |[34;20m INFO     [0m|[34;20m nipype.workflow  [0m|[34;20m [Node] Finished "SpatialNormalization", elapsed time 35.325792s.[0m
2026-03-27 05:25:41 |[34;20m INFO     [0m|[34;20m nipype.workflow  [0m|[34;20m [Node] Setting-up "mriqc_wf.anatMRIQC.anat_report_wf.ds_report_bmask" in "/local/nvme/ds006444_16.783915/ds/tmp/mriqc_wf/anatMRIQC/anat_report_wf/f547be37eee7acca9dd47210c361921f5877d171/ds_report_bmask".[0m
2026-03-27 05:25:41 |[34;20m INFO     [0m|[34;20m nipype.workflow  [0m|[34;20m [Node] Executing "ds_report_bmask" <mriqc.interfaces.DerivativesDataSink>[0m
2026-03-27 05:25:41 |[34;20m INFO     [0m|[34;20m nipype.workflow  [0m|[34;20m [Node] Finished "ds_report_bmask", elapsed time 0.004979s.[0m
2026-03-27 05:25:41 |[34;20m INFO     [0m|[34;20m nipype.workflow  [0m|[34;20m [Node] Setting-up "mriqc_wf.anatMRIQC.anat_report_wf.ds_report_bmask" in "/local/nvme/ds006444_16.783915/ds/tmp/mriqc_wf/anatMRIQC/anat_report_wf/1d0d98adb910509ebb5ebcfb1805fb42e3041484/ds_report_bmask".[0m
2026-03-27 05:25:41 |[34;20m INFO     [0m|[34;20m nipype.workflow  [0m|[34;20m [Node] Setting-up "mriqc_wf.anatMRIQC.synthstrip_wf.final_masked" in "/local/nvme/ds006444_16.783915/ds/tmp/mriqc_wf/anatMRIQC/synthstrip_wf/1d0d98adb910509ebb5ebcfb1805fb42e3041484/final_masked".[0m
2026-03-27 05:25:41 |[34;20m INFO     [0m|[34;20m nipype.workflow  [0m|[34;20m [Node] Executing "final_masked" <niworkflows.interfaces.nibabel.ApplyMask>[0m
2026-03-27 05:25:41 |[34;20m INFO     [0m|[34;20m nipype.workflow  [0m|[34;20m [Node] Executing "ds_report_bmask" <mriqc.interfaces.DerivativesDataSink>[0m
2026-03-27 05:25:41 |[34;20m INFO     [0m|[34;20m nipype.workflow  [0m|[34;20m [Node] Finished "ds_report_bmask", elapsed time 0.004878s.[0m
2026-03-27 05:25:42 |[34;20m INFO     [0m|[34;20m nipype.workflow  [0m|[34;20m [Node] Setting-up "mriqc_wf.anatMRIQC.anat_report_wf.ds_report_norm" in "/local/nvme/ds006444_16.783915/ds/tmp/mriqc_wf/anatMRIQC/anat_report_wf/f547be37eee7acca9dd47210c361921f5877d171/ds_report_norm".[0m
2026-03-27 05:25:42 |[34;20m INFO     [0m|[34;20m nipype.workflow  [0m|[34;20m [Node] Executing "ds_report_norm" <mriqc.interfaces.DerivativesDataSink>[0m
2026-03-27 05:25:42 |[34;20m INFO     [0m|[34;20m nipype.workflow  [0m|[34;20m [Node] Finished "ds_report_norm", elapsed time 0.005818s.[0m
2026-03-27 05:25:42 |[34;20m INFO     [0m|[34;20m nipype.workflow  [0m|[34;20m [Node] Finished "final_masked", elapsed time 0.272663s.[0m
2026-03-27 05:25:43 |[34;20m INFO     [0m|[34;20m nipype.workflow  [0m|[34;20m [Node] Setting-up "mriqc_wf.anatMRIQC.SpatialNormalization.SpatialNormalization" in "/local/nvme/ds006444_16.783915/ds/tmp/mriqc_wf/anatMRIQC/SpatialNormalization/1d0d98adb910509ebb5ebcfb1805fb42e3041484/SpatialNormalization".[0m
2026-03-27 05:25:43 |[34;20m INFO     [0m|[34;20m nipype.workflow  [0m|[34;20m [Node] Executing "SpatialNormalization" <niworkflows.interfaces.reportlets.registration.SpatialNormalizationRPT>[0m
2026-03-27 05:25:45 |[34;20m INFO     [0m|[34;20m niworkflows      [0m|[34;20m Estimating initial transform using AffineInitializer[0m
2026-03-27 05:25:55 |[34;20m INFO     [0m|[34;20m niworkflows      [0m|[34;20m Terminal outputs of initialization saved (/local/nvme/ds006444_16.783915/ds/tmp/mriqc_wf/anatMRIQC/SpatialNormalization/1d0d98adb910509ebb5ebcfb1805fb42e3041484/SpatialNormalization/stderr.nipype-init).[0m
2026-03-27 05:25:55 |[34;20m INFO     [0m|[34;20m niworkflows      [0m|[34;20m Loading settings from file /opt/conda/lib/python3.11/site-packages/niworkflows/data/t1w-mni_registration_testing_000.json.[0m
2026-03-27 05:25:55 |[34;20m INFO     [0m|[34;20m niworkflows      [0m|[34;20m Retry #1, commandline: 
antsRegistration --collapse-output-transforms 1 --dimensionality 3 --float 0 --initial-moving-transform [ /local/nvme/ds006444_16.783915/ds/tmp/mriqc_wf/anatMRIQC/SpatialNormalization/1d0d98adb910509ebb5ebcfb1805fb42e3041484/SpatialNormalization/transform.mat, 0 ] --initialize-transforms-per-stage 0 --interpolation LanczosWindowedSinc --output [ ants_t1_to_mni, ants_t1_to_mni_Warped.nii.gz ] --transform Rigid[ 1.0 ] --metric Mattes[ /local/nvme/ds006444_16.783915/ds/tmp/mriqc_wf/anatMRIQC/SpatialNormalization/1d0d98adb910509ebb5ebcfb1805fb42e3041484/SpatialNormalization/fixed_masked.nii.gz, /local/nvme/ds006444_16.783915/ds/tmp/mriqc_wf/anatMRIQC/SpatialNormalization/1d0d98adb910509ebb5ebcfb1805fb42e3041484/SpatialNormalization/moving_masked.nii.gz, 1, 56, Random, 0.2 ] --convergence [ 20, 1e-07, 15 ] --smoothing-sigmas 4.0vox --shrink-factors 2 --use-histogram-matching 0 --transform Affine[ 1.0 ] --metric Mattes[ /local/nvme/ds006444_16.783915/ds/tmp/mriqc_wf/anatMRIQC/SpatialNormalization/1d0d98adb910509ebb5ebcfb1805fb42e3041484/SpatialNormalization/fixed_masked.nii.gz, /local/nvme/ds006444_16.783915/ds/tmp/mriqc_wf/anatMRIQC/SpatialNormalization/1d0d98adb910509ebb5ebcfb1805fb42e3041484/SpatialNormalization/moving_masked.nii.gz, 1, 56, Random, 0.1 ] --convergence [ 15, 1e-08, 5 ] --smoothing-sigmas 2.0vox --shrink-factors 1 --use-histogram-matching 1 --winsorize-image-intensities [ 0.005, 0.995 ]  --write-composite-transform 1[0m
2026-03-27 05:25:58 |[34;20m INFO     [0m|[34;20m niworkflows      [0m|[34;20m Successful spatial normalization (retry #1).[0m
2026-03-27 05:26:00 |[34;20m INFO     [0m|[34;20m niworkflows      [0m|[34;20m Report - setting fixed (/local/nvme/ds006444_16.783915/ds/tmp/mriqc_wf/anatMRIQC/SpatialNormalization/1d0d98adb910509ebb5ebcfb1805fb42e3041484/SpatialNormalization/fixed_masked.nii.gz) and moving (/local/nvme/ds006444_16.783915/ds/tmp/mriqc_wf/anatMRIQC/SpatialNormalization/1d0d98adb910509ebb5ebcfb1805fb42e3041484/SpatialNormalization/ants_t1_to_mni_Warped.nii.gz) images[0m
2026-03-27 05:26:00 |[34;20m INFO     [0m|[34;20m niworkflows      [0m|[34;20m Generating visual report[0m
2026-03-27 05:26:15 |[34;20m INFO     [0m|[34;20m nipype.workflow  [0m|[34;20m [Node] Finished "SpatialNormalization", elapsed time 31.671578s.[0m
2026-03-27 05:26:15 |[34;20m INFO     [0m|[34;20m nipype.workflow  [0m|[34;20m [Node] Setting-up "mriqc_wf.anatMRIQC.anat_report_wf.ds_report_norm" in "/local/nvme/ds006444_16.783915/ds/tmp/mriqc_wf/anatMRIQC/anat_report_wf/1d0d98adb910509ebb5ebcfb1805fb42e3041484/ds_report_norm".[0m
2026-03-27 05:26:15 |[34;20m INFO     [0m|[34;20m nipype.workflow  [0m|[34;20m [Node] Executing "ds_report_norm" <mriqc.interfaces.DerivativesDataSink>[0m
2026-03-27 05:26:15 |[34;20m INFO     [0m|[34;20m nipype.workflow  [0m|[34;20m [Node] Finished "ds_report_norm", elapsed time 0.004788s.[0m
2026-03-27 05:26:15 |[34;20m INFO     [0m|[34;20m nipype.workflow  [0m|[34;20m [Node] Setting-up "_tpms_std2t1w0" in "/local/nvme/ds006444_16.783915/ds/tmp/mriqc_wf/anatMRIQC/SpatialNormalization/f547be37eee7acca9dd47210c361921f5877d171/tpms_std2t1w/mapflow/_tpms_std2t1w0".[0m
2026-03-27 05:26:15 |[34;20m INFO     [0m|[34;20m nipype.workflow  [0m|[34;20m [Node] Setting-up "_tpms_std2t1w1" in "/local/nvme/ds006444_16.783915/ds/tmp/mriqc_wf/anatMRIQC/SpatialNormalization/f547be37eee7acca9dd47210c361921f5877d171/tpms_std2t1w/mapflow/_tpms_std2t1w1".[0m
2026-03-27 05:26:15 |[34;20m INFO     [0m|[34;20m nipype.workflow  [0m|[34;20m [Node] Setting-up "_tpms_std2t1w2" in "/local/nvme/ds006444_16.783915/ds/tmp/mriqc_wf/anatMRIQC/SpatialNormalization/f547be37eee7acca9dd47210c361921f5877d171/tpms_std2t1w/mapflow/_tpms_std2t1w2".[0m
2026-03-27 05:26:15 |[34;20m INFO     [0m|[34;20m nipype.workflow  [0m|[34;20m [Node] Executing "_tpms_std2t1w0" <niworkflows.interfaces.fixes.FixHeaderApplyTransforms>[0m
2026-03-27 05:26:15 |[34;20m INFO     [0m|[34;20m nipype.workflow  [0m|[34;20m [Node] Executing "_tpms_std2t1w1" <niworkflows.interfaces.fixes.FixHeaderApplyTransforms>[0m
2026-03-27 05:26:15 |[34;20m INFO     [0m|[34;20m nipype.workflow  [0m|[34;20m [Node] Executing "_tpms_std2t1w2" <niworkflows.interfaces.fixes.FixHeaderApplyTransforms>[0m
2026-03-27 05:26:17 |[34;20m INFO     [0m|[34;20m nipype.workflow  [0m|[34;20m [Node] Setting-up "_tpms_std2t1w1" in "/local/nvme/ds006444_16.783915/ds/tmp/mriqc_wf/anatMRIQC/SpatialNormalization/1d0d98adb910509ebb5ebcfb1805fb42e3041484/tpms_std2t1w/mapflow/_tpms_std2t1w1".[0m
2026-03-27 05:26:17 |[34;20m INFO     [0m|[34;20m nipype.workflow  [0m|[34;20m [Node] Setting-up "_tpms_std2t1w2" in "/local/nvme/ds006444_16.783915/ds/tmp/mriqc_wf/anatMRIQC/SpatialNormalization/1d0d98adb910509ebb5ebcfb1805fb42e3041484/tpms_std2t1w/mapflow/_tpms_std2t1w2".[0m
2026-03-27 05:26:17 |[34;20m INFO     [0m|[34;20m nipype.workflow  [0m|[34;20m [Node] Setting-up "_tpms_std2t1w0" in "/local/nvme/ds006444_16.783915/ds/tmp/mriqc_wf/anatMRIQC/SpatialNormalization/1d0d98adb910509ebb5ebcfb1805fb42e3041484/tpms_std2t1w/mapflow/_tpms_std2t1w0".[0m
2026-03-27 05:26:17 |[34;20m INFO     [0m|[34;20m nipype.workflow  [0m|[34;20m [Node] Executing "_tpms_std2t1w2" <niworkflows.interfaces.fixes.FixHeaderApplyTransforms>[0m
2026-03-27 05:26:17 |[34;20m INFO     [0m|[34;20m nipype.workflow  [0m|[34;20m [Node] Executing "_tpms_std2t1w1" <niworkflows.interfaces.fixes.FixHeaderApplyTransforms>[0m
2026-03-27 05:26:17 |[34;20m INFO     [0m|[34;20m nipype.workflow  [0m|[34;20m [Node] Executing "_tpms_std2t1w0" <niworkflows.interfaces.fixes.FixHeaderApplyTransforms>[0m
2026-03-27 05:26:22 |[34;20m INFO     [0m|[34;20m nipype.workflow  [0m|[34;20m [Node] Finished "_tpms_std2t1w1", elapsed time 6.144956s.[0m
2026-03-27 05:26:22 |[34;20m INFO     [0m|[34;20m nipype.workflow  [0m|[34;20m [Node] Finished "_tpms_std2t1w2", elapsed time 5.963614s.[0m
2026-03-27 05:26:22 |[34;20m INFO     [0m|[34;20m nipype.workflow  [0m|[34;20m [Node] Finished "_tpms_std2t1w0", elapsed time 5.959418s.[0m
2026-03-27 05:26:23 |[34;20m INFO     [0m|[34;20m nipype.workflow  [0m|[34;20m [Node] Setting-up "_tpms_std2t1w0" in "/local/nvme/ds006444_16.783915/ds/tmp/mriqc_wf/anatMRIQC/SpatialNormalization/f547be37eee7acca9dd47210c361921f5877d171/tpms_std2t1w/mapflow/_tpms_std2t1w0".[0m
2026-03-27 05:26:23 |[34;20m INFO     [0m|[34;20m nipype.workflow  [0m|[34;20m [Node] Cached "_tpms_std2t1w0" - collecting precomputed outputs[0m
2026-03-27 05:26:23 |[34;20m INFO     [0m|[34;20m nipype.workflow  [0m|[34;20m [Node] "_tpms_std2t1w0" found cached.[0m
2026-03-27 05:26:23 |[34;20m INFO     [0m|[34;20m nipype.workflow  [0m|[34;20m [Node] Setting-up "_tpms_std2t1w1" in "/local/nvme/ds006444_16.783915/ds/tmp/mriqc_wf/anatMRIQC/SpatialNormalization/f547be37eee7acca9dd47210c361921f5877d171/tpms_std2t1w/mapflow/_tpms_std2t1w1".[0m
2026-03-27 05:26:23 |[34;20m INFO     [0m|[34;20m nipype.workflow  [0m|[34;20m [Node] Cached "_tpms_std2t1w1" - collecting precomputed outputs[0m
2026-03-27 05:26:23 |[34;20m INFO     [0m|[34;20m nipype.workflow  [0m|[34;20m [Node] "_tpms_std2t1w1" found cached.[0m
2026-03-27 05:26:23 |[34;20m INFO     [0m|[34;20m nipype.workflow  [0m|[34;20m [Node] Setting-up "_tpms_std2t1w2" in "/local/nvme/ds006444_16.783915/ds/tmp/mriqc_wf/anatMRIQC/SpatialNormalization/f547be37eee7acca9dd47210c361921f5877d171/tpms_std2t1w/mapflow/_tpms_std2t1w2".[0m
2026-03-27 05:26:23 |[34;20m INFO     [0m|[34;20m nipype.workflow  [0m|[34;20m [Node] Cached "_tpms_std2t1w2" - collecting precomputed outputs[0m
2026-03-27 05:26:23 |[34;20m INFO     [0m|[34;20m nipype.workflow  [0m|[34;20m [Node] "_tpms_std2t1w2" found cached.[0m
2026-03-27 05:26:23 |[34;20m INFO     [0m|[34;20m nipype.workflow  [0m|[34;20m [Node] Finished "_tpms_std2t1w1", elapsed time 6.081688s.[0m
2026-03-27 05:26:23 |[34;20m INFO     [0m|[34;20m nipype.workflow  [0m|[34;20m [Node] Finished "_tpms_std2t1w2", elapsed time 6.190453s.[0m
2026-03-27 05:26:24 |[34;20m INFO     [0m|[34;20m nipype.workflow  [0m|[34;20m [Node] Finished "_tpms_std2t1w0", elapsed time 6.115s.[0m
2026-03-27 05:26:25 |[34;20m INFO     [0m|[34;20m nipype.workflow  [0m|[34;20m [Node] Setting-up "mriqc_wf.anatMRIQC.HeadMaskWorkflow.Enhance" in "/local/nvme/ds006444_16.783915/ds/tmp/mriqc_wf/anatMRIQC/HeadMaskWorkflow/f547be37eee7acca9dd47210c361921f5877d171/Enhance".[0m
2026-03-27 05:26:25 |[34;20m INFO     [0m|[34;20m nipype.workflow  [0m|[34;20m [Node] Setting-up "mriqc_wf.anatMRIQC.brain_tissue_segmentation.format_tpm_names" in "/local/nvme/ds006444_16.783915/ds/tmp/mriqc_wf/anatMRIQC/brain_tissue_segmentation/f547be37eee7acca9dd47210c361921f5877d171/format_tpm_names".[0m
2026-03-27 05:26:25 |[34;20m INFO     [0m|[34;20m nipype.workflow  [0m|[34;20m [Node] Executing "format_tpm_names" <nipype.interfaces.utility.wrappers.Function>[0m
2026-03-27 05:26:25 |[34;20m INFO     [0m|[34;20m nipype.workflow  [0m|[34;20m [Node] Executing "Enhance" <nipype.interfaces.utility.wrappers.Function>[0m
2026-03-27 05:26:25 |[34;20m INFO     [0m|[34;20m nipype.workflow  [0m|[34;20m [Node] Setting-up "_tpms_std2t1w0" in "/local/nvme/ds006444_16.783915/ds/tmp/mriqc_wf/anatMRIQC/SpatialNormalization/1d0d98adb910509ebb5ebcfb1805fb42e3041484/tpms_std2t1w/mapflow/_tpms_std2t1w0".[0m
2026-03-27 05:26:25 |[34;20m INFO     [0m|[34;20m nipype.workflow  [0m|[34;20m [Node] Cached "_tpms_std2t1w0" - collecting precomputed outputs[0m
2026-03-27 05:26:25 |[34;20m INFO     [0m|[34;20m nipype.workflow  [0m|[34;20m [Node] "_tpms_std2t1w0" found cached.[0m
2026-03-27 05:26:25 |[34;20m INFO     [0m|[34;20m nipype.workflow  [0m|[34;20m [Node] Setting-up "_tpms_std2t1w1" in "/local/nvme/ds006444_16.783915/ds/tmp/mriqc_wf/anatMRIQC/SpatialNormalization/1d0d98adb910509ebb5ebcfb1805fb42e3041484/tpms_std2t1w/mapflow/_tpms_std2t1w1".[0m
2026-03-27 05:26:25 |[34;20m INFO     [0m|[34;20m nipype.workflow  [0m|[34;20m [Node] Cached "_tpms_std2t1w1" - collecting precomputed outputs[0m
2026-03-27 05:26:25 |[34;20m INFO     [0m|[34;20m nipype.workflow  [0m|[34;20m [Node] "_tpms_std2t1w1" found cached.[0m
2026-03-27 05:26:25 |[34;20m INFO     [0m|[34;20m nipype.workflow  [0m|[34;20m [Node] Setting-up "_tpms_std2t1w2" in "/local/nvme/ds006444_16.783915/ds/tmp/mriqc_wf/anatMRIQC/SpatialNormalization/1d0d98adb910509ebb5ebcfb1805fb42e3041484/tpms_std2t1w/mapflow/_tpms_std2t1w2".[0m
2026-03-27 05:26:25 |[34;20m INFO     [0m|[34;20m nipype.workflow  [0m|[34;20m [Node] Cached "_tpms_std2t1w2" - collecting precomputed outputs[0m
2026-03-27 05:26:25 |[34;20m INFO     [0m|[34;20m nipype.workflow  [0m|[34;20m [Node] "_tpms_std2t1w2" found cached.[0m
2026-03-27 05:26:27 |[34;20m INFO     [0m|[34;20m nipype.workflow  [0m|[34;20m [Node] Finished "format_tpm_names", elapsed time 1.2547329999999999s.[0m
2026-03-27 05:26:27 |[34;20m INFO     [0m|[34;20m nipype.workflow  [0m|[34;20m [Node] Setting-up "mriqc_wf.anatMRIQC.brain_tissue_segmentation.format_tpm_names" in "/local/nvme/ds006444_16.783915/ds/tmp/mriqc_wf/anatMRIQC/brain_tissue_segmentation/1d0d98adb910509ebb5ebcfb1805fb42e3041484/format_tpm_names".[0m
2026-03-27 05:26:27 |[34;20m INFO     [0m|[34;20m nipype.workflow  [0m|[34;20m [Node] Setting-up "mriqc_wf.anatMRIQC.HeadMaskWorkflow.Enhance" in "/local/nvme/ds006444_16.783915/ds/tmp/mriqc_wf/anatMRIQC/HeadMaskWorkflow/1d0d98adb910509ebb5ebcfb1805fb42e3041484/Enhance".[0m
2026-03-27 05:26:27 |[34;20m INFO     [0m|[34;20m nipype.workflow  [0m|[34;20m [Node] Executing "Enhance" <nipype.interfaces.utility.wrappers.Function>[0m
2026-03-27 05:26:27 |[34;20m INFO     [0m|[34;20m nipype.workflow  [0m|[34;20m [Node] Executing "format_tpm_names" <nipype.interfaces.utility.wrappers.Function>[0m
2026-03-27 05:26:28 |[34;20m INFO     [0m|[34;20m nipype.workflow  [0m|[34;20m [Node] Finished "Enhance", elapsed time 2.265646s.[0m
2026-03-27 05:26:29 |[34;20m INFO     [0m|[34;20m nipype.workflow  [0m|[34;20m [Node] Finished "format_tpm_names", elapsed time 1.261785s.[0m
2026-03-27 05:26:29 |[34;20m INFO     [0m|[34;20m nipype.workflow  [0m|[34;20m [Node] Setting-up "mriqc_wf.anatMRIQC.HeadMaskWorkflow.apply_mask" in "/local/nvme/ds006444_16.783915/ds/tmp/mriqc_wf/anatMRIQC/HeadMaskWorkflow/f547be37eee7acca9dd47210c361921f5877d171/apply_mask".[0m
2026-03-27 05:26:29 |[34;20m INFO     [0m|[34;20m nipype.workflow  [0m|[34;20m [Node] Setting-up "mriqc_wf.anatMRIQC.HeadMaskWorkflow.Grad" in "/local/nvme/ds006444_16.783915/ds/tmp/mriqc_wf/anatMRIQC/HeadMaskWorkflow/f547be37eee7acca9dd47210c361921f5877d171/Grad".[0m
2026-03-27 05:26:29 |[34;20m INFO     [0m|[34;20m nipype.workflow  [0m|[34;20m [Node] Executing "apply_mask" <niworkflows.interfaces.nibabel.ApplyMask>[0m
2026-03-27 05:26:29 |[34;20m INFO     [0m|[34;20m nipype.workflow  [0m|[34;20m [Node] Executing "Grad" <nipype.interfaces.utility.wrappers.Function>[0m
2026-03-27 05:26:30 |[34;20m INFO     [0m|[34;20m nipype.workflow  [0m|[34;20m [Node] Finished "apply_mask", elapsed time 0.263829s.[0m
2026-03-27 05:26:30 |[34;20m INFO     [0m|[34;20m nipype.workflow  [0m|[34;20m [Node] Finished "Enhance", elapsed time 2.573231s.[0m
2026-03-27 05:26:31 |[34;20m INFO     [0m|[34;20m nipype.workflow  [0m|[34;20m [Node] Setting-up "mriqc_wf.anatMRIQC.HeadMaskWorkflow.apply_mask" in "/local/nvme/ds006444_16.783915/ds/tmp/mriqc_wf/anatMRIQC/HeadMaskWorkflow/1d0d98adb910509ebb5ebcfb1805fb42e3041484/apply_mask".[0m
2026-03-27 05:26:31 |[34;20m INFO     [0m|[34;20m nipype.workflow  [0m|[34;20m [Node] Setting-up "mriqc_wf.anatMRIQC.HeadMaskWorkflow.Grad" in "/local/nvme/ds006444_16.783915/ds/tmp/mriqc_wf/anatMRIQC/HeadMaskWorkflow/1d0d98adb910509ebb5ebcfb1805fb42e3041484/Grad".[0m
2026-03-27 05:26:31 |[34;20m INFO     [0m|[34;20m nipype.workflow  [0m|[34;20m [Node] Executing "apply_mask" <niworkflows.interfaces.nibabel.ApplyMask>[0m
2026-03-27 05:26:31 |[34;20m INFO     [0m|[34;20m nipype.workflow  [0m|[34;20m [Node] Executing "Grad" <nipype.interfaces.utility.wrappers.Function>[0m
2026-03-27 05:26:31 |[34;20m INFO     [0m|[34;20m nipype.workflow  [0m|[34;20m [Node] Finished "Grad", elapsed time 2.055183s.[0m
2026-03-27 05:26:32 |[34;20m INFO     [0m|[34;20m nipype.workflow  [0m|[34;20m [Node] Finished "apply_mask", elapsed time 0.256763s.[0m
2026-03-27 05:26:33 |[34;20m INFO     [0m|[34;20m nipype.workflow  [0m|[34;20m [Node] Setting-up "mriqc_wf.anatMRIQC.HeadMaskWorkflow.GradientThreshold" in "/local/nvme/ds006444_16.783915/ds/tmp/mriqc_wf/anatMRIQC/HeadMaskWorkflow/f547be37eee7acca9dd47210c361921f5877d171/GradientThreshold".[0m
2026-03-27 05:26:33 |[34;20m INFO     [0m|[34;20m nipype.workflow  [0m|[34;20m [Node] Executing "GradientThreshold" <nipype.interfaces.utility.wrappers.Function>[0m
2026-03-27 05:26:34 |[34;20m INFO     [0m|[34;20m nipype.workflow  [0m|[34;20m [Node] Finished "Grad", elapsed time 3.178229s.[0m
2026-03-27 05:26:35 |[34;20m INFO     [0m|[34;20m nipype.workflow  [0m|[34;20m [Node] Setting-up "mriqc_wf.anatMRIQC.HeadMaskWorkflow.GradientThreshold" in "/local/nvme/ds006444_16.783915/ds/tmp/mriqc_wf/anatMRIQC/HeadMaskWorkflow/1d0d98adb910509ebb5ebcfb1805fb42e3041484/GradientThreshold".[0m
2026-03-27 05:26:35 |[34;20m INFO     [0m|[34;20m nipype.workflow  [0m|[34;20m [Node] Executing "GradientThreshold" <nipype.interfaces.utility.wrappers.Function>[0m
2026-03-27 05:26:40 |[34;20m INFO     [0m|[34;20m nipype.workflow  [0m|[34;20m [Node] Finished "GradientThreshold", elapsed time 6.999125s.[0m
2026-03-27 05:26:41 |[34;20m INFO     [0m|[34;20m nipype.workflow  [0m|[34;20m [Node] Setting-up "mriqc_wf.anatMRIQC.AirMaskWorkflow.ArtifactMask" in "/local/nvme/ds006444_16.783915/ds/tmp/mriqc_wf/anatMRIQC/AirMaskWorkflow/f547be37eee7acca9dd47210c361921f5877d171/ArtifactMask".[0m
2026-03-27 05:26:41 |[34;20m INFO     [0m|[34;20m nipype.workflow  [0m|[34;20m [Node] Executing "ArtifactMask" <mriqc.interfaces.anatomical.ArtifactMask>[0m
2026-03-27 05:26:41 |[34;20m INFO     [0m|[34;20m nipype.workflow  [0m|[34;20m [Node] Setting-up "mriqc_wf.anatMRIQC.anat_report_wf.PlotHeadmask" in "/local/nvme/ds006444_16.783915/ds/tmp/mriqc_wf/anatMRIQC/anat_report_wf/f547be37eee7acca9dd47210c361921f5877d171/PlotHeadmask".[0m
2026-03-27 05:26:41 |[34;20m INFO     [0m|[34;20m nipype.workflow  [0m|[34;20m [Node] Executing "PlotHeadmask" <nireports.interfaces.mosaic.PlotContours>[0m
2026-03-27 05:26:42 |[34;20m INFO     [0m|[34;20m nipype.workflow  [0m|[34;20m [Node] Finished "GradientThreshold", elapsed time 6.955993s.[0m
2026-03-27 05:26:43 |[34;20m INFO     [0m|[34;20m nipype.workflow  [0m|[34;20m [Node] Setting-up "mriqc_wf.anatMRIQC.AirMaskWorkflow.ArtifactMask" in "/local/nvme/ds006444_16.783915/ds/tmp/mriqc_wf/anatMRIQC/AirMaskWorkflow/1d0d98adb910509ebb5ebcfb1805fb42e3041484/ArtifactMask".[0m
2026-03-27 05:26:43 |[34;20m INFO     [0m|[34;20m nipype.workflow  [0m|[34;20m [Node] Setting-up "mriqc_wf.anatMRIQC.anat_report_wf.PlotHeadmask" in "/local/nvme/ds006444_16.783915/ds/tmp/mriqc_wf/anatMRIQC/anat_report_wf/1d0d98adb910509ebb5ebcfb1805fb42e3041484/PlotHeadmask".[0m
2026-03-27 05:26:43 |[34;20m INFO     [0m|[34;20m nipype.workflow  [0m|[34;20m [Node] Executing "ArtifactMask" <mriqc.interfaces.anatomical.ArtifactMask>[0m
2026-03-27 05:26:43 |[34;20m INFO     [0m|[34;20m nipype.workflow  [0m|[34;20m [Node] Executing "PlotHeadmask" <nireports.interfaces.mosaic.PlotContours>[0m
2026-03-27 05:26:45 |[34;20m INFO     [0m|[34;20m nipype.workflow  [0m|[34;20m [Node] Finished "ArtifactMask", elapsed time 3.589146s.[0m
2026-03-27 05:26:45 |[34;20m INFO     [0m|[34;20m nipype.workflow  [0m|[34;20m [Node] Setting-up "mriqc_wf.anatMRIQC.ComputeIQMs.provenance" in "/local/nvme/ds006444_16.783915/ds/tmp/mriqc_wf/anatMRIQC/ComputeIQMs/f547be37eee7acca9dd47210c361921f5877d171/provenance".[0m
2026-03-27 05:26:45 |[34;20m INFO     [0m|[34;20m nipype.workflow  [0m|[34;20m [Node] Executing "provenance" <mriqc.interfaces.reports.AddProvenance>[0m
2026-03-27 05:26:45 |[34;20m INFO     [0m|[34;20m nipype.workflow  [0m|[34;20m [Node] Finished "provenance", elapsed time 0.056042s.[0m
2026-03-27 05:26:45 |[34;20m INFO     [0m|[34;20m nipype.workflow  [0m|[34;20m [Node] Setting-up "mriqc_wf.anatMRIQC.ComputeIQMs.ComputeQI2" in "/local/nvme/ds006444_16.783915/ds/tmp/mriqc_wf/anatMRIQC/ComputeIQMs/f547be37eee7acca9dd47210c361921f5877d171/ComputeQI2".[0m
2026-03-27 05:26:45 |[34;20m INFO     [0m|[34;20m nipype.workflow  [0m|[34;20m [Node] Setting-up "mriqc_wf.anatMRIQC.anat_report_wf.PlotAirmask" in "/local/nvme/ds006444_16.783915/ds/tmp/mriqc_wf/anatMRIQC/anat_report_wf/f547be37eee7acca9dd47210c361921f5877d171/PlotAirmask".[0m
2026-03-27 05:26:45 |[34;20m INFO     [0m|[34;20m nipype.workflow  [0m|[34;20m [Node] Setting-up "mriqc_wf.anatMRIQC.anat_report_wf.PlotArtmask" in "/local/nvme/ds006444_16.783915/ds/tmp/mriqc_wf/anatMRIQC/anat_report_wf/f547be37eee7acca9dd47210c361921f5877d171/PlotArtmask".[0m
2026-03-27 05:26:45 |[34;20m INFO     [0m|[34;20m nipype.workflow  [0m|[34;20m [Node] Executing "ComputeQI2" <mriqc.interfaces.anatomical.ComputeQI2>[0m
2026-03-27 05:26:45 |[34;20m INFO     [0m|[34;20m nipype.workflow  [0m|[34;20m [Node] Executing "PlotArtmask" <nireports.interfaces.mosaic.PlotContours>[0m
2026-03-27 05:26:45 |[34;20m INFO     [0m|[34;20m nipype.workflow  [0m|[34;20m [Node] Executing "PlotAirmask" <nireports.interfaces.mosaic.PlotContours>[0m
2026-03-27 05:26:47 |[34;20m INFO     [0m|[34;20m nipype.workflow  [0m|[34;20m [Node] Finished "ArtifactMask", elapsed time 3.6504469999999998s.[0m
2026-03-27 05:26:47 |[34;20m INFO     [0m|[34;20m nipype.workflow  [0m|[34;20m [Node] Finished "PlotHeadmask", elapsed time 5.994484s.[0m
2026-03-27 05:26:47 |[34;20m INFO     [0m|[34;20m nipype.workflow  [0m|[34;20m [Node] Setting-up "mriqc_wf.anatMRIQC.ComputeIQMs.provenance" in "/local/nvme/ds006444_16.783915/ds/tmp/mriqc_wf/anatMRIQC/ComputeIQMs/1d0d98adb910509ebb5ebcfb1805fb42e3041484/provenance".[0m
2026-03-27 05:26:47 |[34;20m INFO     [0m|[34;20m nipype.workflow  [0m|[34;20m [Node] Executing "provenance" <mriqc.interfaces.reports.AddProvenance>[0m
2026-03-27 05:26:47 |[34;20m INFO     [0m|[34;20m nipype.workflow  [0m|[34;20m [Node] Finished "provenance", elapsed time 0.049384s.[0m
2026-03-27 05:26:47 |[34;20m INFO     [0m|[34;20m nipype.workflow  [0m|[34;20m [Node] Finished "PlotHeadmask", elapsed time 4.09186s.[0m
2026-03-27 05:26:47 |[34;20m INFO     [0m|[34;20m nipype.workflow  [0m|[34;20m [Node] Setting-up "mriqc_wf.anatMRIQC.ComputeIQMs.ComputeQI2" in "/local/nvme/ds006444_16.783915/ds/tmp/mriqc_wf/anatMRIQC/ComputeIQMs/1d0d98adb910509ebb5ebcfb1805fb42e3041484/ComputeQI2".[0m
2026-03-27 05:26:47 |[34;20m INFO     [0m|[34;20m nipype.workflow  [0m|[34;20m [Node] Setting-up "mriqc_wf.anatMRIQC.anat_report_wf.PlotAirmask" in "/local/nvme/ds006444_16.783915/ds/tmp/mriqc_wf/anatMRIQC/anat_report_wf/1d0d98adb910509ebb5ebcfb1805fb42e3041484/PlotAirmask".[0m
2026-03-27 05:26:47 |[34;20m INFO     [0m|[34;20m nipype.workflow  [0m|[34;20m [Node] Setting-up "mriqc_wf.anatMRIQC.anat_report_wf.PlotArtmask" in "/local/nvme/ds006444_16.783915/ds/tmp/mriqc_wf/anatMRIQC/anat_report_wf/1d0d98adb910509ebb5ebcfb1805fb42e3041484/PlotArtmask".[0m
2026-03-27 05:26:48 |[34;20m INFO     [0m|[34;20m nipype.workflow  [0m|[34;20m [Node] Executing "ComputeQI2" <mriqc.interfaces.anatomical.ComputeQI2>[0m
2026-03-27 05:26:48 |[34;20m INFO     [0m|[34;20m nipype.workflow  [0m|[34;20m [Node] Executing "PlotAirmask" <nireports.interfaces.mosaic.PlotContours>[0m
2026-03-27 05:26:48 |[34;20m INFO     [0m|[34;20m nipype.workflow  [0m|[34;20m [Node] Executing "PlotArtmask" <nireports.interfaces.mosaic.PlotContours>[0m
2026-03-27 05:26:49 |[34;20m INFO     [0m|[34;20m nipype.workflow  [0m|[34;20m [Node] Setting-up "mriqc_wf.anatMRIQC.anat_report_wf.ds_report_headmask" in "/local/nvme/ds006444_16.783915/ds/tmp/mriqc_wf/anatMRIQC/anat_report_wf/f547be37eee7acca9dd47210c361921f5877d171/ds_report_headmask".[0m
2026-03-27 05:26:49 |[34;20m INFO     [0m|[34;20m nipype.workflow  [0m|[34;20m [Node] Executing "ds_report_headmask" <mriqc.interfaces.DerivativesDataSink>[0m
2026-03-27 05:26:49 |[34;20m INFO     [0m|[34;20m nipype.workflow  [0m|[34;20m [Node] Finished "ds_report_headmask", elapsed time 0.004986s.[0m
2026-03-27 05:26:49 |[34;20m INFO     [0m|[34;20m nipype.workflow  [0m|[34;20m [Node] Setting-up "mriqc_wf.anatMRIQC.anat_report_wf.ds_report_headmask" in "/local/nvme/ds006444_16.783915/ds/tmp/mriqc_wf/anatMRIQC/anat_report_wf/1d0d98adb910509ebb5ebcfb1805fb42e3041484/ds_report_headmask".[0m
2026-03-27 05:26:49 |[34;20m INFO     [0m|[34;20m nipype.workflow  [0m|[34;20m [Node] Executing "ds_report_headmask" <mriqc.interfaces.DerivativesDataSink>[0m
2026-03-27 05:26:49 |[34;20m INFO     [0m|[34;20m nipype.workflow  [0m|[34;20m [Node] Finished "ds_report_headmask", elapsed time 0.004971s.[0m
2026-03-27 05:26:50 |[34;20m INFO     [0m|[34;20m nipype.workflow  [0m|[34;20m [Node] Finished "PlotArtmask", elapsed time 4.888756s.[0m
2026-03-27 05:26:51 |[34;20m INFO     [0m|[34;20m nipype.workflow  [0m|[34;20m [Node] Finished "PlotAirmask", elapsed time 5.589277s.[0m
2026-03-27 05:26:51 |[34;20m INFO     [0m|[34;20m nipype.workflow  [0m|[34;20m [Node] Setting-up "mriqc_wf.anatMRIQC.anat_report_wf.ds_report_airmask" in "/local/nvme/ds006444_16.783915/ds/tmp/mriqc_wf/anatMRIQC/anat_report_wf/f547be37eee7acca9dd47210c361921f5877d171/ds_report_airmask".[0m
2026-03-27 05:26:51 |[34;20m INFO     [0m|[34;20m nipype.workflow  [0m|[34;20m [Node] Executing "ds_report_airmask" <mriqc.interfaces.DerivativesDataSink>[0m
2026-03-27 05:26:51 |[34;20m INFO     [0m|[34;20m nipype.workflow  [0m|[34;20m [Node] Finished "ds_report_airmask", elapsed time 0.004761s.[0m
2026-03-27 05:26:52 |[34;20m INFO     [0m|[34;20m nipype.workflow  [0m|[34;20m [Node] Setting-up "mriqc_wf.anatMRIQC.anat_report_wf.ds_report_artmask" in "/local/nvme/ds006444_16.783915/ds/tmp/mriqc_wf/anatMRIQC/anat_report_wf/f547be37eee7acca9dd47210c361921f5877d171/ds_report_artmask".[0m
2026-03-27 05:26:52 |[34;20m INFO     [0m|[34;20m nipype.workflow  [0m|[34;20m [Node] Executing "ds_report_artmask" <mriqc.interfaces.DerivativesDataSink>[0m
2026-03-27 05:26:52 |[34;20m INFO     [0m|[34;20m nipype.workflow  [0m|[34;20m [Node] Finished "ds_report_artmask", elapsed time 0.004857s.[0m
2026-03-27 05:26:53 |[34;20m INFO     [0m|[34;20m nipype.workflow  [0m|[34;20m [Node] Finished "PlotArtmask", elapsed time 5.037522s.[0m
2026-03-27 05:26:53 |[34;20m INFO     [0m|[34;20m nipype.workflow  [0m|[34;20m [Node] Setting-up "mriqc_wf.anatMRIQC.anat_report_wf.ds_report_artmask" in "/local/nvme/ds006444_16.783915/ds/tmp/mriqc_wf/anatMRIQC/anat_report_wf/1d0d98adb910509ebb5ebcfb1805fb42e3041484/ds_report_artmask".[0m
2026-03-27 05:26:53 |[34;20m INFO     [0m|[34;20m nipype.workflow  [0m|[34;20m [Node] Executing "ds_report_artmask" <mriqc.interfaces.DerivativesDataSink>[0m
2026-03-27 05:26:53 |[34;20m INFO     [0m|[34;20m nipype.workflow  [0m|[34;20m [Node] Finished "ds_report_artmask", elapsed time 0.005129s.[0m
2026-03-27 05:26:54 |[34;20m INFO     [0m|[34;20m nipype.workflow  [0m|[34;20m [Node] Finished "PlotAirmask", elapsed time 6.251509s.[0m
2026-03-27 05:26:55 |[34;20m INFO     [0m|[34;20m nipype.workflow  [0m|[34;20m [Node] Setting-up "mriqc_wf.anatMRIQC.anat_report_wf.ds_report_airmask" in "/local/nvme/ds006444_16.783915/ds/tmp/mriqc_wf/anatMRIQC/anat_report_wf/1d0d98adb910509ebb5ebcfb1805fb42e3041484/ds_report_airmask".[0m
2026-03-27 05:26:55 |[34;20m INFO     [0m|[34;20m nipype.workflow  [0m|[34;20m [Node] Executing "ds_report_airmask" <mriqc.interfaces.DerivativesDataSink>[0m
2026-03-27 05:26:55 |[34;20m INFO     [0m|[34;20m nipype.workflow  [0m|[34;20m [Node] Finished "ds_report_airmask", elapsed time 0.004922s.[0m
2026-03-27 05:26:58 |[34;20m INFO     [0m|[34;20m nipype.workflow  [0m|[34;20m [Node] Finished "ComputeQI2", elapsed time 12.502393s.[0m
2026-03-27 05:26:59 |[34;20m INFO     [0m|[34;20m nipype.workflow  [0m|[34;20m [Node] Setting-up "mriqc_wf.anatMRIQC.anat_report_wf.ds_report_noisefit" in "/local/nvme/ds006444_16.783915/ds/tmp/mriqc_wf/anatMRIQC/anat_report_wf/f547be37eee7acca9dd47210c361921f5877d171/ds_report_noisefit".[0m
2026-03-27 05:26:59 |[34;20m INFO     [0m|[34;20m nipype.workflow  [0m|[34;20m [Node] Executing "ds_report_noisefit" <mriqc.interfaces.DerivativesDataSink>[0m
2026-03-27 05:26:59 |[34;20m INFO     [0m|[34;20m nipype.workflow  [0m|[34;20m [Node] Finished "ds_report_noisefit", elapsed time 0.004831s.[0m
2026-03-27 05:27:00 |[34;20m INFO     [0m|[34;20m nipype.workflow  [0m|[34;20m [Node] Finished "ComputeQI2", elapsed time 12.487284s.[0m
2026-03-27 05:27:01 |[34;20m INFO     [0m|[34;20m nipype.workflow  [0m|[34;20m [Node] Setting-up "mriqc_wf.anatMRIQC.brain_tissue_segmentation.segmentation" in "/local/nvme/ds006444_16.783915/ds/tmp/mriqc_wf/anatMRIQC/brain_tissue_segmentation/f547be37eee7acca9dd47210c361921f5877d171/segmentation".[0m
2026-03-27 05:27:01 |[34;20m INFO     [0m|[34;20m nipype.workflow  [0m|[34;20m [Node] Executing "segmentation" <nipype.interfaces.ants.segmentation.Atropos>[0m
2026-03-27 05:27:36 |[34;20m INFO     [0m|[34;20m nipype.workflow  [0m|[34;20m [Node] Finished "segmentation", elapsed time 34.940377s.[0m
2026-03-27 05:27:37 |[34;20m INFO     [0m|[34;20m nipype.workflow  [0m|[34;20m [Node] Setting-up "mriqc_wf.anatMRIQC.brain_tissue_segmentation.segmentation" in "/local/nvme/ds006444_16.783915/ds/tmp/mriqc_wf/anatMRIQC/brain_tissue_segmentation/1d0d98adb910509ebb5ebcfb1805fb42e3041484/segmentation".[0m
2026-03-27 05:27:37 |[34;20m INFO     [0m|[34;20m nipype.workflow  [0m|[34;20m [Node] Executing "segmentation" <nipype.interfaces.ants.segmentation.Atropos>[0m
2026-03-27 05:28:12 |[34;20m INFO     [0m|[34;20m nipype.workflow  [0m|[34;20m [Node] Finished "segmentation", elapsed time 34.782707s.[0m
2026-03-27 05:28:13 |[34;20m INFO     [0m|[34;20m nipype.workflow  [0m|[34;20m [Node] Setting-up "mriqc_wf.anatMRIQC.anat_report_wf.ds_report_noisefit" in "/local/nvme/ds006444_16.783915/ds/tmp/mriqc_wf/anatMRIQC/anat_report_wf/1d0d98adb910509ebb5ebcfb1805fb42e3041484/ds_report_noisefit".[0m
2026-03-27 05:28:13 |[34;20m INFO     [0m|[34;20m nipype.workflow  [0m|[34;20m [Node] Setting-up "mriqc_wf.anatMRIQC.ComputeIQMs.harmonize" in "/local/nvme/ds006444_16.783915/ds/tmp/mriqc_wf/anatMRIQC/ComputeIQMs/1d0d98adb910509ebb5ebcfb1805fb42e3041484/harmonize".[0m
2026-03-27 05:28:13 |[34;20m INFO     [0m|[34;20m nipype.workflow  [0m|[34;20m [Node] Setting-up "mriqc_wf.anatMRIQC.ComputeIQMs.harmonize" in "/local/nvme/ds006444_16.783915/ds/tmp/mriqc_wf/anatMRIQC/ComputeIQMs/f547be37eee7acca9dd47210c361921f5877d171/harmonize".[0m
2026-03-27 05:28:13 |[34;20m INFO     [0m|[34;20m nipype.workflow  [0m|[34;20m [Node] Setting-up "mriqc_wf.anatMRIQC.anat_report_wf.PlotSegmentation" in "/local/nvme/ds006444_16.783915/ds/tmp/mriqc_wf/anatMRIQC/anat_report_wf/1d0d98adb910509ebb5ebcfb1805fb42e3041484/PlotSegmentation".[0m
2026-03-27 05:28:13 |[34;20m INFO     [0m|[34;20m nipype.workflow  [0m|[34;20m [Node] Executing "harmonize" <mriqc.interfaces.anatomical.Harmonize>[0m
2026-03-27 05:28:13 |[34;20m INFO     [0m|[34;20m nipype.workflow  [0m|[34;20m [Node] Executing "PlotSegmentation" <nireports.interfaces.mosaic.PlotContours>[0m
2026-03-27 05:28:13 |[34;20m INFO     [0m|[34;20m nipype.workflow  [0m|[34;20m [Node] Executing "ds_report_noisefit" <mriqc.interfaces.DerivativesDataSink>[0m
2026-03-27 05:28:13 |[34;20m INFO     [0m|[34;20m nipype.workflow  [0m|[34;20m [Node] Setting-up "mriqc_wf.anatMRIQC.anat_report_wf.PlotSegmentation" in "/local/nvme/ds006444_16.783915/ds/tmp/mriqc_wf/anatMRIQC/anat_report_wf/f547be37eee7acca9dd47210c361921f5877d171/PlotSegmentation".[0m
2026-03-27 05:28:13 |[34;20m INFO     [0m|[34;20m nipype.workflow  [0m|[34;20m [Node] Executing "harmonize" <mriqc.interfaces.anatomical.Harmonize>[0m
2026-03-27 05:28:13 |[34;20m INFO     [0m|[34;20m nipype.workflow  [0m|[34;20m [Node] Executing "PlotSegmentation" <nireports.interfaces.mosaic.PlotContours>[0m
2026-03-27 05:28:13 |[34;20m INFO     [0m|[34;20m nipype.workflow  [0m|[34;20m [Node] Finished "ds_report_noisefit", elapsed time 0.006861s.[0m
2026-03-27 05:28:16 |[34;20m INFO     [0m|[34;20m nipype.workflow  [0m|[34;20m [Node] Finished "harmonize", elapsed time 2.853878s.[0m
2026-03-27 05:28:16 |[34;20m INFO     [0m|[34;20m nipype.workflow  [0m|[34;20m [Node] Finished "harmonize", elapsed time 2.9859299999999998s.[0m
2026-03-27 05:28:17 |[34;20m INFO     [0m|[34;20m nipype.workflow  [0m|[34;20m [Node] Setting-up "mriqc_wf.anatMRIQC.ComputeIQMs.measures" in "/local/nvme/ds006444_16.783915/ds/tmp/mriqc_wf/anatMRIQC/ComputeIQMs/1d0d98adb910509ebb5ebcfb1805fb42e3041484/measures".[0m
2026-03-27 05:28:17 |[34;20m INFO     [0m|[34;20m nipype.workflow  [0m|[34;20m [Node] Setting-up "mriqc_wf.anatMRIQC.ComputeIQMs.measures" in "/local/nvme/ds006444_16.783915/ds/tmp/mriqc_wf/anatMRIQC/ComputeIQMs/f547be37eee7acca9dd47210c361921f5877d171/measures".[0m
2026-03-27 05:28:17 |[34;20m INFO     [0m|[34;20m nipype.workflow  [0m|[34;20m [Node] Executing "measures" <mriqc.interfaces.anatomical.StructuralQC>[0m
2026-03-27 05:28:17 |[34;20m INFO     [0m|[34;20m nipype.workflow  [0m|[34;20m [Node] Executing "measures" <mriqc.interfaces.anatomical.StructuralQC>[0m
2026-03-27 05:28:20 |[34;20m INFO     [0m|[34;20m nipype.workflow  [0m|[34;20m [Node] Finished "PlotSegmentation", elapsed time 6.5420739999999995s.[0m
2026-03-27 05:28:20 |[34;20m INFO     [0m|[34;20m nipype.workflow  [0m|[34;20m [Node] Finished "PlotSegmentation", elapsed time 6.642744s.[0m
2026-03-27 05:28:21 |[34;20m INFO     [0m|[34;20m nipype.workflow  [0m|[34;20m [Node] Setting-up "mriqc_wf.anatMRIQC.anat_report_wf.ds_report_segm" in "/local/nvme/ds006444_16.783915/ds/tmp/mriqc_wf/anatMRIQC/anat_report_wf/f547be37eee7acca9dd47210c361921f5877d171/ds_report_segm".[0m
2026-03-27 05:28:21 |[34;20m INFO     [0m|[34;20m nipype.workflow  [0m|[34;20m [Node] Executing "ds_report_segm" <mriqc.interfaces.DerivativesDataSink>[0m
2026-03-27 05:28:21 |[34;20m INFO     [0m|[34;20m nipype.workflow  [0m|[34;20m [Node] Finished "ds_report_segm", elapsed time 0.004887s.[0m
2026-03-27 05:28:21 |[34;20m INFO     [0m|[34;20m nipype.workflow  [0m|[34;20m [Node] Setting-up "mriqc_wf.anatMRIQC.anat_report_wf.ds_report_segm" in "/local/nvme/ds006444_16.783915/ds/tmp/mriqc_wf/anatMRIQC/anat_report_wf/1d0d98adb910509ebb5ebcfb1805fb42e3041484/ds_report_segm".[0m
2026-03-27 05:28:21 |[34;20m INFO     [0m|[34;20m nipype.workflow  [0m|[34;20m [Node] Executing "ds_report_segm" <mriqc.interfaces.DerivativesDataSink>[0m
2026-03-27 05:28:21 |[34;20m INFO     [0m|[34;20m nipype.workflow  [0m|[34;20m [Node] Finished "ds_report_segm", elapsed time 0.004803s.[0m
2026-03-27 05:28:26 |[93;20m WARNING  [0m|[93;20m nipype.interface [0m|[93;20m Estimated signal variation in the background was too small (MAD=0.0, sigma=16.7916)[0m
2026-03-27 05:28:26 |[93;20m WARNING  [0m|[93;20m nipype.interface [0m|[93;20m Estimated signal variation in the background was too small (MAD=0.0, sigma=16.7916)[0m
2026-03-27 05:28:26 |[93;20m WARNING  [0m|[93;20m nipype.interface [0m|[93;20m Estimated signal variation in the background was too small (MAD=0.0, sigma=16.7916)[0m
2026-03-27 05:28:28 |[93;20m WARNING  [0m|[93;20m nipype.interface [0m|[93;20m Estimated signal variation in the background was too small (MAD=0.0, sigma=16.3316)[0m
2026-03-27 05:28:28 |[93;20m WARNING  [0m|[93;20m nipype.interface [0m|[93;20m Estimated signal variation in the background was too small (MAD=0.0, sigma=16.3316)[0m
2026-03-27 05:28:28 |[93;20m WARNING  [0m|[93;20m nipype.interface [0m|[93;20m Estimated signal variation in the background was too small (MAD=0.0, sigma=16.3316)[0m
2026-03-27 05:28:51 |[34;20m INFO     [0m|[34;20m nipype.workflow  [0m|[34;20m [Node] Finished "measures", elapsed time 33.637468s.[0m
2026-03-27 05:28:51 |[34;20m INFO     [0m|[34;20m nipype.workflow  [0m|[34;20m [Node] Setting-up "mriqc_wf.anatMRIQC.ComputeIQMs.datasink" in "/local/nvme/ds006444_16.783915/ds/tmp/mriqc_wf/anatMRIQC/ComputeIQMs/f547be37eee7acca9dd47210c361921f5877d171/datasink".[0m
2026-03-27 05:28:51 |[34;20m INFO     [0m|[34;20m nipype.workflow  [0m|[34;20m [Node] Executing "datasink" <mriqc.interfaces.bids.IQMFileSink>[0m
2026-03-27 05:28:51 |[34;20m INFO     [0m|[34;20m nipype.workflow  [0m|[34;20m [Node] Finished "datasink", elapsed time 0.00133s.[0m
2026-03-27 05:28:54 |[34;20m INFO     [0m|[34;20m nipype.workflow  [0m|[34;20m [Node] Finished "measures", elapsed time 36.917459s.[0m
2026-03-27 05:28:55 |[34;20m INFO     [0m|[34;20m nipype.workflow  [0m|[34;20m [Node] Setting-up "mriqc_wf.anatMRIQC.ComputeIQMs.datasink" in "/local/nvme/ds006444_16.783915/ds/tmp/mriqc_wf/anatMRIQC/ComputeIQMs/1d0d98adb910509ebb5ebcfb1805fb42e3041484/datasink".[0m
2026-03-27 05:28:55 |[34;20m INFO     [0m|[34;20m nipype.workflow  [0m|[34;20m [Node] Executing "datasink" <mriqc.interfaces.bids.IQMFileSink>[0m
2026-03-27 05:28:55 |[34;20m INFO     [0m|[34;20m nipype.workflow  [0m|[34;20m [Node] Finished "datasink", elapsed time 0.00052s.[0m
2026-03-27 05:28:57 |[34;20m INFO     [0m|[34;20m nipype.workflow  [0m|[34;20m Generating reports...[0m
2026-03-27 05:28:58 |[34;20m INFO     [0m|[34;20m nipype.workflow  [0m|[34;20m Report generation finished (2 reports).[0m
2026-03-27 05:28:58 |[33;20m IMPORTANT [0m|[33;20m mriqc            [0m|[33;20m Participant level finished successfully averaging 00h 03min 18s per subject.[0m
2026-03-27 05:28:58 |[34;20m INFO     [0m|[34;20m mriqc            [0m|[34;20m Generating BIDS derivatives metadata.[0m
----------------------------------------------------------------
  MRIQC completed (elapsed time 00h 06min 37s).
----------------------------------------------------------------

