------------------------------------------------------------------
  Running MRIQC version 24.1.0.dev0+gd5b13cb5.d20240826
  ----------------------------------------------------------------

  NOTICE
  Copyright © The NiPreps Developers.
  
  This product includes software developed by
  the NiPreps Community (https://nipreps.org/).
  
  Portions of this software were developed at the Department of
  Psychology at Stanford University, Stanford, CA, US.
  
  This software contains code ultimately derived from the
  PCP Quality Assessment Protocol (QAP;
  http://preprocessed-connectomes-project.org/quality-assessment-protocol)
  by C. Craddock, S. Giavasis, D. Clark, Z. Shezhad, and J. Pellman.
  
  This software is also distributed as a Docker container image.
  The bootstrapping file for the image ("Dockerfile") is licensed
  under the MIT License.

  ----------------------------------------------------------------

  * BIDS dataset path: /local/nvme/ds006444_02.783915/ds/sourcedata/raw.
  * Output folder: mriqc.
  * Analysis levels: ['participant'].
------------------------------------------------------------------

2026-03-27 05:22:24 |[33;20m IMPORTANT [0m|[33;20m mriqc            [0m|[33;20m Extracting metadata and entities for 2 input runs of modality 't1w'...[0m
2026-03-27 05:22:24 |[33;20m IMPORTANT [0m|[33;20m mriqc            [0m|[33;20m File size ('t1w'): 0.02|0.02 GB [maximum|average].[0m
2026-03-27 05:22:24 |[34;20m INFO     [0m|[34;20m mriqc            [0m|[34;20m MRIQC config file: /local/nvme/ds006444_02.783915/ds/tmp/config-20260327-052220_53014524-86a0-49fd-ab76-a5136bf414f1.toml.[0m
2026-03-27 05:22:29 |[34;20m INFO     [0m|[34;20m matplotlib.font_manager [0m|[34;20m generated new fontManager[0m
2026-03-27 05:22:30 |[33;20m IMPORTANT [0m|[33;20m mriqc            [0m|[33;20m Building MRIQC's workflows...[0m
2026-03-27 05:22:30 |[34;20m INFO     [0m|[34;20m nipype.workflow  [0m|[34;20m Building anatomical MRIQC workflow for 2 NIfTI files..[0m
2026-03-27 05:22:36 |[33;20m IMPORTANT [0m|[33;20m mriqc            [0m|[33;20m Workflow building finished (exit code 0).[0m
2026-03-27 05:22:41 |[34;20m INFO     [0m|[34;20m nipype.workflow  [0m|[34;20m Workflow mriqc_wf settings: ['check', 'execution', 'logging', 'monitoring'][0m
2026-03-27 05:22:41 |[34;20m INFO     [0m|[34;20m nipype.workflow  [0m|[34;20m [Node] Setting-up "mriqc_wf.anatMRIQC.conform" in "/local/nvme/ds006444_02.783915/ds/tmp/mriqc_wf/anatMRIQC/ee10c16b144b9e4c962e5f26a9924e74d85faae7/conform".[0m
2026-03-27 05:22:41 |[34;20m INFO     [0m|[34;20m nipype.workflow  [0m|[34;20m [Node] Setting-up "mriqc_wf.anatMRIQC.conform" in "/local/nvme/ds006444_02.783915/ds/tmp/mriqc_wf/anatMRIQC/9cd99b218d92395a8ccd8b7579715f1161fc679a/conform".[0m
2026-03-27 05:22:41 |[34;20m INFO     [0m|[34;20m nipype.workflow  [0m|[34;20m [Node] Executing "conform" <mriqc.interfaces.common.conform_image.ConformImage>[0m
2026-03-27 05:22:41 |[34;20m INFO     [0m|[34;20m nipype.workflow  [0m|[34;20m [Node] Executing "conform" <mriqc.interfaces.common.conform_image.ConformImage>[0m
2026-03-27 05:22:41 |[34;20m INFO     [0m|[34;20m nipype.workflow  [0m|[34;20m [Node] Finished "conform", elapsed time 0.086962s.[0m
2026-03-27 05:22:41 |[34;20m INFO     [0m|[34;20m nipype.workflow  [0m|[34;20m [Node] Finished "conform", elapsed time 0.090338s.[0m
2026-03-27 05:22:43 |[34;20m INFO     [0m|[34;20m nipype.workflow  [0m|[34;20m [Node] Setting-up "mriqc_wf.anatMRIQC.synthstrip_wf.pre_clip" in "/local/nvme/ds006444_02.783915/ds/tmp/mriqc_wf/anatMRIQC/synthstrip_wf/ee10c16b144b9e4c962e5f26a9924e74d85faae7/pre_clip".[0m
2026-03-27 05:22:43 |[34;20m INFO     [0m|[34;20m nipype.workflow  [0m|[34;20m [Node] Setting-up "mriqc_wf.anatMRIQC.AirMaskWorkflow.RotationMask" in "/local/nvme/ds006444_02.783915/ds/tmp/mriqc_wf/anatMRIQC/AirMaskWorkflow/ee10c16b144b9e4c962e5f26a9924e74d85faae7/RotationMask".[0m
2026-03-27 05:22:43 |[34;20m INFO     [0m|[34;20m nipype.workflow  [0m|[34;20m [Node] Setting-up "mriqc_wf.anatMRIQC.anat_report_wf.PlotMosaicNoise" in "/local/nvme/ds006444_02.783915/ds/tmp/mriqc_wf/anatMRIQC/anat_report_wf/ee10c16b144b9e4c962e5f26a9924e74d85faae7/PlotMosaicNoise".[0m
2026-03-27 05:22:43 |[34;20m INFO     [0m|[34;20m nipype.workflow  [0m|[34;20m [Node] Setting-up "mriqc_wf.anatMRIQC.synthstrip_wf.pre_clip" in "/local/nvme/ds006444_02.783915/ds/tmp/mriqc_wf/anatMRIQC/synthstrip_wf/9cd99b218d92395a8ccd8b7579715f1161fc679a/pre_clip".[0m
2026-03-27 05:22:43 |[34;20m INFO     [0m|[34;20m nipype.workflow  [0m|[34;20m [Node] Setting-up "mriqc_wf.anatMRIQC.AirMaskWorkflow.RotationMask" in "/local/nvme/ds006444_02.783915/ds/tmp/mriqc_wf/anatMRIQC/AirMaskWorkflow/9cd99b218d92395a8ccd8b7579715f1161fc679a/RotationMask".[0m
2026-03-27 05:22:43 |[34;20m INFO     [0m|[34;20m nipype.workflow  [0m|[34;20m [Node] Setting-up "mriqc_wf.anatMRIQC.anat_report_wf.PlotMosaicNoise" in "/local/nvme/ds006444_02.783915/ds/tmp/mriqc_wf/anatMRIQC/anat_report_wf/9cd99b218d92395a8ccd8b7579715f1161fc679a/PlotMosaicNoise".[0m
2026-03-27 05:22:43 |[34;20m INFO     [0m|[34;20m nipype.workflow  [0m|[34;20m [Node] Executing "RotationMask" <mriqc.interfaces.anatomical.RotationMask>[0m
2026-03-27 05:22:43 |[34;20m INFO     [0m|[34;20m nipype.workflow  [0m|[34;20m [Node] Executing "RotationMask" <mriqc.interfaces.anatomical.RotationMask>[0m
2026-03-27 05:22:43 |[34;20m INFO     [0m|[34;20m nipype.workflow  [0m|[34;20m [Node] Executing "pre_clip" <niworkflows.interfaces.nibabel.IntensityClip>[0m
2026-03-27 05:22:43 |[34;20m INFO     [0m|[34;20m nipype.workflow  [0m|[34;20m [Node] Executing "pre_clip" <niworkflows.interfaces.nibabel.IntensityClip>[0m
2026-03-27 05:22:43 |[34;20m INFO     [0m|[34;20m nipype.workflow  [0m|[34;20m [Node] Executing "PlotMosaicNoise" <nireports.interfaces.mosaic.PlotMosaic>[0m
2026-03-27 05:22:43 |[34;20m INFO     [0m|[34;20m nipype.workflow  [0m|[34;20m [Node] Executing "PlotMosaicNoise" <nireports.interfaces.mosaic.PlotMosaic>[0m
2026-03-27 05:22:43 |[34;20m INFO     [0m|[34;20m nipype.workflow  [0m|[34;20m [Node] Finished "RotationMask", elapsed time 0.480766s.[0m
2026-03-27 05:22:43 |[34;20m INFO     [0m|[34;20m nipype.workflow  [0m|[34;20m [Node] Finished "RotationMask", elapsed time 0.486493s.[0m
2026-03-27 05:22:50 |[34;20m INFO     [0m|[34;20m nipype.workflow  [0m|[34;20m [Node] Finished "PlotMosaicNoise", elapsed time 6.691936s.[0m
2026-03-27 05:22:50 |[34;20m INFO     [0m|[34;20m nipype.workflow  [0m|[34;20m [Node] Finished "PlotMosaicNoise", elapsed time 6.79363s.[0m
2026-03-27 05:22:51 |[34;20m INFO     [0m|[34;20m nipype.workflow  [0m|[34;20m [Node] Setting-up "mriqc_wf.anatMRIQC.anat_report_wf.ds_report_background" in "/local/nvme/ds006444_02.783915/ds/tmp/mriqc_wf/anatMRIQC/anat_report_wf/ee10c16b144b9e4c962e5f26a9924e74d85faae7/ds_report_background".[0m
2026-03-27 05:22:51 |[34;20m INFO     [0m|[34;20m nipype.workflow  [0m|[34;20m [Node] Executing "ds_report_background" <mriqc.interfaces.DerivativesDataSink>[0m
2026-03-27 05:22:51 |[34;20m INFO     [0m|[34;20m nipype.workflow  [0m|[34;20m [Node] Finished "ds_report_background", elapsed time 0.009045s.[0m
2026-03-27 05:22:51 |[34;20m INFO     [0m|[34;20m nipype.workflow  [0m|[34;20m [Node] Setting-up "mriqc_wf.anatMRIQC.anat_report_wf.ds_report_background" in "/local/nvme/ds006444_02.783915/ds/tmp/mriqc_wf/anatMRIQC/anat_report_wf/9cd99b218d92395a8ccd8b7579715f1161fc679a/ds_report_background".[0m
2026-03-27 05:22:51 |[34;20m INFO     [0m|[34;20m nipype.workflow  [0m|[34;20m [Node] Executing "ds_report_background" <mriqc.interfaces.DerivativesDataSink>[0m
2026-03-27 05:22:51 |[34;20m INFO     [0m|[34;20m nipype.workflow  [0m|[34;20m [Node] Finished "ds_report_background", elapsed time 0.004828s.[0m
2026-03-27 05:22:55 |[34;20m INFO     [0m|[34;20m nipype.workflow  [0m|[34;20m [Node] Finished "pre_clip", elapsed time 12.005268s.[0m
2026-03-27 05:22:55 |[34;20m INFO     [0m|[34;20m nipype.workflow  [0m|[34;20m [Node] Finished "pre_clip", elapsed time 12.087086s.[0m
2026-03-27 05:22:57 |[34;20m INFO     [0m|[34;20m nipype.workflow  [0m|[34;20m [Node] Setting-up "mriqc_wf.anatMRIQC.synthstrip_wf.pre_n4" in "/local/nvme/ds006444_02.783915/ds/tmp/mriqc_wf/anatMRIQC/synthstrip_wf/ee10c16b144b9e4c962e5f26a9924e74d85faae7/pre_n4".[0m
2026-03-27 05:22:57 |[34;20m INFO     [0m|[34;20m nipype.workflow  [0m|[34;20m [Node] Executing "pre_n4" <nipype.interfaces.ants.segmentation.N4BiasFieldCorrection>[0m
2026-03-27 05:23:12 |[34;20m INFO     [0m|[34;20m nipype.workflow  [0m|[34;20m [Node] Finished "pre_n4", elapsed time 14.664565s.[0m
2026-03-27 05:23:13 |[34;20m INFO     [0m|[34;20m nipype.workflow  [0m|[34;20m [Node] Setting-up "mriqc_wf.anatMRIQC.synthstrip_wf.pre_n4" in "/local/nvme/ds006444_02.783915/ds/tmp/mriqc_wf/anatMRIQC/synthstrip_wf/9cd99b218d92395a8ccd8b7579715f1161fc679a/pre_n4".[0m
2026-03-27 05:23:13 |[34;20m INFO     [0m|[34;20m nipype.workflow  [0m|[34;20m [Node] Executing "pre_n4" <nipype.interfaces.ants.segmentation.N4BiasFieldCorrection>[0m
2026-03-27 05:23:27 |[34;20m INFO     [0m|[34;20m nipype.workflow  [0m|[34;20m [Node] Finished "pre_n4", elapsed time 14.361471s.[0m
2026-03-27 05:23:29 |[34;20m INFO     [0m|[34;20m nipype.workflow  [0m|[34;20m [Node] Setting-up "mriqc_wf.anatMRIQC.synthstrip_wf.synthstrip" in "/local/nvme/ds006444_02.783915/ds/tmp/mriqc_wf/anatMRIQC/synthstrip_wf/ee10c16b144b9e4c962e5f26a9924e74d85faae7/synthstrip".[0m
2026-03-27 05:23:29 |[34;20m INFO     [0m|[34;20m nipype.workflow  [0m|[34;20m [Node] Executing "synthstrip" <mriqc.interfaces.synthstrip.SynthStrip>[0m
2026-03-27 05:24:02 |[34;20m INFO     [0m|[34;20m nipype.workflow  [0m|[34;20m [Node] Finished "synthstrip", elapsed time 33.242206s.[0m
2026-03-27 05:24:03 |[34;20m INFO     [0m|[34;20m nipype.workflow  [0m|[34;20m [Node] Setting-up "mriqc_wf.anatMRIQC.synthstrip_wf.synthstrip" in "/local/nvme/ds006444_02.783915/ds/tmp/mriqc_wf/anatMRIQC/synthstrip_wf/9cd99b218d92395a8ccd8b7579715f1161fc679a/synthstrip".[0m
2026-03-27 05:24:03 |[34;20m INFO     [0m|[34;20m nipype.workflow  [0m|[34;20m [Node] Executing "synthstrip" <mriqc.interfaces.synthstrip.SynthStrip>[0m
2026-03-27 05:24:33 |[34;20m INFO     [0m|[34;20m nipype.workflow  [0m|[34;20m [Node] Finished "synthstrip", elapsed time 30.586342s.[0m
2026-03-27 05:24:35 |[34;20m INFO     [0m|[34;20m nipype.workflow  [0m|[34;20m [Node] Setting-up "mriqc_wf.anatMRIQC.synthstrip_wf.post_n4" in "/local/nvme/ds006444_02.783915/ds/tmp/mriqc_wf/anatMRIQC/synthstrip_wf/ee10c16b144b9e4c962e5f26a9924e74d85faae7/post_n4".[0m
2026-03-27 05:24:35 |[34;20m INFO     [0m|[34;20m nipype.workflow  [0m|[34;20m [Node] Executing "post_n4" <nipype.interfaces.ants.segmentation.N4BiasFieldCorrection>[0m
2026-03-27 05:24:43 |[34;20m INFO     [0m|[34;20m nipype.workflow  [0m|[34;20m [Node] Finished "post_n4", elapsed time 7.447967s.[0m
2026-03-27 05:24:45 |[34;20m INFO     [0m|[34;20m nipype.workflow  [0m|[34;20m [Node] Setting-up "mriqc_wf.anatMRIQC.ComputeIQMs.smoothness" in "/local/nvme/ds006444_02.783915/ds/tmp/mriqc_wf/anatMRIQC/ComputeIQMs/ee10c16b144b9e4c962e5f26a9924e74d85faae7/smoothness".[0m
2026-03-27 05:24:45 |[34;20m INFO     [0m|[34;20m nipype.workflow  [0m|[34;20m [Node] Setting-up "mriqc_wf.anatMRIQC.anat_report_wf.PlotMosaicZoomed" in "/local/nvme/ds006444_02.783915/ds/tmp/mriqc_wf/anatMRIQC/anat_report_wf/ee10c16b144b9e4c962e5f26a9924e74d85faae7/PlotMosaicZoomed".[0m
2026-03-27 05:24:45 |[34;20m INFO     [0m|[34;20m nipype.workflow  [0m|[34;20m [Node] Setting-up "mriqc_wf.anatMRIQC.ComputeIQMs.smoothness" in "/local/nvme/ds006444_02.783915/ds/tmp/mriqc_wf/anatMRIQC/ComputeIQMs/9cd99b218d92395a8ccd8b7579715f1161fc679a/smoothness".[0m
2026-03-27 05:24:45 |[34;20m INFO     [0m|[34;20m nipype.workflow  [0m|[34;20m [Node] Setting-up "mriqc_wf.anatMRIQC.anat_report_wf.PlotBrainmask" in "/local/nvme/ds006444_02.783915/ds/tmp/mriqc_wf/anatMRIQC/anat_report_wf/9cd99b218d92395a8ccd8b7579715f1161fc679a/PlotBrainmask".[0m
2026-03-27 05:24:45 |[34;20m INFO     [0m|[34;20m nipype.workflow  [0m|[34;20m [Node] Setting-up "mriqc_wf.anatMRIQC.synthstrip_wf.final_masked" in "/local/nvme/ds006444_02.783915/ds/tmp/mriqc_wf/anatMRIQC/synthstrip_wf/ee10c16b144b9e4c962e5f26a9924e74d85faae7/final_masked".[0m
2026-03-27 05:24:45 |[34;20m INFO     [0m|[34;20m nipype.workflow  [0m|[34;20m [Node] Setting-up "mriqc_wf.anatMRIQC.anat_report_wf.PlotMosaicZoomed" in "/local/nvme/ds006444_02.783915/ds/tmp/mriqc_wf/anatMRIQC/anat_report_wf/9cd99b218d92395a8ccd8b7579715f1161fc679a/PlotMosaicZoomed".[0m
2026-03-27 05:24:45 |[34;20m INFO     [0m|[34;20m nipype.workflow  [0m|[34;20m [Node] Setting-up "mriqc_wf.anatMRIQC.anat_report_wf.PlotBrainmask" in "/local/nvme/ds006444_02.783915/ds/tmp/mriqc_wf/anatMRIQC/anat_report_wf/ee10c16b144b9e4c962e5f26a9924e74d85faae7/PlotBrainmask".[0m
2026-03-27 05:24:45 |[34;20m INFO     [0m|[34;20m nipype.workflow  [0m|[34;20m [Node] Executing "smoothness" <nipype.interfaces.afni.utils.FWHMx>[0m
2026-03-27 05:24:45 |[34;20m INFO     [0m|[34;20m nipype.workflow  [0m|[34;20m [Node] Executing "final_masked" <niworkflows.interfaces.nibabel.ApplyMask>[0m
2026-03-27 05:24:45 |[34;20m INFO     [0m|[34;20m nipype.workflow  [0m|[34;20m [Node] Executing "PlotBrainmask" <nireports.interfaces.mosaic.PlotContours>[0m
2026-03-27 05:24:45 |[34;20m INFO     [0m|[34;20m nipype.workflow  [0m|[34;20m [Node] Executing "smoothness" <nipype.interfaces.afni.utils.FWHMx>[0m
2026-03-27 05:24:45 |[34;20m INFO     [0m|[34;20m nipype.workflow  [0m|[34;20m [Node] Executing "PlotMosaicZoomed" <nireports.interfaces.mosaic.PlotMosaic>[0m
2026-03-27 05:24:45 |[34;20m INFO     [0m|[34;20m nipype.workflow  [0m|[34;20m [Node] Executing "PlotBrainmask" <nireports.interfaces.mosaic.PlotContours>[0m
2026-03-27 05:24:45 |[34;20m INFO     [0m|[34;20m nipype.workflow  [0m|[34;20m [Node] Executing "PlotMosaicZoomed" <nireports.interfaces.mosaic.PlotMosaic>[0m
2026-03-27 05:24:45 |[34;20m INFO     [0m|[34;20m nipype.workflow  [0m|[34;20m [Node] Finished "final_masked", elapsed time 0.277087s.[0m
2026-03-27 05:24:49 |[34;20m INFO     [0m|[34;20m nipype.workflow  [0m|[34;20m [Node] Finished "PlotMosaicZoomed", elapsed time 4.082873s.[0m
2026-03-27 05:24:49 |[34;20m INFO     [0m|[34;20m nipype.workflow  [0m|[34;20m [Node] Finished "PlotMosaicZoomed", elapsed time 4.504824s.[0m
2026-03-27 05:24:49 |[34;20m INFO     [0m|[34;20m nipype.workflow  [0m|[34;20m [Node] Finished "smoothness", elapsed time 4.538138s.[0m
2026-03-27 05:24:50 |[34;20m INFO     [0m|[34;20m nipype.workflow  [0m|[34;20m [Node] Finished "smoothness", elapsed time 4.597044s.[0m
2026-03-27 05:24:51 |[34;20m INFO     [0m|[34;20m nipype.workflow  [0m|[34;20m [Node] Finished "PlotBrainmask", elapsed time 5.805969s.[0m
2026-03-27 05:24:51 |[34;20m INFO     [0m|[34;20m nipype.workflow  [0m|[34;20m [Node] Setting-up "mriqc_wf.anatMRIQC.anat_report_wf.ds_report_zoomed" in "/local/nvme/ds006444_02.783915/ds/tmp/mriqc_wf/anatMRIQC/anat_report_wf/ee10c16b144b9e4c962e5f26a9924e74d85faae7/ds_report_zoomed".[0m
2026-03-27 05:24:51 |[34;20m INFO     [0m|[34;20m nipype.workflow  [0m|[34;20m [Node] Executing "ds_report_zoomed" <mriqc.interfaces.DerivativesDataSink>[0m
2026-03-27 05:24:51 |[34;20m INFO     [0m|[34;20m nipype.workflow  [0m|[34;20m [Node] Finished "ds_report_zoomed", elapsed time 0.005073s.[0m
2026-03-27 05:24:51 |[34;20m INFO     [0m|[34;20m nipype.workflow  [0m|[34;20m [Node] Setting-up "mriqc_wf.anatMRIQC.anat_report_wf.ds_report_zoomed" in "/local/nvme/ds006444_02.783915/ds/tmp/mriqc_wf/anatMRIQC/anat_report_wf/9cd99b218d92395a8ccd8b7579715f1161fc679a/ds_report_zoomed".[0m
2026-03-27 05:24:51 |[34;20m INFO     [0m|[34;20m nipype.workflow  [0m|[34;20m [Node] Executing "ds_report_zoomed" <mriqc.interfaces.DerivativesDataSink>[0m
2026-03-27 05:24:51 |[34;20m INFO     [0m|[34;20m nipype.workflow  [0m|[34;20m [Node] Finished "ds_report_zoomed", elapsed time 0.004868s.[0m
2026-03-27 05:24:51 |[34;20m INFO     [0m|[34;20m nipype.workflow  [0m|[34;20m [Node] Setting-up "mriqc_wf.anatMRIQC.anat_report_wf.ds_report_bmask" in "/local/nvme/ds006444_02.783915/ds/tmp/mriqc_wf/anatMRIQC/anat_report_wf/9cd99b218d92395a8ccd8b7579715f1161fc679a/ds_report_bmask".[0m
2026-03-27 05:24:51 |[34;20m INFO     [0m|[34;20m nipype.workflow  [0m|[34;20m [Node] Executing "ds_report_bmask" <mriqc.interfaces.DerivativesDataSink>[0m
2026-03-27 05:24:51 |[34;20m INFO     [0m|[34;20m nipype.workflow  [0m|[34;20m [Node] Finished "ds_report_bmask", elapsed time 0.004867s.[0m
2026-03-27 05:24:51 |[34;20m INFO     [0m|[34;20m nipype.workflow  [0m|[34;20m [Node] Finished "PlotBrainmask", elapsed time 6.31704s.[0m
2026-03-27 05:24:53 |[34;20m INFO     [0m|[34;20m nipype.workflow  [0m|[34;20m [Node] Setting-up "mriqc_wf.anatMRIQC.synthstrip_wf.post_n4" in "/local/nvme/ds006444_02.783915/ds/tmp/mriqc_wf/anatMRIQC/synthstrip_wf/9cd99b218d92395a8ccd8b7579715f1161fc679a/post_n4".[0m
2026-03-27 05:24:53 |[34;20m INFO     [0m|[34;20m nipype.workflow  [0m|[34;20m [Node] Executing "post_n4" <nipype.interfaces.ants.segmentation.N4BiasFieldCorrection>[0m
2026-03-27 05:25:00 |[34;20m INFO     [0m|[34;20m nipype.workflow  [0m|[34;20m [Node] Finished "post_n4", elapsed time 7.19618s.[0m
2026-03-27 05:25:01 |[34;20m INFO     [0m|[34;20m nipype.workflow  [0m|[34;20m [Node] Setting-up "mriqc_wf.anatMRIQC.SpatialNormalization.SpatialNormalization" in "/local/nvme/ds006444_02.783915/ds/tmp/mriqc_wf/anatMRIQC/SpatialNormalization/ee10c16b144b9e4c962e5f26a9924e74d85faae7/SpatialNormalization".[0m
2026-03-27 05:25:01 |[34;20m INFO     [0m|[34;20m nipype.workflow  [0m|[34;20m [Node] Executing "SpatialNormalization" <niworkflows.interfaces.reportlets.registration.SpatialNormalizationRPT>[0m
2026-03-27 05:25:03 |[34;20m INFO     [0m|[34;20m niworkflows      [0m|[34;20m Estimating initial transform using AffineInitializer[0m
2026-03-27 05:25:14 |[34;20m INFO     [0m|[34;20m niworkflows      [0m|[34;20m Terminal outputs of initialization saved (/local/nvme/ds006444_02.783915/ds/tmp/mriqc_wf/anatMRIQC/SpatialNormalization/ee10c16b144b9e4c962e5f26a9924e74d85faae7/SpatialNormalization/stderr.nipype-init).[0m
2026-03-27 05:25:14 |[34;20m INFO     [0m|[34;20m niworkflows      [0m|[34;20m Loading settings from file /opt/conda/lib/python3.11/site-packages/niworkflows/data/t1w-mni_registration_testing_000.json.[0m
2026-03-27 05:25:14 |[34;20m INFO     [0m|[34;20m niworkflows      [0m|[34;20m Retry #1, commandline: 
antsRegistration --collapse-output-transforms 1 --dimensionality 3 --float 0 --initial-moving-transform [ /local/nvme/ds006444_02.783915/ds/tmp/mriqc_wf/anatMRIQC/SpatialNormalization/ee10c16b144b9e4c962e5f26a9924e74d85faae7/SpatialNormalization/transform.mat, 0 ] --initialize-transforms-per-stage 0 --interpolation LanczosWindowedSinc --output [ ants_t1_to_mni, ants_t1_to_mni_Warped.nii.gz ] --transform Rigid[ 1.0 ] --metric Mattes[ /local/nvme/ds006444_02.783915/ds/tmp/mriqc_wf/anatMRIQC/SpatialNormalization/ee10c16b144b9e4c962e5f26a9924e74d85faae7/SpatialNormalization/fixed_masked.nii.gz, /local/nvme/ds006444_02.783915/ds/tmp/mriqc_wf/anatMRIQC/SpatialNormalization/ee10c16b144b9e4c962e5f26a9924e74d85faae7/SpatialNormalization/moving_masked.nii.gz, 1, 56, Random, 0.2 ] --convergence [ 20, 1e-07, 15 ] --smoothing-sigmas 4.0vox --shrink-factors 2 --use-histogram-matching 0 --transform Affine[ 1.0 ] --metric Mattes[ /local/nvme/ds006444_02.783915/ds/tmp/mriqc_wf/anatMRIQC/SpatialNormalization/ee10c16b144b9e4c962e5f26a9924e74d85faae7/SpatialNormalization/fixed_masked.nii.gz, /local/nvme/ds006444_02.783915/ds/tmp/mriqc_wf/anatMRIQC/SpatialNormalization/ee10c16b144b9e4c962e5f26a9924e74d85faae7/SpatialNormalization/moving_masked.nii.gz, 1, 56, Random, 0.1 ] --convergence [ 15, 1e-08, 5 ] --smoothing-sigmas 2.0vox --shrink-factors 1 --use-histogram-matching 1 --winsorize-image-intensities [ 0.005, 0.995 ]  --write-composite-transform 1[0m
2026-03-27 05:25:17 |[34;20m INFO     [0m|[34;20m niworkflows      [0m|[34;20m Successful spatial normalization (retry #1).[0m
2026-03-27 05:25:20 |[34;20m INFO     [0m|[34;20m niworkflows      [0m|[34;20m Report - setting fixed (/local/nvme/ds006444_02.783915/ds/tmp/mriqc_wf/anatMRIQC/SpatialNormalization/ee10c16b144b9e4c962e5f26a9924e74d85faae7/SpatialNormalization/fixed_masked.nii.gz) and moving (/local/nvme/ds006444_02.783915/ds/tmp/mriqc_wf/anatMRIQC/SpatialNormalization/ee10c16b144b9e4c962e5f26a9924e74d85faae7/SpatialNormalization/ants_t1_to_mni_Warped.nii.gz) images[0m
2026-03-27 05:25:20 |[34;20m INFO     [0m|[34;20m niworkflows      [0m|[34;20m Generating visual report[0m
2026-03-27 05:25:35 |[34;20m INFO     [0m|[34;20m nipype.workflow  [0m|[34;20m [Node] Finished "SpatialNormalization", elapsed time 33.790792s.[0m
2026-03-27 05:25:35 |[34;20m INFO     [0m|[34;20m nipype.workflow  [0m|[34;20m [Node] Setting-up "mriqc_wf.anatMRIQC.anat_report_wf.ds_report_bmask" in "/local/nvme/ds006444_02.783915/ds/tmp/mriqc_wf/anatMRIQC/anat_report_wf/ee10c16b144b9e4c962e5f26a9924e74d85faae7/ds_report_bmask".[0m
2026-03-27 05:25:35 |[34;20m INFO     [0m|[34;20m nipype.workflow  [0m|[34;20m [Node] Executing "ds_report_bmask" <mriqc.interfaces.DerivativesDataSink>[0m
2026-03-27 05:25:35 |[34;20m INFO     [0m|[34;20m nipype.workflow  [0m|[34;20m [Node] Finished "ds_report_bmask", elapsed time 0.005965s.[0m
2026-03-27 05:25:35 |[34;20m INFO     [0m|[34;20m nipype.workflow  [0m|[34;20m [Node] Setting-up "mriqc_wf.anatMRIQC.synthstrip_wf.final_masked" in "/local/nvme/ds006444_02.783915/ds/tmp/mriqc_wf/anatMRIQC/synthstrip_wf/9cd99b218d92395a8ccd8b7579715f1161fc679a/final_masked".[0m
2026-03-27 05:25:35 |[34;20m INFO     [0m|[34;20m nipype.workflow  [0m|[34;20m [Node] Executing "final_masked" <niworkflows.interfaces.nibabel.ApplyMask>[0m
2026-03-27 05:25:35 |[34;20m INFO     [0m|[34;20m nipype.workflow  [0m|[34;20m [Node] Setting-up "mriqc_wf.anatMRIQC.anat_report_wf.ds_report_norm" in "/local/nvme/ds006444_02.783915/ds/tmp/mriqc_wf/anatMRIQC/anat_report_wf/ee10c16b144b9e4c962e5f26a9924e74d85faae7/ds_report_norm".[0m
2026-03-27 05:25:35 |[34;20m INFO     [0m|[34;20m nipype.workflow  [0m|[34;20m [Node] Executing "ds_report_norm" <mriqc.interfaces.DerivativesDataSink>[0m
2026-03-27 05:25:35 |[34;20m INFO     [0m|[34;20m nipype.workflow  [0m|[34;20m [Node] Finished "ds_report_norm", elapsed time 0.004962s.[0m
2026-03-27 05:25:35 |[34;20m INFO     [0m|[34;20m nipype.workflow  [0m|[34;20m [Node] Finished "final_masked", elapsed time 0.281103s.[0m
2026-03-27 05:25:37 |[34;20m INFO     [0m|[34;20m nipype.workflow  [0m|[34;20m [Node] Setting-up "mriqc_wf.anatMRIQC.SpatialNormalization.SpatialNormalization" in "/local/nvme/ds006444_02.783915/ds/tmp/mriqc_wf/anatMRIQC/SpatialNormalization/9cd99b218d92395a8ccd8b7579715f1161fc679a/SpatialNormalization".[0m
2026-03-27 05:25:37 |[34;20m INFO     [0m|[34;20m nipype.workflow  [0m|[34;20m [Node] Executing "SpatialNormalization" <niworkflows.interfaces.reportlets.registration.SpatialNormalizationRPT>[0m
2026-03-27 05:25:39 |[34;20m INFO     [0m|[34;20m niworkflows      [0m|[34;20m Estimating initial transform using AffineInitializer[0m
2026-03-27 05:25:51 |[34;20m INFO     [0m|[34;20m niworkflows      [0m|[34;20m Terminal outputs of initialization saved (/local/nvme/ds006444_02.783915/ds/tmp/mriqc_wf/anatMRIQC/SpatialNormalization/9cd99b218d92395a8ccd8b7579715f1161fc679a/SpatialNormalization/stderr.nipype-init).[0m
2026-03-27 05:25:51 |[34;20m INFO     [0m|[34;20m niworkflows      [0m|[34;20m Loading settings from file /opt/conda/lib/python3.11/site-packages/niworkflows/data/t1w-mni_registration_testing_000.json.[0m
2026-03-27 05:25:51 |[34;20m INFO     [0m|[34;20m niworkflows      [0m|[34;20m Retry #1, commandline: 
antsRegistration --collapse-output-transforms 1 --dimensionality 3 --float 0 --initial-moving-transform [ /local/nvme/ds006444_02.783915/ds/tmp/mriqc_wf/anatMRIQC/SpatialNormalization/9cd99b218d92395a8ccd8b7579715f1161fc679a/SpatialNormalization/transform.mat, 0 ] --initialize-transforms-per-stage 0 --interpolation LanczosWindowedSinc --output [ ants_t1_to_mni, ants_t1_to_mni_Warped.nii.gz ] --transform Rigid[ 1.0 ] --metric Mattes[ /local/nvme/ds006444_02.783915/ds/tmp/mriqc_wf/anatMRIQC/SpatialNormalization/9cd99b218d92395a8ccd8b7579715f1161fc679a/SpatialNormalization/fixed_masked.nii.gz, /local/nvme/ds006444_02.783915/ds/tmp/mriqc_wf/anatMRIQC/SpatialNormalization/9cd99b218d92395a8ccd8b7579715f1161fc679a/SpatialNormalization/moving_masked.nii.gz, 1, 56, Random, 0.2 ] --convergence [ 20, 1e-07, 15 ] --smoothing-sigmas 4.0vox --shrink-factors 2 --use-histogram-matching 0 --transform Affine[ 1.0 ] --metric Mattes[ /local/nvme/ds006444_02.783915/ds/tmp/mriqc_wf/anatMRIQC/SpatialNormalization/9cd99b218d92395a8ccd8b7579715f1161fc679a/SpatialNormalization/fixed_masked.nii.gz, /local/nvme/ds006444_02.783915/ds/tmp/mriqc_wf/anatMRIQC/SpatialNormalization/9cd99b218d92395a8ccd8b7579715f1161fc679a/SpatialNormalization/moving_masked.nii.gz, 1, 56, Random, 0.1 ] --convergence [ 15, 1e-08, 5 ] --smoothing-sigmas 2.0vox --shrink-factors 1 --use-histogram-matching 1 --winsorize-image-intensities [ 0.005, 0.995 ]  --write-composite-transform 1[0m
2026-03-27 05:25:55 |[34;20m INFO     [0m|[34;20m niworkflows      [0m|[34;20m Successful spatial normalization (retry #1).[0m
2026-03-27 05:25:58 |[34;20m INFO     [0m|[34;20m niworkflows      [0m|[34;20m Report - setting fixed (/local/nvme/ds006444_02.783915/ds/tmp/mriqc_wf/anatMRIQC/SpatialNormalization/9cd99b218d92395a8ccd8b7579715f1161fc679a/SpatialNormalization/fixed_masked.nii.gz) and moving (/local/nvme/ds006444_02.783915/ds/tmp/mriqc_wf/anatMRIQC/SpatialNormalization/9cd99b218d92395a8ccd8b7579715f1161fc679a/SpatialNormalization/ants_t1_to_mni_Warped.nii.gz) images[0m
2026-03-27 05:25:58 |[34;20m INFO     [0m|[34;20m niworkflows      [0m|[34;20m Generating visual report[0m
2026-03-27 05:26:13 |[34;20m INFO     [0m|[34;20m nipype.workflow  [0m|[34;20m [Node] Finished "SpatialNormalization", elapsed time 35.740141s.[0m
2026-03-27 05:26:13 |[34;20m INFO     [0m|[34;20m nipype.workflow  [0m|[34;20m [Node] Setting-up "mriqc_wf.anatMRIQC.anat_report_wf.ds_report_norm" in "/local/nvme/ds006444_02.783915/ds/tmp/mriqc_wf/anatMRIQC/anat_report_wf/9cd99b218d92395a8ccd8b7579715f1161fc679a/ds_report_norm".[0m
2026-03-27 05:26:13 |[34;20m INFO     [0m|[34;20m nipype.workflow  [0m|[34;20m [Node] Executing "ds_report_norm" <mriqc.interfaces.DerivativesDataSink>[0m
2026-03-27 05:26:13 |[34;20m INFO     [0m|[34;20m nipype.workflow  [0m|[34;20m [Node] Finished "ds_report_norm", elapsed time 0.004801s.[0m
2026-03-27 05:26:13 |[34;20m INFO     [0m|[34;20m nipype.workflow  [0m|[34;20m [Node] Setting-up "_tpms_std2t1w0" in "/local/nvme/ds006444_02.783915/ds/tmp/mriqc_wf/anatMRIQC/SpatialNormalization/ee10c16b144b9e4c962e5f26a9924e74d85faae7/tpms_std2t1w/mapflow/_tpms_std2t1w0".[0m
2026-03-27 05:26:13 |[34;20m INFO     [0m|[34;20m nipype.workflow  [0m|[34;20m [Node] Setting-up "_tpms_std2t1w1" in "/local/nvme/ds006444_02.783915/ds/tmp/mriqc_wf/anatMRIQC/SpatialNormalization/ee10c16b144b9e4c962e5f26a9924e74d85faae7/tpms_std2t1w/mapflow/_tpms_std2t1w1".[0m
2026-03-27 05:26:13 |[34;20m INFO     [0m|[34;20m nipype.workflow  [0m|[34;20m [Node] Setting-up "_tpms_std2t1w2" in "/local/nvme/ds006444_02.783915/ds/tmp/mriqc_wf/anatMRIQC/SpatialNormalization/ee10c16b144b9e4c962e5f26a9924e74d85faae7/tpms_std2t1w/mapflow/_tpms_std2t1w2".[0m
2026-03-27 05:26:13 |[34;20m INFO     [0m|[34;20m nipype.workflow  [0m|[34;20m [Node] Executing "_tpms_std2t1w0" <niworkflows.interfaces.fixes.FixHeaderApplyTransforms>[0m
2026-03-27 05:26:13 |[34;20m INFO     [0m|[34;20m nipype.workflow  [0m|[34;20m [Node] Executing "_tpms_std2t1w2" <niworkflows.interfaces.fixes.FixHeaderApplyTransforms>[0m
2026-03-27 05:26:13 |[34;20m INFO     [0m|[34;20m nipype.workflow  [0m|[34;20m [Node] Executing "_tpms_std2t1w1" <niworkflows.interfaces.fixes.FixHeaderApplyTransforms>[0m
2026-03-27 05:26:15 |[34;20m INFO     [0m|[34;20m nipype.workflow  [0m|[34;20m [Node] Setting-up "_tpms_std2t1w0" in "/local/nvme/ds006444_02.783915/ds/tmp/mriqc_wf/anatMRIQC/SpatialNormalization/9cd99b218d92395a8ccd8b7579715f1161fc679a/tpms_std2t1w/mapflow/_tpms_std2t1w0".[0m
2026-03-27 05:26:15 |[34;20m INFO     [0m|[34;20m nipype.workflow  [0m|[34;20m [Node] Setting-up "_tpms_std2t1w1" in "/local/nvme/ds006444_02.783915/ds/tmp/mriqc_wf/anatMRIQC/SpatialNormalization/9cd99b218d92395a8ccd8b7579715f1161fc679a/tpms_std2t1w/mapflow/_tpms_std2t1w1".[0m
2026-03-27 05:26:15 |[34;20m INFO     [0m|[34;20m nipype.workflow  [0m|[34;20m [Node] Executing "_tpms_std2t1w0" <niworkflows.interfaces.fixes.FixHeaderApplyTransforms>[0m
2026-03-27 05:26:15 |[34;20m INFO     [0m|[34;20m nipype.workflow  [0m|[34;20m [Node] Executing "_tpms_std2t1w1" <niworkflows.interfaces.fixes.FixHeaderApplyTransforms>[0m
2026-03-27 05:26:15 |[34;20m INFO     [0m|[34;20m nipype.workflow  [0m|[34;20m [Node] Setting-up "_tpms_std2t1w2" in "/local/nvme/ds006444_02.783915/ds/tmp/mriqc_wf/anatMRIQC/SpatialNormalization/9cd99b218d92395a8ccd8b7579715f1161fc679a/tpms_std2t1w/mapflow/_tpms_std2t1w2".[0m
2026-03-27 05:26:15 |[34;20m INFO     [0m|[34;20m nipype.workflow  [0m|[34;20m [Node] Executing "_tpms_std2t1w2" <niworkflows.interfaces.fixes.FixHeaderApplyTransforms>[0m
2026-03-27 05:26:19 |[34;20m INFO     [0m|[34;20m nipype.workflow  [0m|[34;20m [Node] Finished "_tpms_std2t1w2", elapsed time 6.220083s.[0m
2026-03-27 05:26:19 |[34;20m INFO     [0m|[34;20m nipype.workflow  [0m|[34;20m [Node] Finished "_tpms_std2t1w1", elapsed time 6.429763s.[0m
2026-03-27 05:26:19 |[34;20m INFO     [0m|[34;20m nipype.workflow  [0m|[34;20m [Node] Finished "_tpms_std2t1w0", elapsed time 6.260406s.[0m
2026-03-27 05:26:21 |[34;20m INFO     [0m|[34;20m nipype.workflow  [0m|[34;20m [Node] Setting-up "_tpms_std2t1w0" in "/local/nvme/ds006444_02.783915/ds/tmp/mriqc_wf/anatMRIQC/SpatialNormalization/ee10c16b144b9e4c962e5f26a9924e74d85faae7/tpms_std2t1w/mapflow/_tpms_std2t1w0".[0m
2026-03-27 05:26:21 |[34;20m INFO     [0m|[34;20m nipype.workflow  [0m|[34;20m [Node] Cached "_tpms_std2t1w0" - collecting precomputed outputs[0m
2026-03-27 05:26:21 |[34;20m INFO     [0m|[34;20m nipype.workflow  [0m|[34;20m [Node] "_tpms_std2t1w0" found cached.[0m
2026-03-27 05:26:21 |[34;20m INFO     [0m|[34;20m nipype.workflow  [0m|[34;20m [Node] Setting-up "_tpms_std2t1w1" in "/local/nvme/ds006444_02.783915/ds/tmp/mriqc_wf/anatMRIQC/SpatialNormalization/ee10c16b144b9e4c962e5f26a9924e74d85faae7/tpms_std2t1w/mapflow/_tpms_std2t1w1".[0m
2026-03-27 05:26:21 |[34;20m INFO     [0m|[34;20m nipype.workflow  [0m|[34;20m [Node] Cached "_tpms_std2t1w1" - collecting precomputed outputs[0m
2026-03-27 05:26:21 |[34;20m INFO     [0m|[34;20m nipype.workflow  [0m|[34;20m [Node] "_tpms_std2t1w1" found cached.[0m
2026-03-27 05:26:21 |[34;20m INFO     [0m|[34;20m nipype.workflow  [0m|[34;20m [Node] Setting-up "_tpms_std2t1w2" in "/local/nvme/ds006444_02.783915/ds/tmp/mriqc_wf/anatMRIQC/SpatialNormalization/ee10c16b144b9e4c962e5f26a9924e74d85faae7/tpms_std2t1w/mapflow/_tpms_std2t1w2".[0m
2026-03-27 05:26:21 |[34;20m INFO     [0m|[34;20m nipype.workflow  [0m|[34;20m [Node] Cached "_tpms_std2t1w2" - collecting precomputed outputs[0m
2026-03-27 05:26:21 |[34;20m INFO     [0m|[34;20m nipype.workflow  [0m|[34;20m [Node] "_tpms_std2t1w2" found cached.[0m
2026-03-27 05:26:21 |[34;20m INFO     [0m|[34;20m nipype.workflow  [0m|[34;20m [Node] Finished "_tpms_std2t1w1", elapsed time 6.423283s.[0m
2026-03-27 05:26:21 |[34;20m INFO     [0m|[34;20m nipype.workflow  [0m|[34;20m [Node] Finished "_tpms_std2t1w2", elapsed time 6.470734s.[0m
2026-03-27 05:26:22 |[34;20m INFO     [0m|[34;20m nipype.workflow  [0m|[34;20m [Node] Finished "_tpms_std2t1w0", elapsed time 6.373142s.[0m
2026-03-27 05:26:23 |[34;20m INFO     [0m|[34;20m nipype.workflow  [0m|[34;20m [Node] Setting-up "mriqc_wf.anatMRIQC.brain_tissue_segmentation.format_tpm_names" in "/local/nvme/ds006444_02.783915/ds/tmp/mriqc_wf/anatMRIQC/brain_tissue_segmentation/ee10c16b144b9e4c962e5f26a9924e74d85faae7/format_tpm_names".[0m
2026-03-27 05:26:23 |[34;20m INFO     [0m|[34;20m nipype.workflow  [0m|[34;20m [Node] Setting-up "mriqc_wf.anatMRIQC.HeadMaskWorkflow.Enhance" in "/local/nvme/ds006444_02.783915/ds/tmp/mriqc_wf/anatMRIQC/HeadMaskWorkflow/ee10c16b144b9e4c962e5f26a9924e74d85faae7/Enhance".[0m
2026-03-27 05:26:23 |[34;20m INFO     [0m|[34;20m nipype.workflow  [0m|[34;20m [Node] Executing "format_tpm_names" <nipype.interfaces.utility.wrappers.Function>[0m
2026-03-27 05:26:23 |[34;20m INFO     [0m|[34;20m nipype.workflow  [0m|[34;20m [Node] Executing "Enhance" <nipype.interfaces.utility.wrappers.Function>[0m
2026-03-27 05:26:23 |[34;20m INFO     [0m|[34;20m nipype.workflow  [0m|[34;20m [Node] Setting-up "_tpms_std2t1w0" in "/local/nvme/ds006444_02.783915/ds/tmp/mriqc_wf/anatMRIQC/SpatialNormalization/9cd99b218d92395a8ccd8b7579715f1161fc679a/tpms_std2t1w/mapflow/_tpms_std2t1w0".[0m
2026-03-27 05:26:23 |[34;20m INFO     [0m|[34;20m nipype.workflow  [0m|[34;20m [Node] Cached "_tpms_std2t1w0" - collecting precomputed outputs[0m
2026-03-27 05:26:23 |[34;20m INFO     [0m|[34;20m nipype.workflow  [0m|[34;20m [Node] "_tpms_std2t1w0" found cached.[0m
2026-03-27 05:26:23 |[34;20m INFO     [0m|[34;20m nipype.workflow  [0m|[34;20m [Node] Setting-up "_tpms_std2t1w1" in "/local/nvme/ds006444_02.783915/ds/tmp/mriqc_wf/anatMRIQC/SpatialNormalization/9cd99b218d92395a8ccd8b7579715f1161fc679a/tpms_std2t1w/mapflow/_tpms_std2t1w1".[0m
2026-03-27 05:26:23 |[34;20m INFO     [0m|[34;20m nipype.workflow  [0m|[34;20m [Node] Cached "_tpms_std2t1w1" - collecting precomputed outputs[0m
2026-03-27 05:26:23 |[34;20m INFO     [0m|[34;20m nipype.workflow  [0m|[34;20m [Node] "_tpms_std2t1w1" found cached.[0m
2026-03-27 05:26:23 |[34;20m INFO     [0m|[34;20m nipype.workflow  [0m|[34;20m [Node] Setting-up "_tpms_std2t1w2" in "/local/nvme/ds006444_02.783915/ds/tmp/mriqc_wf/anatMRIQC/SpatialNormalization/9cd99b218d92395a8ccd8b7579715f1161fc679a/tpms_std2t1w/mapflow/_tpms_std2t1w2".[0m
2026-03-27 05:26:23 |[34;20m INFO     [0m|[34;20m nipype.workflow  [0m|[34;20m [Node] Cached "_tpms_std2t1w2" - collecting precomputed outputs[0m
2026-03-27 05:26:23 |[34;20m INFO     [0m|[34;20m nipype.workflow  [0m|[34;20m [Node] "_tpms_std2t1w2" found cached.[0m
2026-03-27 05:26:24 |[34;20m INFO     [0m|[34;20m nipype.workflow  [0m|[34;20m [Node] Finished "format_tpm_names", elapsed time 1.305835s.[0m
2026-03-27 05:26:25 |[34;20m INFO     [0m|[34;20m nipype.workflow  [0m|[34;20m [Node] Setting-up "mriqc_wf.anatMRIQC.HeadMaskWorkflow.Enhance" in "/local/nvme/ds006444_02.783915/ds/tmp/mriqc_wf/anatMRIQC/HeadMaskWorkflow/9cd99b218d92395a8ccd8b7579715f1161fc679a/Enhance".[0m
2026-03-27 05:26:25 |[34;20m INFO     [0m|[34;20m nipype.workflow  [0m|[34;20m [Node] Setting-up "mriqc_wf.anatMRIQC.brain_tissue_segmentation.format_tpm_names" in "/local/nvme/ds006444_02.783915/ds/tmp/mriqc_wf/anatMRIQC/brain_tissue_segmentation/9cd99b218d92395a8ccd8b7579715f1161fc679a/format_tpm_names".[0m
2026-03-27 05:26:25 |[34;20m INFO     [0m|[34;20m nipype.workflow  [0m|[34;20m [Node] Executing "Enhance" <nipype.interfaces.utility.wrappers.Function>[0m
2026-03-27 05:26:25 |[34;20m INFO     [0m|[34;20m nipype.workflow  [0m|[34;20m [Node] Executing "format_tpm_names" <nipype.interfaces.utility.wrappers.Function>[0m
2026-03-27 05:26:26 |[34;20m INFO     [0m|[34;20m nipype.workflow  [0m|[34;20m [Node] Finished "Enhance", elapsed time 2.581198s.[0m
2026-03-27 05:26:26 |[34;20m INFO     [0m|[34;20m nipype.workflow  [0m|[34;20m [Node] Finished "Enhance", elapsed time 1.066669s.[0m
2026-03-27 05:26:26 |[34;20m INFO     [0m|[34;20m nipype.workflow  [0m|[34;20m [Node] Finished "format_tpm_names", elapsed time 1.31131s.[0m
2026-03-27 05:26:27 |[34;20m INFO     [0m|[34;20m nipype.workflow  [0m|[34;20m [Node] Setting-up "mriqc_wf.anatMRIQC.HeadMaskWorkflow.Grad" in "/local/nvme/ds006444_02.783915/ds/tmp/mriqc_wf/anatMRIQC/HeadMaskWorkflow/ee10c16b144b9e4c962e5f26a9924e74d85faae7/Grad".[0m
2026-03-27 05:26:27 |[34;20m INFO     [0m|[34;20m nipype.workflow  [0m|[34;20m [Node] Setting-up "mriqc_wf.anatMRIQC.HeadMaskWorkflow.apply_mask" in "/local/nvme/ds006444_02.783915/ds/tmp/mriqc_wf/anatMRIQC/HeadMaskWorkflow/ee10c16b144b9e4c962e5f26a9924e74d85faae7/apply_mask".[0m
2026-03-27 05:26:27 |[34;20m INFO     [0m|[34;20m nipype.workflow  [0m|[34;20m [Node] Setting-up "mriqc_wf.anatMRIQC.HeadMaskWorkflow.apply_mask" in "/local/nvme/ds006444_02.783915/ds/tmp/mriqc_wf/anatMRIQC/HeadMaskWorkflow/9cd99b218d92395a8ccd8b7579715f1161fc679a/apply_mask".[0m
2026-03-27 05:26:27 |[34;20m INFO     [0m|[34;20m nipype.workflow  [0m|[34;20m [Node] Setting-up "mriqc_wf.anatMRIQC.HeadMaskWorkflow.Grad" in "/local/nvme/ds006444_02.783915/ds/tmp/mriqc_wf/anatMRIQC/HeadMaskWorkflow/9cd99b218d92395a8ccd8b7579715f1161fc679a/Grad".[0m
2026-03-27 05:26:27 |[34;20m INFO     [0m|[34;20m nipype.workflow  [0m|[34;20m [Node] Executing "Grad" <nipype.interfaces.utility.wrappers.Function>[0m
2026-03-27 05:26:27 |[34;20m INFO     [0m|[34;20m nipype.workflow  [0m|[34;20m [Node] Executing "apply_mask" <niworkflows.interfaces.nibabel.ApplyMask>[0m
2026-03-27 05:26:27 |[34;20m INFO     [0m|[34;20m nipype.workflow  [0m|[34;20m [Node] Executing "apply_mask" <niworkflows.interfaces.nibabel.ApplyMask>[0m
2026-03-27 05:26:27 |[34;20m INFO     [0m|[34;20m nipype.workflow  [0m|[34;20m [Node] Executing "Grad" <nipype.interfaces.utility.wrappers.Function>[0m
2026-03-27 05:26:27 |[34;20m INFO     [0m|[34;20m nipype.workflow  [0m|[34;20m [Node] Finished "apply_mask", elapsed time 0.257645s.[0m
2026-03-27 05:26:27 |[34;20m INFO     [0m|[34;20m nipype.workflow  [0m|[34;20m [Node] Finished "apply_mask", elapsed time 0.266385s.[0m
2026-03-27 05:26:29 |[34;20m INFO     [0m|[34;20m nipype.workflow  [0m|[34;20m [Node] Finished "Grad", elapsed time 1.696768s.[0m
2026-03-27 05:26:29 |[34;20m INFO     [0m|[34;20m nipype.workflow  [0m|[34;20m [Node] Setting-up "mriqc_wf.anatMRIQC.HeadMaskWorkflow.GradientThreshold" in "/local/nvme/ds006444_02.783915/ds/tmp/mriqc_wf/anatMRIQC/HeadMaskWorkflow/ee10c16b144b9e4c962e5f26a9924e74d85faae7/GradientThreshold".[0m
2026-03-27 05:26:29 |[34;20m INFO     [0m|[34;20m nipype.workflow  [0m|[34;20m [Node] Executing "GradientThreshold" <nipype.interfaces.utility.wrappers.Function>[0m
2026-03-27 05:26:30 |[34;20m INFO     [0m|[34;20m nipype.workflow  [0m|[34;20m [Node] Finished "Grad", elapsed time 3.403927s.[0m
2026-03-27 05:26:31 |[34;20m INFO     [0m|[34;20m nipype.workflow  [0m|[34;20m [Node] Setting-up "mriqc_wf.anatMRIQC.HeadMaskWorkflow.GradientThreshold" in "/local/nvme/ds006444_02.783915/ds/tmp/mriqc_wf/anatMRIQC/HeadMaskWorkflow/9cd99b218d92395a8ccd8b7579715f1161fc679a/GradientThreshold".[0m
2026-03-27 05:26:31 |[34;20m INFO     [0m|[34;20m nipype.workflow  [0m|[34;20m [Node] Executing "GradientThreshold" <nipype.interfaces.utility.wrappers.Function>[0m
2026-03-27 05:26:36 |[34;20m INFO     [0m|[34;20m nipype.workflow  [0m|[34;20m [Node] Finished "GradientThreshold", elapsed time 6.874038s.[0m
2026-03-27 05:26:37 |[34;20m INFO     [0m|[34;20m nipype.workflow  [0m|[34;20m [Node] Setting-up "mriqc_wf.anatMRIQC.AirMaskWorkflow.ArtifactMask" in "/local/nvme/ds006444_02.783915/ds/tmp/mriqc_wf/anatMRIQC/AirMaskWorkflow/ee10c16b144b9e4c962e5f26a9924e74d85faae7/ArtifactMask".[0m
2026-03-27 05:26:37 |[34;20m INFO     [0m|[34;20m nipype.workflow  [0m|[34;20m [Node] Setting-up "mriqc_wf.anatMRIQC.anat_report_wf.PlotHeadmask" in "/local/nvme/ds006444_02.783915/ds/tmp/mriqc_wf/anatMRIQC/anat_report_wf/ee10c16b144b9e4c962e5f26a9924e74d85faae7/PlotHeadmask".[0m
2026-03-27 05:26:37 |[34;20m INFO     [0m|[34;20m nipype.workflow  [0m|[34;20m [Node] Executing "PlotHeadmask" <nireports.interfaces.mosaic.PlotContours>[0m
2026-03-27 05:26:37 |[34;20m INFO     [0m|[34;20m nipype.workflow  [0m|[34;20m [Node] Executing "ArtifactMask" <mriqc.interfaces.anatomical.ArtifactMask>[0m
2026-03-27 05:26:38 |[34;20m INFO     [0m|[34;20m nipype.workflow  [0m|[34;20m [Node] Finished "GradientThreshold", elapsed time 6.91071s.[0m
2026-03-27 05:26:39 |[34;20m INFO     [0m|[34;20m nipype.workflow  [0m|[34;20m [Node] Setting-up "mriqc_wf.anatMRIQC.anat_report_wf.PlotHeadmask" in "/local/nvme/ds006444_02.783915/ds/tmp/mriqc_wf/anatMRIQC/anat_report_wf/9cd99b218d92395a8ccd8b7579715f1161fc679a/PlotHeadmask".[0m
2026-03-27 05:26:39 |[34;20m INFO     [0m|[34;20m nipype.workflow  [0m|[34;20m [Node] Setting-up "mriqc_wf.anatMRIQC.AirMaskWorkflow.ArtifactMask" in "/local/nvme/ds006444_02.783915/ds/tmp/mriqc_wf/anatMRIQC/AirMaskWorkflow/9cd99b218d92395a8ccd8b7579715f1161fc679a/ArtifactMask".[0m
2026-03-27 05:26:39 |[34;20m INFO     [0m|[34;20m nipype.workflow  [0m|[34;20m [Node] Executing "PlotHeadmask" <nireports.interfaces.mosaic.PlotContours>[0m
2026-03-27 05:26:39 |[34;20m INFO     [0m|[34;20m nipype.workflow  [0m|[34;20m [Node] Executing "ArtifactMask" <mriqc.interfaces.anatomical.ArtifactMask>[0m
2026-03-27 05:26:39 |[34;20m INFO     [0m|[34;20m nipype.workflow  [0m|[34;20m [Node] Finished "ArtifactMask", elapsed time 2.023875s.[0m
2026-03-27 05:26:41 |[34;20m INFO     [0m|[34;20m nipype.workflow  [0m|[34;20m [Node] Setting-up "mriqc_wf.anatMRIQC.ComputeIQMs.provenance" in "/local/nvme/ds006444_02.783915/ds/tmp/mriqc_wf/anatMRIQC/ComputeIQMs/ee10c16b144b9e4c962e5f26a9924e74d85faae7/provenance".[0m
2026-03-27 05:26:41 |[34;20m INFO     [0m|[34;20m nipype.workflow  [0m|[34;20m [Node] Executing "provenance" <mriqc.interfaces.reports.AddProvenance>[0m
2026-03-27 05:26:41 |[34;20m INFO     [0m|[34;20m nipype.workflow  [0m|[34;20m [Node] Finished "provenance", elapsed time 0.052643s.[0m
2026-03-27 05:26:41 |[34;20m INFO     [0m|[34;20m nipype.workflow  [0m|[34;20m [Node] Setting-up "mriqc_wf.anatMRIQC.ComputeIQMs.ComputeQI2" in "/local/nvme/ds006444_02.783915/ds/tmp/mriqc_wf/anatMRIQC/ComputeIQMs/ee10c16b144b9e4c962e5f26a9924e74d85faae7/ComputeQI2".[0m
2026-03-27 05:26:41 |[34;20m INFO     [0m|[34;20m nipype.workflow  [0m|[34;20m [Node] Setting-up "mriqc_wf.anatMRIQC.anat_report_wf.PlotArtmask" in "/local/nvme/ds006444_02.783915/ds/tmp/mriqc_wf/anatMRIQC/anat_report_wf/ee10c16b144b9e4c962e5f26a9924e74d85faae7/PlotArtmask".[0m
2026-03-27 05:26:41 |[34;20m INFO     [0m|[34;20m nipype.workflow  [0m|[34;20m [Node] Setting-up "mriqc_wf.anatMRIQC.anat_report_wf.PlotAirmask" in "/local/nvme/ds006444_02.783915/ds/tmp/mriqc_wf/anatMRIQC/anat_report_wf/ee10c16b144b9e4c962e5f26a9924e74d85faae7/PlotAirmask".[0m
2026-03-27 05:26:41 |[34;20m INFO     [0m|[34;20m nipype.workflow  [0m|[34;20m [Node] Executing "ComputeQI2" <mriqc.interfaces.anatomical.ComputeQI2>[0m
2026-03-27 05:26:41 |[34;20m INFO     [0m|[34;20m nipype.workflow  [0m|[34;20m [Node] Executing "PlotArtmask" <nireports.interfaces.mosaic.PlotContours>[0m
2026-03-27 05:26:41 |[34;20m INFO     [0m|[34;20m nipype.workflow  [0m|[34;20m [Node] Executing "PlotAirmask" <nireports.interfaces.mosaic.PlotContours>[0m
2026-03-27 05:26:43 |[34;20m INFO     [0m|[34;20m nipype.workflow  [0m|[34;20m [Node] Finished "ArtifactMask", elapsed time 3.724325s.[0m
2026-03-27 05:26:43 |[34;20m INFO     [0m|[34;20m nipype.workflow  [0m|[34;20m [Node] Finished "PlotHeadmask", elapsed time 5.918451s.[0m
2026-03-27 05:26:43 |[34;20m INFO     [0m|[34;20m nipype.workflow  [0m|[34;20m [Node] Setting-up "mriqc_wf.anatMRIQC.ComputeIQMs.provenance" in "/local/nvme/ds006444_02.783915/ds/tmp/mriqc_wf/anatMRIQC/ComputeIQMs/9cd99b218d92395a8ccd8b7579715f1161fc679a/provenance".[0m
2026-03-27 05:26:43 |[34;20m INFO     [0m|[34;20m nipype.workflow  [0m|[34;20m [Node] Executing "provenance" <mriqc.interfaces.reports.AddProvenance>[0m
2026-03-27 05:26:43 |[34;20m INFO     [0m|[34;20m nipype.workflow  [0m|[34;20m [Node] Finished "provenance", elapsed time 0.04866s.[0m
2026-03-27 05:26:43 |[34;20m INFO     [0m|[34;20m nipype.workflow  [0m|[34;20m [Node] Setting-up "mriqc_wf.anatMRIQC.ComputeIQMs.ComputeQI2" in "/local/nvme/ds006444_02.783915/ds/tmp/mriqc_wf/anatMRIQC/ComputeIQMs/9cd99b218d92395a8ccd8b7579715f1161fc679a/ComputeQI2".[0m
2026-03-27 05:26:43 |[34;20m INFO     [0m|[34;20m nipype.workflow  [0m|[34;20m [Node] Setting-up "mriqc_wf.anatMRIQC.anat_report_wf.PlotArtmask" in "/local/nvme/ds006444_02.783915/ds/tmp/mriqc_wf/anatMRIQC/anat_report_wf/9cd99b218d92395a8ccd8b7579715f1161fc679a/PlotArtmask".[0m
2026-03-27 05:26:43 |[34;20m INFO     [0m|[34;20m nipype.workflow  [0m|[34;20m [Node] Setting-up "mriqc_wf.anatMRIQC.anat_report_wf.PlotAirmask" in "/local/nvme/ds006444_02.783915/ds/tmp/mriqc_wf/anatMRIQC/anat_report_wf/9cd99b218d92395a8ccd8b7579715f1161fc679a/PlotAirmask".[0m
2026-03-27 05:26:43 |[34;20m INFO     [0m|[34;20m nipype.workflow  [0m|[34;20m [Node] Executing "ComputeQI2" <mriqc.interfaces.anatomical.ComputeQI2>[0m
2026-03-27 05:26:43 |[34;20m INFO     [0m|[34;20m nipype.workflow  [0m|[34;20m [Node] Executing "PlotArtmask" <nireports.interfaces.mosaic.PlotContours>[0m
2026-03-27 05:26:43 |[34;20m INFO     [0m|[34;20m nipype.workflow  [0m|[34;20m [Node] Executing "PlotAirmask" <nireports.interfaces.mosaic.PlotContours>[0m
2026-03-27 05:26:45 |[34;20m INFO     [0m|[34;20m nipype.workflow  [0m|[34;20m [Node] Finished "PlotHeadmask", elapsed time 5.637979s.[0m
2026-03-27 05:26:45 |[34;20m INFO     [0m|[34;20m nipype.workflow  [0m|[34;20m [Node] Setting-up "mriqc_wf.anatMRIQC.anat_report_wf.ds_report_headmask" in "/local/nvme/ds006444_02.783915/ds/tmp/mriqc_wf/anatMRIQC/anat_report_wf/ee10c16b144b9e4c962e5f26a9924e74d85faae7/ds_report_headmask".[0m
2026-03-27 05:26:45 |[34;20m INFO     [0m|[34;20m nipype.workflow  [0m|[34;20m [Node] Executing "ds_report_headmask" <mriqc.interfaces.DerivativesDataSink>[0m
2026-03-27 05:26:45 |[34;20m INFO     [0m|[34;20m nipype.workflow  [0m|[34;20m [Node] Finished "ds_report_headmask", elapsed time 0.004882s.[0m
2026-03-27 05:26:45 |[34;20m INFO     [0m|[34;20m nipype.workflow  [0m|[34;20m [Node] Setting-up "mriqc_wf.anatMRIQC.anat_report_wf.ds_report_headmask" in "/local/nvme/ds006444_02.783915/ds/tmp/mriqc_wf/anatMRIQC/anat_report_wf/9cd99b218d92395a8ccd8b7579715f1161fc679a/ds_report_headmask".[0m
2026-03-27 05:26:45 |[34;20m INFO     [0m|[34;20m nipype.workflow  [0m|[34;20m [Node] Executing "ds_report_headmask" <mriqc.interfaces.DerivativesDataSink>[0m
2026-03-27 05:26:45 |[34;20m INFO     [0m|[34;20m nipype.workflow  [0m|[34;20m [Node] Finished "ds_report_headmask", elapsed time 0.004753s.[0m
2026-03-27 05:26:46 |[34;20m INFO     [0m|[34;20m nipype.workflow  [0m|[34;20m [Node] Finished "PlotArtmask", elapsed time 4.743821s.[0m
2026-03-27 05:26:47 |[34;20m INFO     [0m|[34;20m nipype.workflow  [0m|[34;20m [Node] Finished "PlotAirmask", elapsed time 5.677261s.[0m
2026-03-27 05:26:47 |[34;20m INFO     [0m|[34;20m nipype.workflow  [0m|[34;20m [Node] Setting-up "mriqc_wf.anatMRIQC.anat_report_wf.ds_report_airmask" in "/local/nvme/ds006444_02.783915/ds/tmp/mriqc_wf/anatMRIQC/anat_report_wf/ee10c16b144b9e4c962e5f26a9924e74d85faae7/ds_report_airmask".[0m
2026-03-27 05:26:47 |[34;20m INFO     [0m|[34;20m nipype.workflow  [0m|[34;20m [Node] Executing "ds_report_airmask" <mriqc.interfaces.DerivativesDataSink>[0m
2026-03-27 05:26:47 |[34;20m INFO     [0m|[34;20m nipype.workflow  [0m|[34;20m [Node] Finished "ds_report_airmask", elapsed time 0.004824s.[0m
2026-03-27 05:26:47 |[34;20m INFO     [0m|[34;20m nipype.workflow  [0m|[34;20m [Node] Setting-up "mriqc_wf.anatMRIQC.anat_report_wf.ds_report_artmask" in "/local/nvme/ds006444_02.783915/ds/tmp/mriqc_wf/anatMRIQC/anat_report_wf/ee10c16b144b9e4c962e5f26a9924e74d85faae7/ds_report_artmask".[0m
2026-03-27 05:26:47 |[34;20m INFO     [0m|[34;20m nipype.workflow  [0m|[34;20m [Node] Executing "ds_report_artmask" <mriqc.interfaces.DerivativesDataSink>[0m
2026-03-27 05:26:47 |[34;20m INFO     [0m|[34;20m nipype.workflow  [0m|[34;20m [Node] Finished "ds_report_artmask", elapsed time 0.004822s.[0m
2026-03-27 05:26:48 |[34;20m INFO     [0m|[34;20m nipype.workflow  [0m|[34;20m [Node] Finished "PlotArtmask", elapsed time 4.930842s.[0m
2026-03-27 05:26:48 |[34;20m INFO     [0m|[34;20m nipype.workflow  [0m|[34;20m [Node] Finished "PlotAirmask", elapsed time 5.37682s.[0m
2026-03-27 05:26:49 |[34;20m INFO     [0m|[34;20m nipype.workflow  [0m|[34;20m [Node] Setting-up "mriqc_wf.anatMRIQC.anat_report_wf.ds_report_airmask" in "/local/nvme/ds006444_02.783915/ds/tmp/mriqc_wf/anatMRIQC/anat_report_wf/9cd99b218d92395a8ccd8b7579715f1161fc679a/ds_report_airmask".[0m
2026-03-27 05:26:49 |[34;20m INFO     [0m|[34;20m nipype.workflow  [0m|[34;20m [Node] Executing "ds_report_airmask" <mriqc.interfaces.DerivativesDataSink>[0m
2026-03-27 05:26:49 |[34;20m INFO     [0m|[34;20m nipype.workflow  [0m|[34;20m [Node] Finished "ds_report_airmask", elapsed time 0.004844s.[0m
2026-03-27 05:26:49 |[34;20m INFO     [0m|[34;20m nipype.workflow  [0m|[34;20m [Node] Setting-up "mriqc_wf.anatMRIQC.anat_report_wf.ds_report_artmask" in "/local/nvme/ds006444_02.783915/ds/tmp/mriqc_wf/anatMRIQC/anat_report_wf/9cd99b218d92395a8ccd8b7579715f1161fc679a/ds_report_artmask".[0m
2026-03-27 05:26:49 |[34;20m INFO     [0m|[34;20m nipype.workflow  [0m|[34;20m [Node] Executing "ds_report_artmask" <mriqc.interfaces.DerivativesDataSink>[0m
2026-03-27 05:26:49 |[34;20m INFO     [0m|[34;20m nipype.workflow  [0m|[34;20m [Node] Finished "ds_report_artmask", elapsed time 0.004842s.[0m
2026-03-27 05:26:54 |[34;20m INFO     [0m|[34;20m nipype.workflow  [0m|[34;20m [Node] Finished "ComputeQI2", elapsed time 12.65127s.[0m
2026-03-27 05:26:55 |[34;20m INFO     [0m|[34;20m nipype.workflow  [0m|[34;20m [Node] Setting-up "mriqc_wf.anatMRIQC.anat_report_wf.ds_report_noisefit" in "/local/nvme/ds006444_02.783915/ds/tmp/mriqc_wf/anatMRIQC/anat_report_wf/ee10c16b144b9e4c962e5f26a9924e74d85faae7/ds_report_noisefit".[0m
2026-03-27 05:26:55 |[34;20m INFO     [0m|[34;20m nipype.workflow  [0m|[34;20m [Node] Executing "ds_report_noisefit" <mriqc.interfaces.DerivativesDataSink>[0m
2026-03-27 05:26:55 |[34;20m INFO     [0m|[34;20m nipype.workflow  [0m|[34;20m [Node] Finished "ds_report_noisefit", elapsed time 0.004745s.[0m
2026-03-27 05:26:56 |[34;20m INFO     [0m|[34;20m nipype.workflow  [0m|[34;20m [Node] Finished "ComputeQI2", elapsed time 13.204788s.[0m
2026-03-27 05:26:57 |[34;20m INFO     [0m|[34;20m nipype.workflow  [0m|[34;20m [Node] Setting-up "mriqc_wf.anatMRIQC.brain_tissue_segmentation.segmentation" in "/local/nvme/ds006444_02.783915/ds/tmp/mriqc_wf/anatMRIQC/brain_tissue_segmentation/ee10c16b144b9e4c962e5f26a9924e74d85faae7/segmentation".[0m
2026-03-27 05:26:57 |[34;20m INFO     [0m|[34;20m nipype.workflow  [0m|[34;20m [Node] Executing "segmentation" <nipype.interfaces.ants.segmentation.Atropos>[0m
2026-03-27 05:27:33 |[34;20m INFO     [0m|[34;20m nipype.workflow  [0m|[34;20m [Node] Finished "segmentation", elapsed time 35.98296s.[0m
2026-03-27 05:27:35 |[34;20m INFO     [0m|[34;20m nipype.workflow  [0m|[34;20m [Node] Setting-up "mriqc_wf.anatMRIQC.brain_tissue_segmentation.segmentation" in "/local/nvme/ds006444_02.783915/ds/tmp/mriqc_wf/anatMRIQC/brain_tissue_segmentation/9cd99b218d92395a8ccd8b7579715f1161fc679a/segmentation".[0m
2026-03-27 05:27:35 |[34;20m INFO     [0m|[34;20m nipype.workflow  [0m|[34;20m [Node] Executing "segmentation" <nipype.interfaces.ants.segmentation.Atropos>[0m
2026-03-27 05:28:12 |[34;20m INFO     [0m|[34;20m nipype.workflow  [0m|[34;20m [Node] Finished "segmentation", elapsed time 37.2021s.[0m
2026-03-27 05:28:13 |[34;20m INFO     [0m|[34;20m nipype.workflow  [0m|[34;20m [Node] Setting-up "mriqc_wf.anatMRIQC.ComputeIQMs.harmonize" in "/local/nvme/ds006444_02.783915/ds/tmp/mriqc_wf/anatMRIQC/ComputeIQMs/ee10c16b144b9e4c962e5f26a9924e74d85faae7/harmonize".[0m
2026-03-27 05:28:13 |[34;20m INFO     [0m|[34;20m nipype.workflow  [0m|[34;20m [Node] Setting-up "mriqc_wf.anatMRIQC.anat_report_wf.ds_report_noisefit" in "/local/nvme/ds006444_02.783915/ds/tmp/mriqc_wf/anatMRIQC/anat_report_wf/9cd99b218d92395a8ccd8b7579715f1161fc679a/ds_report_noisefit".[0m
2026-03-27 05:28:13 |[34;20m INFO     [0m|[34;20m nipype.workflow  [0m|[34;20m [Node] Setting-up "mriqc_wf.anatMRIQC.anat_report_wf.PlotSegmentation" in "/local/nvme/ds006444_02.783915/ds/tmp/mriqc_wf/anatMRIQC/anat_report_wf/ee10c16b144b9e4c962e5f26a9924e74d85faae7/PlotSegmentation".[0m
2026-03-27 05:28:13 |[34;20m INFO     [0m|[34;20m nipype.workflow  [0m|[34;20m [Node] Setting-up "mriqc_wf.anatMRIQC.ComputeIQMs.harmonize" in "/local/nvme/ds006444_02.783915/ds/tmp/mriqc_wf/anatMRIQC/ComputeIQMs/9cd99b218d92395a8ccd8b7579715f1161fc679a/harmonize".[0m
2026-03-27 05:28:13 |[34;20m INFO     [0m|[34;20m nipype.workflow  [0m|[34;20m [Node] Setting-up "mriqc_wf.anatMRIQC.anat_report_wf.PlotSegmentation" in "/local/nvme/ds006444_02.783915/ds/tmp/mriqc_wf/anatMRIQC/anat_report_wf/9cd99b218d92395a8ccd8b7579715f1161fc679a/PlotSegmentation".[0m
2026-03-27 05:28:13 |[34;20m INFO     [0m|[34;20m nipype.workflow  [0m|[34;20m [Node] Executing "ds_report_noisefit" <mriqc.interfaces.DerivativesDataSink>[0m
2026-03-27 05:28:13 |[34;20m INFO     [0m|[34;20m nipype.workflow  [0m|[34;20m [Node] Executing "PlotSegmentation" <nireports.interfaces.mosaic.PlotContours>[0m
2026-03-27 05:28:13 |[34;20m INFO     [0m|[34;20m nipype.workflow  [0m|[34;20m [Node] Executing "PlotSegmentation" <nireports.interfaces.mosaic.PlotContours>[0m
2026-03-27 05:28:13 |[34;20m INFO     [0m|[34;20m nipype.workflow  [0m|[34;20m [Node] Executing "harmonize" <mriqc.interfaces.anatomical.Harmonize>[0m
2026-03-27 05:28:13 |[34;20m INFO     [0m|[34;20m nipype.workflow  [0m|[34;20m [Node] Executing "harmonize" <mriqc.interfaces.anatomical.Harmonize>[0m
2026-03-27 05:28:13 |[34;20m INFO     [0m|[34;20m nipype.workflow  [0m|[34;20m [Node] Finished "ds_report_noisefit", elapsed time 0.004905s.[0m
2026-03-27 05:28:16 |[34;20m INFO     [0m|[34;20m nipype.workflow  [0m|[34;20m [Node] Finished "harmonize", elapsed time 2.999499s.[0m
2026-03-27 05:28:16 |[34;20m INFO     [0m|[34;20m nipype.workflow  [0m|[34;20m [Node] Finished "harmonize", elapsed time 3.143112s.[0m
2026-03-27 05:28:17 |[34;20m INFO     [0m|[34;20m nipype.workflow  [0m|[34;20m [Node] Setting-up "mriqc_wf.anatMRIQC.ComputeIQMs.measures" in "/local/nvme/ds006444_02.783915/ds/tmp/mriqc_wf/anatMRIQC/ComputeIQMs/ee10c16b144b9e4c962e5f26a9924e74d85faae7/measures".[0m
2026-03-27 05:28:17 |[34;20m INFO     [0m|[34;20m nipype.workflow  [0m|[34;20m [Node] Setting-up "mriqc_wf.anatMRIQC.ComputeIQMs.measures" in "/local/nvme/ds006444_02.783915/ds/tmp/mriqc_wf/anatMRIQC/ComputeIQMs/9cd99b218d92395a8ccd8b7579715f1161fc679a/measures".[0m
2026-03-27 05:28:17 |[34;20m INFO     [0m|[34;20m nipype.workflow  [0m|[34;20m [Node] Executing "measures" <mriqc.interfaces.anatomical.StructuralQC>[0m
2026-03-27 05:28:17 |[34;20m INFO     [0m|[34;20m nipype.workflow  [0m|[34;20m [Node] Executing "measures" <mriqc.interfaces.anatomical.StructuralQC>[0m
2026-03-27 05:28:18 |[34;20m INFO     [0m|[34;20m nipype.workflow  [0m|[34;20m [Node] Finished "PlotSegmentation", elapsed time 5.362999s.[0m
2026-03-27 05:28:19 |[34;20m INFO     [0m|[34;20m nipype.workflow  [0m|[34;20m [Node] Setting-up "mriqc_wf.anatMRIQC.anat_report_wf.ds_report_segm" in "/local/nvme/ds006444_02.783915/ds/tmp/mriqc_wf/anatMRIQC/anat_report_wf/9cd99b218d92395a8ccd8b7579715f1161fc679a/ds_report_segm".[0m
2026-03-27 05:28:19 |[34;20m INFO     [0m|[34;20m nipype.workflow  [0m|[34;20m [Node] Executing "ds_report_segm" <mriqc.interfaces.DerivativesDataSink>[0m
2026-03-27 05:28:19 |[34;20m INFO     [0m|[34;20m nipype.workflow  [0m|[34;20m [Node] Finished "ds_report_segm", elapsed time 0.005158s.[0m
2026-03-27 05:28:19 |[34;20m INFO     [0m|[34;20m nipype.workflow  [0m|[34;20m [Node] Finished "PlotSegmentation", elapsed time 6.367445s.[0m
2026-03-27 05:28:21 |[34;20m INFO     [0m|[34;20m nipype.workflow  [0m|[34;20m [Node] Setting-up "mriqc_wf.anatMRIQC.anat_report_wf.ds_report_segm" in "/local/nvme/ds006444_02.783915/ds/tmp/mriqc_wf/anatMRIQC/anat_report_wf/ee10c16b144b9e4c962e5f26a9924e74d85faae7/ds_report_segm".[0m
2026-03-27 05:28:21 |[34;20m INFO     [0m|[34;20m nipype.workflow  [0m|[34;20m [Node] Executing "ds_report_segm" <mriqc.interfaces.DerivativesDataSink>[0m
2026-03-27 05:28:21 |[34;20m INFO     [0m|[34;20m nipype.workflow  [0m|[34;20m [Node] Finished "ds_report_segm", elapsed time 0.004808s.[0m
2026-03-27 05:28:24 |[93;20m WARNING  [0m|[93;20m nipype.interface [0m|[93;20m Estimated signal variation in the background was too small (MAD=0.0, sigma=16.7699)[0m
2026-03-27 05:28:24 |[93;20m WARNING  [0m|[93;20m nipype.interface [0m|[93;20m Estimated signal variation in the background was too small (MAD=0.0, sigma=16.7699)[0m
2026-03-27 05:28:24 |[93;20m WARNING  [0m|[93;20m nipype.interface [0m|[93;20m Estimated signal variation in the background was too small (MAD=0.0, sigma=16.7699)[0m
2026-03-27 05:28:27 |[93;20m WARNING  [0m|[93;20m nipype.interface [0m|[93;20m Estimated signal variation in the background was too small (MAD=0.0, sigma=19.675)[0m
2026-03-27 05:28:27 |[93;20m WARNING  [0m|[93;20m nipype.interface [0m|[93;20m Estimated signal variation in the background was too small (MAD=0.0, sigma=19.675)[0m
2026-03-27 05:28:27 |[93;20m WARNING  [0m|[93;20m nipype.interface [0m|[93;20m Estimated signal variation in the background was too small (MAD=0.0, sigma=19.675)[0m
2026-03-27 05:28:48 |[34;20m INFO     [0m|[34;20m nipype.workflow  [0m|[34;20m [Node] Finished "measures", elapsed time 31.448325s.[0m
2026-03-27 05:28:49 |[34;20m INFO     [0m|[34;20m nipype.workflow  [0m|[34;20m [Node] Setting-up "mriqc_wf.anatMRIQC.ComputeIQMs.datasink" in "/local/nvme/ds006444_02.783915/ds/tmp/mriqc_wf/anatMRIQC/ComputeIQMs/ee10c16b144b9e4c962e5f26a9924e74d85faae7/datasink".[0m
2026-03-27 05:28:49 |[34;20m INFO     [0m|[34;20m nipype.workflow  [0m|[34;20m [Node] Executing "datasink" <mriqc.interfaces.bids.IQMFileSink>[0m
2026-03-27 05:28:49 |[34;20m INFO     [0m|[34;20m nipype.workflow  [0m|[34;20m [Node] Finished "datasink", elapsed time 0.001658s.[0m
2026-03-27 05:28:54 |[34;20m INFO     [0m|[34;20m nipype.workflow  [0m|[34;20m [Node] Finished "measures", elapsed time 36.970598s.[0m
2026-03-27 05:28:55 |[34;20m INFO     [0m|[34;20m nipype.workflow  [0m|[34;20m [Node] Setting-up "mriqc_wf.anatMRIQC.ComputeIQMs.datasink" in "/local/nvme/ds006444_02.783915/ds/tmp/mriqc_wf/anatMRIQC/ComputeIQMs/9cd99b218d92395a8ccd8b7579715f1161fc679a/datasink".[0m
2026-03-27 05:28:55 |[34;20m INFO     [0m|[34;20m nipype.workflow  [0m|[34;20m [Node] Executing "datasink" <mriqc.interfaces.bids.IQMFileSink>[0m
2026-03-27 05:28:55 |[34;20m INFO     [0m|[34;20m nipype.workflow  [0m|[34;20m [Node] Finished "datasink", elapsed time 0.000535s.[0m
2026-03-27 05:28:57 |[34;20m INFO     [0m|[34;20m nipype.workflow  [0m|[34;20m Generating reports...[0m
2026-03-27 05:28:57 |[34;20m INFO     [0m|[34;20m nipype.workflow  [0m|[34;20m Report generation finished (2 reports).[0m
2026-03-27 05:28:57 |[33;20m IMPORTANT [0m|[33;20m mriqc            [0m|[33;20m Participant level finished successfully averaging 00h 03min 18s per subject.[0m
2026-03-27 05:28:57 |[34;20m INFO     [0m|[34;20m mriqc            [0m|[34;20m Generating BIDS derivatives metadata.[0m
----------------------------------------------------------------
  MRIQC completed (elapsed time 00h 06min 37s).
----------------------------------------------------------------

