------------------------------------------------------------------
  Running MRIQC version 24.1.0.dev0+gd5b13cb5.d20240826
  ----------------------------------------------------------------

  NOTICE
  Copyright © The NiPreps Developers.
  
  This product includes software developed by
  the NiPreps Community (https://nipreps.org/).
  
  Portions of this software were developed at the Department of
  Psychology at Stanford University, Stanford, CA, US.
  
  This software contains code ultimately derived from the
  PCP Quality Assessment Protocol (QAP;
  http://preprocessed-connectomes-project.org/quality-assessment-protocol)
  by C. Craddock, S. Giavasis, D. Clark, Z. Shezhad, and J. Pellman.
  
  This software is also distributed as a Docker container image.
  The bootstrapping file for the image ("Dockerfile") is licensed
  under the MIT License.

  ----------------------------------------------------------------

  * BIDS dataset path: /local/nvme/ds006444_04.783915/ds/sourcedata/raw.
  * Output folder: mriqc.
  * Analysis levels: ['participant'].
------------------------------------------------------------------

2026-03-27 05:22:24 |[33;20m IMPORTANT [0m|[33;20m mriqc            [0m|[33;20m Extracting metadata and entities for 2 input runs of modality 't1w'...[0m
2026-03-27 05:22:24 |[33;20m IMPORTANT [0m|[33;20m mriqc            [0m|[33;20m File size ('t1w'): 0.02|0.02 GB [maximum|average].[0m
2026-03-27 05:22:25 |[34;20m INFO     [0m|[34;20m mriqc            [0m|[34;20m MRIQC config file: /local/nvme/ds006444_04.783915/ds/tmp/config-20260327-052220_70b02f81-7ae4-44cc-91cf-1c23b02e75c7.toml.[0m
2026-03-27 05:22:29 |[34;20m INFO     [0m|[34;20m matplotlib.font_manager [0m|[34;20m generated new fontManager[0m
2026-03-27 05:22:30 |[33;20m IMPORTANT [0m|[33;20m mriqc            [0m|[33;20m Building MRIQC's workflows...[0m
2026-03-27 05:22:30 |[34;20m INFO     [0m|[34;20m nipype.workflow  [0m|[34;20m Building anatomical MRIQC workflow for 2 NIfTI files..[0m
2026-03-27 05:22:36 |[33;20m IMPORTANT [0m|[33;20m mriqc            [0m|[33;20m Workflow building finished (exit code 0).[0m
2026-03-27 05:22:41 |[34;20m INFO     [0m|[34;20m nipype.workflow  [0m|[34;20m Workflow mriqc_wf settings: ['check', 'execution', 'logging', 'monitoring'][0m
2026-03-27 05:22:41 |[34;20m INFO     [0m|[34;20m nipype.workflow  [0m|[34;20m [Node] Setting-up "mriqc_wf.anatMRIQC.conform" in "/local/nvme/ds006444_04.783915/ds/tmp/mriqc_wf/anatMRIQC/837798804dea4df9d1f01e5bb5b01e2a1bb798f9/conform".[0m
2026-03-27 05:22:41 |[34;20m INFO     [0m|[34;20m nipype.workflow  [0m|[34;20m [Node] Setting-up "mriqc_wf.anatMRIQC.conform" in "/local/nvme/ds006444_04.783915/ds/tmp/mriqc_wf/anatMRIQC/bc5595e1d1b0b270d62d2e91a8f1499d07e6e78a/conform".[0m
2026-03-27 05:22:41 |[34;20m INFO     [0m|[34;20m nipype.workflow  [0m|[34;20m [Node] Executing "conform" <mriqc.interfaces.common.conform_image.ConformImage>[0m
2026-03-27 05:22:41 |[34;20m INFO     [0m|[34;20m nipype.workflow  [0m|[34;20m [Node] Executing "conform" <mriqc.interfaces.common.conform_image.ConformImage>[0m
2026-03-27 05:22:41 |[34;20m INFO     [0m|[34;20m nipype.workflow  [0m|[34;20m [Node] Finished "conform", elapsed time 0.09219s.[0m
2026-03-27 05:22:41 |[34;20m INFO     [0m|[34;20m nipype.workflow  [0m|[34;20m [Node] Finished "conform", elapsed time 0.092552s.[0m
2026-03-27 05:22:43 |[34;20m INFO     [0m|[34;20m nipype.workflow  [0m|[34;20m [Node] Setting-up "mriqc_wf.anatMRIQC.synthstrip_wf.pre_clip" in "/local/nvme/ds006444_04.783915/ds/tmp/mriqc_wf/anatMRIQC/synthstrip_wf/837798804dea4df9d1f01e5bb5b01e2a1bb798f9/pre_clip".[0m
2026-03-27 05:22:43 |[34;20m INFO     [0m|[34;20m nipype.workflow  [0m|[34;20m [Node] Setting-up "mriqc_wf.anatMRIQC.AirMaskWorkflow.RotationMask" in "/local/nvme/ds006444_04.783915/ds/tmp/mriqc_wf/anatMRIQC/AirMaskWorkflow/837798804dea4df9d1f01e5bb5b01e2a1bb798f9/RotationMask".[0m
2026-03-27 05:22:43 |[34;20m INFO     [0m|[34;20m nipype.workflow  [0m|[34;20m [Node] Setting-up "mriqc_wf.anatMRIQC.anat_report_wf.PlotMosaicNoise" in "/local/nvme/ds006444_04.783915/ds/tmp/mriqc_wf/anatMRIQC/anat_report_wf/837798804dea4df9d1f01e5bb5b01e2a1bb798f9/PlotMosaicNoise".[0m
2026-03-27 05:22:43 |[34;20m INFO     [0m|[34;20m nipype.workflow  [0m|[34;20m [Node] Setting-up "mriqc_wf.anatMRIQC.synthstrip_wf.pre_clip" in "/local/nvme/ds006444_04.783915/ds/tmp/mriqc_wf/anatMRIQC/synthstrip_wf/bc5595e1d1b0b270d62d2e91a8f1499d07e6e78a/pre_clip".[0m
2026-03-27 05:22:43 |[34;20m INFO     [0m|[34;20m nipype.workflow  [0m|[34;20m [Node] Setting-up "mriqc_wf.anatMRIQC.AirMaskWorkflow.RotationMask" in "/local/nvme/ds006444_04.783915/ds/tmp/mriqc_wf/anatMRIQC/AirMaskWorkflow/bc5595e1d1b0b270d62d2e91a8f1499d07e6e78a/RotationMask".[0m
2026-03-27 05:22:43 |[34;20m INFO     [0m|[34;20m nipype.workflow  [0m|[34;20m [Node] Setting-up "mriqc_wf.anatMRIQC.anat_report_wf.PlotMosaicNoise" in "/local/nvme/ds006444_04.783915/ds/tmp/mriqc_wf/anatMRIQC/anat_report_wf/bc5595e1d1b0b270d62d2e91a8f1499d07e6e78a/PlotMosaicNoise".[0m
2026-03-27 05:22:43 |[34;20m INFO     [0m|[34;20m nipype.workflow  [0m|[34;20m [Node] Executing "RotationMask" <mriqc.interfaces.anatomical.RotationMask>[0m
2026-03-27 05:22:43 |[34;20m INFO     [0m|[34;20m nipype.workflow  [0m|[34;20m [Node] Executing "pre_clip" <niworkflows.interfaces.nibabel.IntensityClip>[0m
2026-03-27 05:22:43 |[34;20m INFO     [0m|[34;20m nipype.workflow  [0m|[34;20m [Node] Executing "pre_clip" <niworkflows.interfaces.nibabel.IntensityClip>[0m
2026-03-27 05:22:43 |[34;20m INFO     [0m|[34;20m nipype.workflow  [0m|[34;20m [Node] Executing "PlotMosaicNoise" <nireports.interfaces.mosaic.PlotMosaic>[0m
2026-03-27 05:22:43 |[34;20m INFO     [0m|[34;20m nipype.workflow  [0m|[34;20m [Node] Executing "PlotMosaicNoise" <nireports.interfaces.mosaic.PlotMosaic>[0m
2026-03-27 05:22:43 |[34;20m INFO     [0m|[34;20m nipype.workflow  [0m|[34;20m [Node] Executing "RotationMask" <mriqc.interfaces.anatomical.RotationMask>[0m
2026-03-27 05:22:44 |[34;20m INFO     [0m|[34;20m nipype.workflow  [0m|[34;20m [Node] Finished "RotationMask", elapsed time 0.459039s.[0m
2026-03-27 05:22:44 |[34;20m INFO     [0m|[34;20m nipype.workflow  [0m|[34;20m [Node] Finished "RotationMask", elapsed time 0.49107s.[0m
2026-03-27 05:22:50 |[34;20m INFO     [0m|[34;20m nipype.workflow  [0m|[34;20m [Node] Finished "PlotMosaicNoise", elapsed time 6.866479s.[0m
2026-03-27 05:22:50 |[34;20m INFO     [0m|[34;20m nipype.workflow  [0m|[34;20m [Node] Finished "PlotMosaicNoise", elapsed time 6.880229s.[0m
2026-03-27 05:22:51 |[34;20m INFO     [0m|[34;20m nipype.workflow  [0m|[34;20m [Node] Setting-up "mriqc_wf.anatMRIQC.anat_report_wf.ds_report_background" in "/local/nvme/ds006444_04.783915/ds/tmp/mriqc_wf/anatMRIQC/anat_report_wf/837798804dea4df9d1f01e5bb5b01e2a1bb798f9/ds_report_background".[0m
2026-03-27 05:22:51 |[34;20m INFO     [0m|[34;20m nipype.workflow  [0m|[34;20m [Node] Executing "ds_report_background" <mriqc.interfaces.DerivativesDataSink>[0m
2026-03-27 05:22:51 |[34;20m INFO     [0m|[34;20m nipype.workflow  [0m|[34;20m [Node] Finished "ds_report_background", elapsed time 0.009561s.[0m
2026-03-27 05:22:51 |[34;20m INFO     [0m|[34;20m nipype.workflow  [0m|[34;20m [Node] Setting-up "mriqc_wf.anatMRIQC.anat_report_wf.ds_report_background" in "/local/nvme/ds006444_04.783915/ds/tmp/mriqc_wf/anatMRIQC/anat_report_wf/bc5595e1d1b0b270d62d2e91a8f1499d07e6e78a/ds_report_background".[0m
2026-03-27 05:22:51 |[34;20m INFO     [0m|[34;20m nipype.workflow  [0m|[34;20m [Node] Executing "ds_report_background" <mriqc.interfaces.DerivativesDataSink>[0m
2026-03-27 05:22:51 |[34;20m INFO     [0m|[34;20m nipype.workflow  [0m|[34;20m [Node] Finished "ds_report_background", elapsed time 0.004976s.[0m
2026-03-27 05:22:55 |[34;20m INFO     [0m|[34;20m nipype.workflow  [0m|[34;20m [Node] Finished "pre_clip", elapsed time 11.826537s.[0m
2026-03-27 05:22:55 |[34;20m INFO     [0m|[34;20m nipype.workflow  [0m|[34;20m [Node] Finished "pre_clip", elapsed time 11.862752s.[0m
2026-03-27 05:22:57 |[34;20m INFO     [0m|[34;20m nipype.workflow  [0m|[34;20m [Node] Setting-up "mriqc_wf.anatMRIQC.synthstrip_wf.pre_n4" in "/local/nvme/ds006444_04.783915/ds/tmp/mriqc_wf/anatMRIQC/synthstrip_wf/837798804dea4df9d1f01e5bb5b01e2a1bb798f9/pre_n4".[0m
2026-03-27 05:22:57 |[34;20m INFO     [0m|[34;20m nipype.workflow  [0m|[34;20m [Node] Executing "pre_n4" <nipype.interfaces.ants.segmentation.N4BiasFieldCorrection>[0m
2026-03-27 05:23:12 |[34;20m INFO     [0m|[34;20m nipype.workflow  [0m|[34;20m [Node] Finished "pre_n4", elapsed time 15.00019s.[0m
2026-03-27 05:23:13 |[34;20m INFO     [0m|[34;20m nipype.workflow  [0m|[34;20m [Node] Setting-up "mriqc_wf.anatMRIQC.synthstrip_wf.pre_n4" in "/local/nvme/ds006444_04.783915/ds/tmp/mriqc_wf/anatMRIQC/synthstrip_wf/bc5595e1d1b0b270d62d2e91a8f1499d07e6e78a/pre_n4".[0m
2026-03-27 05:23:13 |[34;20m INFO     [0m|[34;20m nipype.workflow  [0m|[34;20m [Node] Executing "pre_n4" <nipype.interfaces.ants.segmentation.N4BiasFieldCorrection>[0m
2026-03-27 05:23:28 |[34;20m INFO     [0m|[34;20m nipype.workflow  [0m|[34;20m [Node] Finished "pre_n4", elapsed time 14.450131s.[0m
2026-03-27 05:23:29 |[34;20m INFO     [0m|[34;20m nipype.workflow  [0m|[34;20m [Node] Setting-up "mriqc_wf.anatMRIQC.synthstrip_wf.synthstrip" in "/local/nvme/ds006444_04.783915/ds/tmp/mriqc_wf/anatMRIQC/synthstrip_wf/837798804dea4df9d1f01e5bb5b01e2a1bb798f9/synthstrip".[0m
2026-03-27 05:23:29 |[34;20m INFO     [0m|[34;20m nipype.workflow  [0m|[34;20m [Node] Executing "synthstrip" <mriqc.interfaces.synthstrip.SynthStrip>[0m
2026-03-27 05:24:04 |[34;20m INFO     [0m|[34;20m nipype.workflow  [0m|[34;20m [Node] Finished "synthstrip", elapsed time 34.815367s.[0m
2026-03-27 05:24:05 |[34;20m INFO     [0m|[34;20m nipype.workflow  [0m|[34;20m [Node] Setting-up "mriqc_wf.anatMRIQC.synthstrip_wf.synthstrip" in "/local/nvme/ds006444_04.783915/ds/tmp/mriqc_wf/anatMRIQC/synthstrip_wf/bc5595e1d1b0b270d62d2e91a8f1499d07e6e78a/synthstrip".[0m
2026-03-27 05:24:05 |[34;20m INFO     [0m|[34;20m nipype.workflow  [0m|[34;20m [Node] Executing "synthstrip" <mriqc.interfaces.synthstrip.SynthStrip>[0m
2026-03-27 05:24:38 |[34;20m INFO     [0m|[34;20m nipype.workflow  [0m|[34;20m [Node] Finished "synthstrip", elapsed time 33.286527s.[0m
2026-03-27 05:24:39 |[34;20m INFO     [0m|[34;20m nipype.workflow  [0m|[34;20m [Node] Setting-up "mriqc_wf.anatMRIQC.synthstrip_wf.post_n4" in "/local/nvme/ds006444_04.783915/ds/tmp/mriqc_wf/anatMRIQC/synthstrip_wf/837798804dea4df9d1f01e5bb5b01e2a1bb798f9/post_n4".[0m
2026-03-27 05:24:39 |[34;20m INFO     [0m|[34;20m nipype.workflow  [0m|[34;20m [Node] Executing "post_n4" <nipype.interfaces.ants.segmentation.N4BiasFieldCorrection>[0m
2026-03-27 05:24:46 |[34;20m INFO     [0m|[34;20m nipype.workflow  [0m|[34;20m [Node] Finished "post_n4", elapsed time 6.830805s.[0m
2026-03-27 05:24:47 |[34;20m INFO     [0m|[34;20m nipype.workflow  [0m|[34;20m [Node] Setting-up "mriqc_wf.anatMRIQC.anat_report_wf.PlotMosaicZoomed" in "/local/nvme/ds006444_04.783915/ds/tmp/mriqc_wf/anatMRIQC/anat_report_wf/837798804dea4df9d1f01e5bb5b01e2a1bb798f9/PlotMosaicZoomed".[0m
2026-03-27 05:24:47 |[34;20m INFO     [0m|[34;20m nipype.workflow  [0m|[34;20m [Node] Setting-up "mriqc_wf.anatMRIQC.ComputeIQMs.smoothness" in "/local/nvme/ds006444_04.783915/ds/tmp/mriqc_wf/anatMRIQC/ComputeIQMs/837798804dea4df9d1f01e5bb5b01e2a1bb798f9/smoothness".[0m
2026-03-27 05:24:47 |[34;20m INFO     [0m|[34;20m nipype.workflow  [0m|[34;20m [Node] Setting-up "mriqc_wf.anatMRIQC.ComputeIQMs.smoothness" in "/local/nvme/ds006444_04.783915/ds/tmp/mriqc_wf/anatMRIQC/ComputeIQMs/bc5595e1d1b0b270d62d2e91a8f1499d07e6e78a/smoothness".[0m
2026-03-27 05:24:47 |[34;20m INFO     [0m|[34;20m nipype.workflow  [0m|[34;20m [Node] Setting-up "mriqc_wf.anatMRIQC.anat_report_wf.PlotBrainmask" in "/local/nvme/ds006444_04.783915/ds/tmp/mriqc_wf/anatMRIQC/anat_report_wf/837798804dea4df9d1f01e5bb5b01e2a1bb798f9/PlotBrainmask".[0m
2026-03-27 05:24:47 |[34;20m INFO     [0m|[34;20m nipype.workflow  [0m|[34;20m [Node] Setting-up "mriqc_wf.anatMRIQC.synthstrip_wf.final_masked" in "/local/nvme/ds006444_04.783915/ds/tmp/mriqc_wf/anatMRIQC/synthstrip_wf/837798804dea4df9d1f01e5bb5b01e2a1bb798f9/final_masked".[0m
2026-03-27 05:24:47 |[34;20m INFO     [0m|[34;20m nipype.workflow  [0m|[34;20m [Node] Setting-up "mriqc_wf.anatMRIQC.anat_report_wf.PlotMosaicZoomed" in "/local/nvme/ds006444_04.783915/ds/tmp/mriqc_wf/anatMRIQC/anat_report_wf/bc5595e1d1b0b270d62d2e91a8f1499d07e6e78a/PlotMosaicZoomed".[0m
2026-03-27 05:24:47 |[34;20m INFO     [0m|[34;20m nipype.workflow  [0m|[34;20m [Node] Setting-up "mriqc_wf.anatMRIQC.anat_report_wf.PlotBrainmask" in "/local/nvme/ds006444_04.783915/ds/tmp/mriqc_wf/anatMRIQC/anat_report_wf/bc5595e1d1b0b270d62d2e91a8f1499d07e6e78a/PlotBrainmask".[0m
2026-03-27 05:24:47 |[34;20m INFO     [0m|[34;20m nipype.workflow  [0m|[34;20m [Node] Executing "PlotMosaicZoomed" <nireports.interfaces.mosaic.PlotMosaic>[0m
2026-03-27 05:24:47 |[34;20m INFO     [0m|[34;20m nipype.workflow  [0m|[34;20m [Node] Executing "smoothness" <nipype.interfaces.afni.utils.FWHMx>[0m
2026-03-27 05:24:47 |[34;20m INFO     [0m|[34;20m nipype.workflow  [0m|[34;20m [Node] Executing "final_masked" <niworkflows.interfaces.nibabel.ApplyMask>[0m
2026-03-27 05:24:47 |[34;20m INFO     [0m|[34;20m nipype.workflow  [0m|[34;20m [Node] Executing "PlotBrainmask" <nireports.interfaces.mosaic.PlotContours>[0m
2026-03-27 05:24:47 |[34;20m INFO     [0m|[34;20m nipype.workflow  [0m|[34;20m [Node] Executing "PlotBrainmask" <nireports.interfaces.mosaic.PlotContours>[0m
2026-03-27 05:24:47 |[34;20m INFO     [0m|[34;20m nipype.workflow  [0m|[34;20m [Node] Executing "PlotMosaicZoomed" <nireports.interfaces.mosaic.PlotMosaic>[0m
2026-03-27 05:24:47 |[34;20m INFO     [0m|[34;20m nipype.workflow  [0m|[34;20m [Node] Executing "smoothness" <nipype.interfaces.afni.utils.FWHMx>[0m
2026-03-27 05:24:47 |[34;20m INFO     [0m|[34;20m nipype.workflow  [0m|[34;20m [Node] Finished "final_masked", elapsed time 0.258938s.[0m
2026-03-27 05:24:51 |[34;20m INFO     [0m|[34;20m nipype.workflow  [0m|[34;20m [Node] Finished "PlotMosaicZoomed", elapsed time 3.719108s.[0m
2026-03-27 05:24:51 |[34;20m INFO     [0m|[34;20m nipype.workflow  [0m|[34;20m [Node] Finished "PlotMosaicZoomed", elapsed time 3.89478s.[0m
2026-03-27 05:24:51 |[34;20m INFO     [0m|[34;20m nipype.workflow  [0m|[34;20m [Node] Setting-up "mriqc_wf.anatMRIQC.anat_report_wf.ds_report_zoomed" in "/local/nvme/ds006444_04.783915/ds/tmp/mriqc_wf/anatMRIQC/anat_report_wf/837798804dea4df9d1f01e5bb5b01e2a1bb798f9/ds_report_zoomed".[0m
2026-03-27 05:24:51 |[34;20m INFO     [0m|[34;20m nipype.workflow  [0m|[34;20m [Node] Executing "ds_report_zoomed" <mriqc.interfaces.DerivativesDataSink>[0m
2026-03-27 05:24:51 |[34;20m INFO     [0m|[34;20m nipype.workflow  [0m|[34;20m [Node] Finished "ds_report_zoomed", elapsed time 0.005014s.[0m
2026-03-27 05:24:51 |[34;20m INFO     [0m|[34;20m nipype.workflow  [0m|[34;20m [Node] Finished "smoothness", elapsed time 4.012025s.[0m
2026-03-27 05:24:51 |[34;20m INFO     [0m|[34;20m nipype.workflow  [0m|[34;20m [Node] Finished "smoothness", elapsed time 4.089467s.[0m
2026-03-27 05:24:53 |[34;20m INFO     [0m|[34;20m nipype.workflow  [0m|[34;20m [Node] Setting-up "mriqc_wf.anatMRIQC.anat_report_wf.ds_report_zoomed" in "/local/nvme/ds006444_04.783915/ds/tmp/mriqc_wf/anatMRIQC/anat_report_wf/bc5595e1d1b0b270d62d2e91a8f1499d07e6e78a/ds_report_zoomed".[0m
2026-03-27 05:24:53 |[34;20m INFO     [0m|[34;20m nipype.workflow  [0m|[34;20m [Node] Executing "ds_report_zoomed" <mriqc.interfaces.DerivativesDataSink>[0m
2026-03-27 05:24:53 |[34;20m INFO     [0m|[34;20m nipype.workflow  [0m|[34;20m [Node] Finished "ds_report_zoomed", elapsed time 0.005288s.[0m
2026-03-27 05:24:53 |[34;20m INFO     [0m|[34;20m nipype.workflow  [0m|[34;20m [Node] Finished "PlotBrainmask", elapsed time 6.298554s.[0m
2026-03-27 05:24:54 |[34;20m INFO     [0m|[34;20m nipype.workflow  [0m|[34;20m [Node] Finished "PlotBrainmask", elapsed time 6.688102s.[0m
2026-03-27 05:24:55 |[34;20m INFO     [0m|[34;20m nipype.workflow  [0m|[34;20m [Node] Setting-up "mriqc_wf.anatMRIQC.synthstrip_wf.post_n4" in "/local/nvme/ds006444_04.783915/ds/tmp/mriqc_wf/anatMRIQC/synthstrip_wf/bc5595e1d1b0b270d62d2e91a8f1499d07e6e78a/post_n4".[0m
2026-03-27 05:24:55 |[34;20m INFO     [0m|[34;20m nipype.workflow  [0m|[34;20m [Node] Executing "post_n4" <nipype.interfaces.ants.segmentation.N4BiasFieldCorrection>[0m
2026-03-27 05:25:02 |[34;20m INFO     [0m|[34;20m nipype.workflow  [0m|[34;20m [Node] Finished "post_n4", elapsed time 7.364671s.[0m
2026-03-27 05:25:03 |[34;20m INFO     [0m|[34;20m nipype.workflow  [0m|[34;20m [Node] Setting-up "mriqc_wf.anatMRIQC.SpatialNormalization.SpatialNormalization" in "/local/nvme/ds006444_04.783915/ds/tmp/mriqc_wf/anatMRIQC/SpatialNormalization/837798804dea4df9d1f01e5bb5b01e2a1bb798f9/SpatialNormalization".[0m
2026-03-27 05:25:03 |[34;20m INFO     [0m|[34;20m nipype.workflow  [0m|[34;20m [Node] Executing "SpatialNormalization" <niworkflows.interfaces.reportlets.registration.SpatialNormalizationRPT>[0m
2026-03-27 05:25:05 |[34;20m INFO     [0m|[34;20m niworkflows      [0m|[34;20m Estimating initial transform using AffineInitializer[0m
2026-03-27 05:25:19 |[34;20m INFO     [0m|[34;20m niworkflows      [0m|[34;20m Terminal outputs of initialization saved (/local/nvme/ds006444_04.783915/ds/tmp/mriqc_wf/anatMRIQC/SpatialNormalization/837798804dea4df9d1f01e5bb5b01e2a1bb798f9/SpatialNormalization/stderr.nipype-init).[0m
2026-03-27 05:25:19 |[34;20m INFO     [0m|[34;20m niworkflows      [0m|[34;20m Loading settings from file /opt/conda/lib/python3.11/site-packages/niworkflows/data/t1w-mni_registration_testing_000.json.[0m
2026-03-27 05:25:19 |[34;20m INFO     [0m|[34;20m niworkflows      [0m|[34;20m Retry #1, commandline: 
antsRegistration --collapse-output-transforms 1 --dimensionality 3 --float 0 --initial-moving-transform [ /local/nvme/ds006444_04.783915/ds/tmp/mriqc_wf/anatMRIQC/SpatialNormalization/837798804dea4df9d1f01e5bb5b01e2a1bb798f9/SpatialNormalization/transform.mat, 0 ] --initialize-transforms-per-stage 0 --interpolation LanczosWindowedSinc --output [ ants_t1_to_mni, ants_t1_to_mni_Warped.nii.gz ] --transform Rigid[ 1.0 ] --metric Mattes[ /local/nvme/ds006444_04.783915/ds/tmp/mriqc_wf/anatMRIQC/SpatialNormalization/837798804dea4df9d1f01e5bb5b01e2a1bb798f9/SpatialNormalization/fixed_masked.nii.gz, /local/nvme/ds006444_04.783915/ds/tmp/mriqc_wf/anatMRIQC/SpatialNormalization/837798804dea4df9d1f01e5bb5b01e2a1bb798f9/SpatialNormalization/moving_masked.nii.gz, 1, 56, Random, 0.2 ] --convergence [ 20, 1e-07, 15 ] --smoothing-sigmas 4.0vox --shrink-factors 2 --use-histogram-matching 0 --transform Affine[ 1.0 ] --metric Mattes[ /local/nvme/ds006444_04.783915/ds/tmp/mriqc_wf/anatMRIQC/SpatialNormalization/837798804dea4df9d1f01e5bb5b01e2a1bb798f9/SpatialNormalization/fixed_masked.nii.gz, /local/nvme/ds006444_04.783915/ds/tmp/mriqc_wf/anatMRIQC/SpatialNormalization/837798804dea4df9d1f01e5bb5b01e2a1bb798f9/SpatialNormalization/moving_masked.nii.gz, 1, 56, Random, 0.1 ] --convergence [ 15, 1e-08, 5 ] --smoothing-sigmas 2.0vox --shrink-factors 1 --use-histogram-matching 1 --winsorize-image-intensities [ 0.005, 0.995 ]  --write-composite-transform 1[0m
2026-03-27 05:25:22 |[34;20m INFO     [0m|[34;20m niworkflows      [0m|[34;20m Successful spatial normalization (retry #1).[0m
2026-03-27 05:25:25 |[34;20m INFO     [0m|[34;20m niworkflows      [0m|[34;20m Report - setting fixed (/local/nvme/ds006444_04.783915/ds/tmp/mriqc_wf/anatMRIQC/SpatialNormalization/837798804dea4df9d1f01e5bb5b01e2a1bb798f9/SpatialNormalization/fixed_masked.nii.gz) and moving (/local/nvme/ds006444_04.783915/ds/tmp/mriqc_wf/anatMRIQC/SpatialNormalization/837798804dea4df9d1f01e5bb5b01e2a1bb798f9/SpatialNormalization/ants_t1_to_mni_Warped.nii.gz) images[0m
2026-03-27 05:25:25 |[34;20m INFO     [0m|[34;20m niworkflows      [0m|[34;20m Generating visual report[0m
2026-03-27 05:25:40 |[34;20m INFO     [0m|[34;20m nipype.workflow  [0m|[34;20m [Node] Finished "SpatialNormalization", elapsed time 37.373255s.[0m
2026-03-27 05:25:41 |[34;20m INFO     [0m|[34;20m nipype.workflow  [0m|[34;20m [Node] Setting-up "mriqc_wf.anatMRIQC.anat_report_wf.ds_report_bmask" in "/local/nvme/ds006444_04.783915/ds/tmp/mriqc_wf/anatMRIQC/anat_report_wf/837798804dea4df9d1f01e5bb5b01e2a1bb798f9/ds_report_bmask".[0m
2026-03-27 05:25:41 |[34;20m INFO     [0m|[34;20m nipype.workflow  [0m|[34;20m [Node] Executing "ds_report_bmask" <mriqc.interfaces.DerivativesDataSink>[0m
2026-03-27 05:25:41 |[34;20m INFO     [0m|[34;20m nipype.workflow  [0m|[34;20m [Node] Finished "ds_report_bmask", elapsed time 0.004944s.[0m
2026-03-27 05:25:41 |[34;20m INFO     [0m|[34;20m nipype.workflow  [0m|[34;20m [Node] Setting-up "mriqc_wf.anatMRIQC.anat_report_wf.ds_report_bmask" in "/local/nvme/ds006444_04.783915/ds/tmp/mriqc_wf/anatMRIQC/anat_report_wf/bc5595e1d1b0b270d62d2e91a8f1499d07e6e78a/ds_report_bmask".[0m
2026-03-27 05:25:41 |[34;20m INFO     [0m|[34;20m nipype.workflow  [0m|[34;20m [Node] Setting-up "mriqc_wf.anatMRIQC.synthstrip_wf.final_masked" in "/local/nvme/ds006444_04.783915/ds/tmp/mriqc_wf/anatMRIQC/synthstrip_wf/bc5595e1d1b0b270d62d2e91a8f1499d07e6e78a/final_masked".[0m
2026-03-27 05:25:41 |[34;20m INFO     [0m|[34;20m nipype.workflow  [0m|[34;20m [Node] Executing "ds_report_bmask" <mriqc.interfaces.DerivativesDataSink>[0m
2026-03-27 05:25:41 |[34;20m INFO     [0m|[34;20m nipype.workflow  [0m|[34;20m [Node] Finished "ds_report_bmask", elapsed time 0.004804s.[0m
2026-03-27 05:25:41 |[34;20m INFO     [0m|[34;20m nipype.workflow  [0m|[34;20m [Node] Executing "final_masked" <niworkflows.interfaces.nibabel.ApplyMask>[0m
2026-03-27 05:25:41 |[34;20m INFO     [0m|[34;20m nipype.workflow  [0m|[34;20m [Node] Setting-up "mriqc_wf.anatMRIQC.anat_report_wf.ds_report_norm" in "/local/nvme/ds006444_04.783915/ds/tmp/mriqc_wf/anatMRIQC/anat_report_wf/837798804dea4df9d1f01e5bb5b01e2a1bb798f9/ds_report_norm".[0m
2026-03-27 05:25:41 |[34;20m INFO     [0m|[34;20m nipype.workflow  [0m|[34;20m [Node] Executing "ds_report_norm" <mriqc.interfaces.DerivativesDataSink>[0m
2026-03-27 05:25:41 |[34;20m INFO     [0m|[34;20m nipype.workflow  [0m|[34;20m [Node] Finished "ds_report_norm", elapsed time 0.004805s.[0m
2026-03-27 05:25:41 |[34;20m INFO     [0m|[34;20m nipype.workflow  [0m|[34;20m [Node] Finished "final_masked", elapsed time 0.258178s.[0m
2026-03-27 05:25:43 |[34;20m INFO     [0m|[34;20m nipype.workflow  [0m|[34;20m [Node] Setting-up "mriqc_wf.anatMRIQC.SpatialNormalization.SpatialNormalization" in "/local/nvme/ds006444_04.783915/ds/tmp/mriqc_wf/anatMRIQC/SpatialNormalization/bc5595e1d1b0b270d62d2e91a8f1499d07e6e78a/SpatialNormalization".[0m
2026-03-27 05:25:43 |[34;20m INFO     [0m|[34;20m nipype.workflow  [0m|[34;20m [Node] Executing "SpatialNormalization" <niworkflows.interfaces.reportlets.registration.SpatialNormalizationRPT>[0m
2026-03-27 05:25:45 |[34;20m INFO     [0m|[34;20m niworkflows      [0m|[34;20m Estimating initial transform using AffineInitializer[0m
2026-03-27 05:25:58 |[34;20m INFO     [0m|[34;20m niworkflows      [0m|[34;20m Loading settings from file /opt/conda/lib/python3.11/site-packages/niworkflows/data/t1w-mni_registration_testing_000.json.[0m
2026-03-27 05:25:58 |[34;20m INFO     [0m|[34;20m niworkflows      [0m|[34;20m Retry #1, commandline: 
antsRegistration --collapse-output-transforms 1 --dimensionality 3 --float 0 --initial-moving-transform [ /local/nvme/ds006444_04.783915/ds/tmp/mriqc_wf/anatMRIQC/SpatialNormalization/bc5595e1d1b0b270d62d2e91a8f1499d07e6e78a/SpatialNormalization/transform.mat, 0 ] --initialize-transforms-per-stage 0 --interpolation LanczosWindowedSinc --output [ ants_t1_to_mni, ants_t1_to_mni_Warped.nii.gz ] --transform Rigid[ 1.0 ] --metric Mattes[ /local/nvme/ds006444_04.783915/ds/tmp/mriqc_wf/anatMRIQC/SpatialNormalization/bc5595e1d1b0b270d62d2e91a8f1499d07e6e78a/SpatialNormalization/fixed_masked.nii.gz, /local/nvme/ds006444_04.783915/ds/tmp/mriqc_wf/anatMRIQC/SpatialNormalization/bc5595e1d1b0b270d62d2e91a8f1499d07e6e78a/SpatialNormalization/moving_masked.nii.gz, 1, 56, Random, 0.2 ] --convergence [ 20, 1e-07, 15 ] --smoothing-sigmas 4.0vox --shrink-factors 2 --use-histogram-matching 0 --transform Affine[ 1.0 ] --metric Mattes[ /local/nvme/ds006444_04.783915/ds/tmp/mriqc_wf/anatMRIQC/SpatialNormalization/bc5595e1d1b0b270d62d2e91a8f1499d07e6e78a/SpatialNormalization/fixed_masked.nii.gz, /local/nvme/ds006444_04.783915/ds/tmp/mriqc_wf/anatMRIQC/SpatialNormalization/bc5595e1d1b0b270d62d2e91a8f1499d07e6e78a/SpatialNormalization/moving_masked.nii.gz, 1, 56, Random, 0.1 ] --convergence [ 15, 1e-08, 5 ] --smoothing-sigmas 2.0vox --shrink-factors 1 --use-histogram-matching 1 --winsorize-image-intensities [ 0.005, 0.995 ]  --write-composite-transform 1[0m
2026-03-27 05:26:01 |[34;20m INFO     [0m|[34;20m niworkflows      [0m|[34;20m Successful spatial normalization (retry #1).[0m
2026-03-27 05:26:05 |[34;20m INFO     [0m|[34;20m niworkflows      [0m|[34;20m Report - setting fixed (/local/nvme/ds006444_04.783915/ds/tmp/mriqc_wf/anatMRIQC/SpatialNormalization/bc5595e1d1b0b270d62d2e91a8f1499d07e6e78a/SpatialNormalization/fixed_masked.nii.gz) and moving (/local/nvme/ds006444_04.783915/ds/tmp/mriqc_wf/anatMRIQC/SpatialNormalization/bc5595e1d1b0b270d62d2e91a8f1499d07e6e78a/SpatialNormalization/ants_t1_to_mni_Warped.nii.gz) images[0m
2026-03-27 05:26:05 |[34;20m INFO     [0m|[34;20m niworkflows      [0m|[34;20m Generating visual report[0m
2026-03-27 05:26:19 |[34;20m INFO     [0m|[34;20m nipype.workflow  [0m|[34;20m [Node] Finished "SpatialNormalization", elapsed time 36.296631s.[0m
2026-03-27 05:26:21 |[34;20m INFO     [0m|[34;20m nipype.workflow  [0m|[34;20m [Node] Setting-up "mriqc_wf.anatMRIQC.anat_report_wf.ds_report_norm" in "/local/nvme/ds006444_04.783915/ds/tmp/mriqc_wf/anatMRIQC/anat_report_wf/bc5595e1d1b0b270d62d2e91a8f1499d07e6e78a/ds_report_norm".[0m
2026-03-27 05:26:21 |[34;20m INFO     [0m|[34;20m nipype.workflow  [0m|[34;20m [Node] Executing "ds_report_norm" <mriqc.interfaces.DerivativesDataSink>[0m
2026-03-27 05:26:21 |[34;20m INFO     [0m|[34;20m nipype.workflow  [0m|[34;20m [Node] Finished "ds_report_norm", elapsed time 0.004851s.[0m
2026-03-27 05:26:21 |[34;20m INFO     [0m|[34;20m nipype.workflow  [0m|[34;20m [Node] Setting-up "_tpms_std2t1w0" in "/local/nvme/ds006444_04.783915/ds/tmp/mriqc_wf/anatMRIQC/SpatialNormalization/837798804dea4df9d1f01e5bb5b01e2a1bb798f9/tpms_std2t1w/mapflow/_tpms_std2t1w0".[0m
2026-03-27 05:26:21 |[34;20m INFO     [0m|[34;20m nipype.workflow  [0m|[34;20m [Node] Setting-up "_tpms_std2t1w1" in "/local/nvme/ds006444_04.783915/ds/tmp/mriqc_wf/anatMRIQC/SpatialNormalization/837798804dea4df9d1f01e5bb5b01e2a1bb798f9/tpms_std2t1w/mapflow/_tpms_std2t1w1".[0m
2026-03-27 05:26:21 |[34;20m INFO     [0m|[34;20m nipype.workflow  [0m|[34;20m [Node] Executing "_tpms_std2t1w1" <niworkflows.interfaces.fixes.FixHeaderApplyTransforms>[0m
2026-03-27 05:26:21 |[34;20m INFO     [0m|[34;20m nipype.workflow  [0m|[34;20m [Node] Setting-up "_tpms_std2t1w2" in "/local/nvme/ds006444_04.783915/ds/tmp/mriqc_wf/anatMRIQC/SpatialNormalization/837798804dea4df9d1f01e5bb5b01e2a1bb798f9/tpms_std2t1w/mapflow/_tpms_std2t1w2".[0m
2026-03-27 05:26:21 |[34;20m INFO     [0m|[34;20m nipype.workflow  [0m|[34;20m [Node] Executing "_tpms_std2t1w0" <niworkflows.interfaces.fixes.FixHeaderApplyTransforms>[0m
2026-03-27 05:26:21 |[34;20m INFO     [0m|[34;20m nipype.workflow  [0m|[34;20m [Node] Executing "_tpms_std2t1w2" <niworkflows.interfaces.fixes.FixHeaderApplyTransforms>[0m
2026-03-27 05:26:23 |[34;20m INFO     [0m|[34;20m nipype.workflow  [0m|[34;20m [Node] Setting-up "_tpms_std2t1w0" in "/local/nvme/ds006444_04.783915/ds/tmp/mriqc_wf/anatMRIQC/SpatialNormalization/bc5595e1d1b0b270d62d2e91a8f1499d07e6e78a/tpms_std2t1w/mapflow/_tpms_std2t1w0".[0m
2026-03-27 05:26:23 |[34;20m INFO     [0m|[34;20m nipype.workflow  [0m|[34;20m [Node] Setting-up "_tpms_std2t1w1" in "/local/nvme/ds006444_04.783915/ds/tmp/mriqc_wf/anatMRIQC/SpatialNormalization/bc5595e1d1b0b270d62d2e91a8f1499d07e6e78a/tpms_std2t1w/mapflow/_tpms_std2t1w1".[0m
2026-03-27 05:26:23 |[34;20m INFO     [0m|[34;20m nipype.workflow  [0m|[34;20m [Node] Setting-up "_tpms_std2t1w2" in "/local/nvme/ds006444_04.783915/ds/tmp/mriqc_wf/anatMRIQC/SpatialNormalization/bc5595e1d1b0b270d62d2e91a8f1499d07e6e78a/tpms_std2t1w/mapflow/_tpms_std2t1w2".[0m
2026-03-27 05:26:23 |[34;20m INFO     [0m|[34;20m nipype.workflow  [0m|[34;20m [Node] Executing "_tpms_std2t1w1" <niworkflows.interfaces.fixes.FixHeaderApplyTransforms>[0m
2026-03-27 05:26:23 |[34;20m INFO     [0m|[34;20m nipype.workflow  [0m|[34;20m [Node] Executing "_tpms_std2t1w0" <niworkflows.interfaces.fixes.FixHeaderApplyTransforms>[0m
2026-03-27 05:26:23 |[34;20m INFO     [0m|[34;20m nipype.workflow  [0m|[34;20m [Node] Executing "_tpms_std2t1w2" <niworkflows.interfaces.fixes.FixHeaderApplyTransforms>[0m
2026-03-27 05:26:27 |[34;20m INFO     [0m|[34;20m nipype.workflow  [0m|[34;20m [Node] Finished "_tpms_std2t1w0", elapsed time 5.915853s.[0m
2026-03-27 05:26:27 |[34;20m INFO     [0m|[34;20m nipype.workflow  [0m|[34;20m [Node] Finished "_tpms_std2t1w2", elapsed time 5.811854s.[0m
2026-03-27 05:26:27 |[34;20m INFO     [0m|[34;20m nipype.workflow  [0m|[34;20m [Node] Finished "_tpms_std2t1w1", elapsed time 5.966479s.[0m
2026-03-27 05:26:29 |[34;20m INFO     [0m|[34;20m nipype.workflow  [0m|[34;20m [Node] Finished "_tpms_std2t1w2", elapsed time 5.951828s.[0m
2026-03-27 05:26:29 |[34;20m INFO     [0m|[34;20m nipype.workflow  [0m|[34;20m [Node] Finished "_tpms_std2t1w1", elapsed time 5.9898620000000005s.[0m
2026-03-27 05:26:29 |[34;20m INFO     [0m|[34;20m nipype.workflow  [0m|[34;20m [Node] Setting-up "_tpms_std2t1w0" in "/local/nvme/ds006444_04.783915/ds/tmp/mriqc_wf/anatMRIQC/SpatialNormalization/837798804dea4df9d1f01e5bb5b01e2a1bb798f9/tpms_std2t1w/mapflow/_tpms_std2t1w0".[0m
2026-03-27 05:26:29 |[34;20m INFO     [0m|[34;20m nipype.workflow  [0m|[34;20m [Node] Cached "_tpms_std2t1w0" - collecting precomputed outputs[0m
2026-03-27 05:26:29 |[34;20m INFO     [0m|[34;20m nipype.workflow  [0m|[34;20m [Node] "_tpms_std2t1w0" found cached.[0m
2026-03-27 05:26:29 |[34;20m INFO     [0m|[34;20m nipype.workflow  [0m|[34;20m [Node] Setting-up "_tpms_std2t1w1" in "/local/nvme/ds006444_04.783915/ds/tmp/mriqc_wf/anatMRIQC/SpatialNormalization/837798804dea4df9d1f01e5bb5b01e2a1bb798f9/tpms_std2t1w/mapflow/_tpms_std2t1w1".[0m
2026-03-27 05:26:29 |[34;20m INFO     [0m|[34;20m nipype.workflow  [0m|[34;20m [Node] Cached "_tpms_std2t1w1" - collecting precomputed outputs[0m
2026-03-27 05:26:29 |[34;20m INFO     [0m|[34;20m nipype.workflow  [0m|[34;20m [Node] "_tpms_std2t1w1" found cached.[0m
2026-03-27 05:26:29 |[34;20m INFO     [0m|[34;20m nipype.workflow  [0m|[34;20m [Node] Setting-up "_tpms_std2t1w2" in "/local/nvme/ds006444_04.783915/ds/tmp/mriqc_wf/anatMRIQC/SpatialNormalization/837798804dea4df9d1f01e5bb5b01e2a1bb798f9/tpms_std2t1w/mapflow/_tpms_std2t1w2".[0m
2026-03-27 05:26:29 |[34;20m INFO     [0m|[34;20m nipype.workflow  [0m|[34;20m [Node] Cached "_tpms_std2t1w2" - collecting precomputed outputs[0m
2026-03-27 05:26:29 |[34;20m INFO     [0m|[34;20m nipype.workflow  [0m|[34;20m [Node] "_tpms_std2t1w2" found cached.[0m
2026-03-27 05:26:29 |[34;20m INFO     [0m|[34;20m nipype.workflow  [0m|[34;20m [Node] Finished "_tpms_std2t1w0", elapsed time 5.876057s.[0m
2026-03-27 05:26:31 |[34;20m INFO     [0m|[34;20m nipype.workflow  [0m|[34;20m [Node] Setting-up "mriqc_wf.anatMRIQC.HeadMaskWorkflow.Enhance" in "/local/nvme/ds006444_04.783915/ds/tmp/mriqc_wf/anatMRIQC/HeadMaskWorkflow/837798804dea4df9d1f01e5bb5b01e2a1bb798f9/Enhance".[0m
2026-03-27 05:26:31 |[34;20m INFO     [0m|[34;20m nipype.workflow  [0m|[34;20m [Node] Setting-up "mriqc_wf.anatMRIQC.brain_tissue_segmentation.format_tpm_names" in "/local/nvme/ds006444_04.783915/ds/tmp/mriqc_wf/anatMRIQC/brain_tissue_segmentation/837798804dea4df9d1f01e5bb5b01e2a1bb798f9/format_tpm_names".[0m
2026-03-27 05:26:31 |[34;20m INFO     [0m|[34;20m nipype.workflow  [0m|[34;20m [Node] Executing "format_tpm_names" <nipype.interfaces.utility.wrappers.Function>[0m
2026-03-27 05:26:31 |[34;20m INFO     [0m|[34;20m nipype.workflow  [0m|[34;20m [Node] Executing "Enhance" <nipype.interfaces.utility.wrappers.Function>[0m
2026-03-27 05:26:31 |[34;20m INFO     [0m|[34;20m nipype.workflow  [0m|[34;20m [Node] Setting-up "_tpms_std2t1w0" in "/local/nvme/ds006444_04.783915/ds/tmp/mriqc_wf/anatMRIQC/SpatialNormalization/bc5595e1d1b0b270d62d2e91a8f1499d07e6e78a/tpms_std2t1w/mapflow/_tpms_std2t1w0".[0m
2026-03-27 05:26:31 |[34;20m INFO     [0m|[34;20m nipype.workflow  [0m|[34;20m [Node] Cached "_tpms_std2t1w0" - collecting precomputed outputs[0m
2026-03-27 05:26:31 |[34;20m INFO     [0m|[34;20m nipype.workflow  [0m|[34;20m [Node] "_tpms_std2t1w0" found cached.[0m
2026-03-27 05:26:31 |[34;20m INFO     [0m|[34;20m nipype.workflow  [0m|[34;20m [Node] Setting-up "_tpms_std2t1w1" in "/local/nvme/ds006444_04.783915/ds/tmp/mriqc_wf/anatMRIQC/SpatialNormalization/bc5595e1d1b0b270d62d2e91a8f1499d07e6e78a/tpms_std2t1w/mapflow/_tpms_std2t1w1".[0m
2026-03-27 05:26:31 |[34;20m INFO     [0m|[34;20m nipype.workflow  [0m|[34;20m [Node] Cached "_tpms_std2t1w1" - collecting precomputed outputs[0m
2026-03-27 05:26:31 |[34;20m INFO     [0m|[34;20m nipype.workflow  [0m|[34;20m [Node] "_tpms_std2t1w1" found cached.[0m
2026-03-27 05:26:31 |[34;20m INFO     [0m|[34;20m nipype.workflow  [0m|[34;20m [Node] Setting-up "_tpms_std2t1w2" in "/local/nvme/ds006444_04.783915/ds/tmp/mriqc_wf/anatMRIQC/SpatialNormalization/bc5595e1d1b0b270d62d2e91a8f1499d07e6e78a/tpms_std2t1w/mapflow/_tpms_std2t1w2".[0m
2026-03-27 05:26:31 |[34;20m INFO     [0m|[34;20m nipype.workflow  [0m|[34;20m [Node] Cached "_tpms_std2t1w2" - collecting precomputed outputs[0m
2026-03-27 05:26:31 |[34;20m INFO     [0m|[34;20m nipype.workflow  [0m|[34;20m [Node] "_tpms_std2t1w2" found cached.[0m
2026-03-27 05:26:32 |[34;20m INFO     [0m|[34;20m nipype.workflow  [0m|[34;20m [Node] Finished "format_tpm_names", elapsed time 1.202643s.[0m
2026-03-27 05:26:33 |[34;20m INFO     [0m|[34;20m nipype.workflow  [0m|[34;20m [Node] Setting-up "mriqc_wf.anatMRIQC.HeadMaskWorkflow.Enhance" in "/local/nvme/ds006444_04.783915/ds/tmp/mriqc_wf/anatMRIQC/HeadMaskWorkflow/bc5595e1d1b0b270d62d2e91a8f1499d07e6e78a/Enhance".[0m
2026-03-27 05:26:33 |[34;20m INFO     [0m|[34;20m nipype.workflow  [0m|[34;20m [Node] Setting-up "mriqc_wf.anatMRIQC.brain_tissue_segmentation.format_tpm_names" in "/local/nvme/ds006444_04.783915/ds/tmp/mriqc_wf/anatMRIQC/brain_tissue_segmentation/bc5595e1d1b0b270d62d2e91a8f1499d07e6e78a/format_tpm_names".[0m
2026-03-27 05:26:33 |[34;20m INFO     [0m|[34;20m nipype.workflow  [0m|[34;20m [Node] Executing "Enhance" <nipype.interfaces.utility.wrappers.Function>[0m
2026-03-27 05:26:33 |[34;20m INFO     [0m|[34;20m nipype.workflow  [0m|[34;20m [Node] Executing "format_tpm_names" <nipype.interfaces.utility.wrappers.Function>[0m
2026-03-27 05:26:33 |[34;20m INFO     [0m|[34;20m nipype.workflow  [0m|[34;20m [Node] Finished "Enhance", elapsed time 2.257705s.[0m
2026-03-27 05:26:34 |[34;20m INFO     [0m|[34;20m nipype.workflow  [0m|[34;20m [Node] Finished "Enhance", elapsed time 0.745296s.[0m
2026-03-27 05:26:34 |[34;20m INFO     [0m|[34;20m nipype.workflow  [0m|[34;20m [Node] Finished "format_tpm_names", elapsed time 1.237735s.[0m
2026-03-27 05:26:35 |[34;20m INFO     [0m|[34;20m nipype.workflow  [0m|[34;20m [Node] Setting-up "mriqc_wf.anatMRIQC.HeadMaskWorkflow.Grad" in "/local/nvme/ds006444_04.783915/ds/tmp/mriqc_wf/anatMRIQC/HeadMaskWorkflow/837798804dea4df9d1f01e5bb5b01e2a1bb798f9/Grad".[0m
2026-03-27 05:26:35 |[34;20m INFO     [0m|[34;20m nipype.workflow  [0m|[34;20m [Node] Setting-up "mriqc_wf.anatMRIQC.HeadMaskWorkflow.apply_mask" in "/local/nvme/ds006444_04.783915/ds/tmp/mriqc_wf/anatMRIQC/HeadMaskWorkflow/837798804dea4df9d1f01e5bb5b01e2a1bb798f9/apply_mask".[0m
2026-03-27 05:26:35 |[34;20m INFO     [0m|[34;20m nipype.workflow  [0m|[34;20m [Node] Setting-up "mriqc_wf.anatMRIQC.HeadMaskWorkflow.apply_mask" in "/local/nvme/ds006444_04.783915/ds/tmp/mriqc_wf/anatMRIQC/HeadMaskWorkflow/bc5595e1d1b0b270d62d2e91a8f1499d07e6e78a/apply_mask".[0m
2026-03-27 05:26:35 |[34;20m INFO     [0m|[34;20m nipype.workflow  [0m|[34;20m [Node] Setting-up "mriqc_wf.anatMRIQC.HeadMaskWorkflow.Grad" in "/local/nvme/ds006444_04.783915/ds/tmp/mriqc_wf/anatMRIQC/HeadMaskWorkflow/bc5595e1d1b0b270d62d2e91a8f1499d07e6e78a/Grad".[0m
2026-03-27 05:26:35 |[34;20m INFO     [0m|[34;20m nipype.workflow  [0m|[34;20m [Node] Executing "apply_mask" <niworkflows.interfaces.nibabel.ApplyMask>[0m
2026-03-27 05:26:35 |[34;20m INFO     [0m|[34;20m nipype.workflow  [0m|[34;20m [Node] Executing "Grad" <nipype.interfaces.utility.wrappers.Function>[0m
2026-03-27 05:26:35 |[34;20m INFO     [0m|[34;20m nipype.workflow  [0m|[34;20m [Node] Executing "apply_mask" <niworkflows.interfaces.nibabel.ApplyMask>[0m
2026-03-27 05:26:35 |[34;20m INFO     [0m|[34;20m nipype.workflow  [0m|[34;20m [Node] Executing "Grad" <nipype.interfaces.utility.wrappers.Function>[0m
2026-03-27 05:26:35 |[34;20m INFO     [0m|[34;20m nipype.workflow  [0m|[34;20m [Node] Finished "apply_mask", elapsed time 0.250872s.[0m
2026-03-27 05:26:35 |[34;20m INFO     [0m|[34;20m nipype.workflow  [0m|[34;20m [Node] Finished "apply_mask", elapsed time 0.259788s.[0m
2026-03-27 05:26:37 |[34;20m INFO     [0m|[34;20m nipype.workflow  [0m|[34;20m [Node] Finished "Grad", elapsed time 1.7140659999999999s.[0m
2026-03-27 05:26:37 |[34;20m INFO     [0m|[34;20m nipype.workflow  [0m|[34;20m [Node] Setting-up "mriqc_wf.anatMRIQC.HeadMaskWorkflow.GradientThreshold" in "/local/nvme/ds006444_04.783915/ds/tmp/mriqc_wf/anatMRIQC/HeadMaskWorkflow/837798804dea4df9d1f01e5bb5b01e2a1bb798f9/GradientThreshold".[0m
2026-03-27 05:26:37 |[34;20m INFO     [0m|[34;20m nipype.workflow  [0m|[34;20m [Node] Executing "GradientThreshold" <nipype.interfaces.utility.wrappers.Function>[0m
2026-03-27 05:26:39 |[34;20m INFO     [0m|[34;20m nipype.workflow  [0m|[34;20m [Node] Finished "Grad", elapsed time 3.439959s.[0m
2026-03-27 05:26:39 |[34;20m INFO     [0m|[34;20m nipype.workflow  [0m|[34;20m [Node] Setting-up "mriqc_wf.anatMRIQC.HeadMaskWorkflow.GradientThreshold" in "/local/nvme/ds006444_04.783915/ds/tmp/mriqc_wf/anatMRIQC/HeadMaskWorkflow/bc5595e1d1b0b270d62d2e91a8f1499d07e6e78a/GradientThreshold".[0m
2026-03-27 05:26:39 |[34;20m INFO     [0m|[34;20m nipype.workflow  [0m|[34;20m [Node] Executing "GradientThreshold" <nipype.interfaces.utility.wrappers.Function>[0m
2026-03-27 05:26:44 |[34;20m INFO     [0m|[34;20m nipype.workflow  [0m|[34;20m [Node] Finished "GradientThreshold", elapsed time 6.7844940000000005s.[0m
2026-03-27 05:26:45 |[34;20m INFO     [0m|[34;20m nipype.workflow  [0m|[34;20m [Node] Setting-up "mriqc_wf.anatMRIQC.AirMaskWorkflow.ArtifactMask" in "/local/nvme/ds006444_04.783915/ds/tmp/mriqc_wf/anatMRIQC/AirMaskWorkflow/837798804dea4df9d1f01e5bb5b01e2a1bb798f9/ArtifactMask".[0m
2026-03-27 05:26:45 |[34;20m INFO     [0m|[34;20m nipype.workflow  [0m|[34;20m [Node] Setting-up "mriqc_wf.anatMRIQC.anat_report_wf.PlotHeadmask" in "/local/nvme/ds006444_04.783915/ds/tmp/mriqc_wf/anatMRIQC/anat_report_wf/837798804dea4df9d1f01e5bb5b01e2a1bb798f9/PlotHeadmask".[0m
2026-03-27 05:26:45 |[34;20m INFO     [0m|[34;20m nipype.workflow  [0m|[34;20m [Node] Executing "PlotHeadmask" <nireports.interfaces.mosaic.PlotContours>[0m
2026-03-27 05:26:45 |[34;20m INFO     [0m|[34;20m nipype.workflow  [0m|[34;20m [Node] Executing "ArtifactMask" <mriqc.interfaces.anatomical.ArtifactMask>[0m
2026-03-27 05:26:46 |[34;20m INFO     [0m|[34;20m nipype.workflow  [0m|[34;20m [Node] Finished "GradientThreshold", elapsed time 6.79387s.[0m
2026-03-27 05:26:47 |[34;20m INFO     [0m|[34;20m nipype.workflow  [0m|[34;20m [Node] Setting-up "mriqc_wf.anatMRIQC.anat_report_wf.PlotHeadmask" in "/local/nvme/ds006444_04.783915/ds/tmp/mriqc_wf/anatMRIQC/anat_report_wf/bc5595e1d1b0b270d62d2e91a8f1499d07e6e78a/PlotHeadmask".[0m
2026-03-27 05:26:47 |[34;20m INFO     [0m|[34;20m nipype.workflow  [0m|[34;20m [Node] Setting-up "mriqc_wf.anatMRIQC.AirMaskWorkflow.ArtifactMask" in "/local/nvme/ds006444_04.783915/ds/tmp/mriqc_wf/anatMRIQC/AirMaskWorkflow/bc5595e1d1b0b270d62d2e91a8f1499d07e6e78a/ArtifactMask".[0m
2026-03-27 05:26:47 |[34;20m INFO     [0m|[34;20m nipype.workflow  [0m|[34;20m [Node] Executing "PlotHeadmask" <nireports.interfaces.mosaic.PlotContours>[0m
2026-03-27 05:26:47 |[34;20m INFO     [0m|[34;20m nipype.workflow  [0m|[34;20m [Node] Executing "ArtifactMask" <mriqc.interfaces.anatomical.ArtifactMask>[0m
2026-03-27 05:26:47 |[34;20m INFO     [0m|[34;20m nipype.workflow  [0m|[34;20m [Node] Finished "ArtifactMask", elapsed time 2.279296s.[0m
2026-03-27 05:26:49 |[34;20m INFO     [0m|[34;20m nipype.workflow  [0m|[34;20m [Node] Setting-up "mriqc_wf.anatMRIQC.ComputeIQMs.provenance" in "/local/nvme/ds006444_04.783915/ds/tmp/mriqc_wf/anatMRIQC/ComputeIQMs/837798804dea4df9d1f01e5bb5b01e2a1bb798f9/provenance".[0m
2026-03-27 05:26:49 |[34;20m INFO     [0m|[34;20m nipype.workflow  [0m|[34;20m [Node] Executing "provenance" <mriqc.interfaces.reports.AddProvenance>[0m
2026-03-27 05:26:49 |[34;20m INFO     [0m|[34;20m nipype.workflow  [0m|[34;20m [Node] Finished "provenance", elapsed time 0.043888s.[0m
2026-03-27 05:26:49 |[34;20m INFO     [0m|[34;20m nipype.workflow  [0m|[34;20m [Node] Setting-up "mriqc_wf.anatMRIQC.anat_report_wf.PlotArtmask" in "/local/nvme/ds006444_04.783915/ds/tmp/mriqc_wf/anatMRIQC/anat_report_wf/837798804dea4df9d1f01e5bb5b01e2a1bb798f9/PlotArtmask".[0m
2026-03-27 05:26:49 |[34;20m INFO     [0m|[34;20m nipype.workflow  [0m|[34;20m [Node] Setting-up "mriqc_wf.anatMRIQC.anat_report_wf.PlotAirmask" in "/local/nvme/ds006444_04.783915/ds/tmp/mriqc_wf/anatMRIQC/anat_report_wf/837798804dea4df9d1f01e5bb5b01e2a1bb798f9/PlotAirmask".[0m
2026-03-27 05:26:49 |[34;20m INFO     [0m|[34;20m nipype.workflow  [0m|[34;20m [Node] Executing "PlotArtmask" <nireports.interfaces.mosaic.PlotContours>[0m
2026-03-27 05:26:49 |[34;20m INFO     [0m|[34;20m nipype.workflow  [0m|[34;20m [Node] Setting-up "mriqc_wf.anatMRIQC.ComputeIQMs.ComputeQI2" in "/local/nvme/ds006444_04.783915/ds/tmp/mriqc_wf/anatMRIQC/ComputeIQMs/837798804dea4df9d1f01e5bb5b01e2a1bb798f9/ComputeQI2".[0m
2026-03-27 05:26:49 |[34;20m INFO     [0m|[34;20m nipype.workflow  [0m|[34;20m [Node] Executing "PlotAirmask" <nireports.interfaces.mosaic.PlotContours>[0m
2026-03-27 05:26:49 |[34;20m INFO     [0m|[34;20m nipype.workflow  [0m|[34;20m [Node] Executing "ComputeQI2" <mriqc.interfaces.anatomical.ComputeQI2>[0m
2026-03-27 05:26:51 |[34;20m INFO     [0m|[34;20m nipype.workflow  [0m|[34;20m [Node] Finished "ArtifactMask", elapsed time 3.814606s.[0m
2026-03-27 05:26:51 |[34;20m INFO     [0m|[34;20m nipype.workflow  [0m|[34;20m [Node] Finished "PlotHeadmask", elapsed time 5.818938s.[0m
2026-03-27 05:26:51 |[34;20m INFO     [0m|[34;20m nipype.workflow  [0m|[34;20m [Node] Setting-up "mriqc_wf.anatMRIQC.anat_report_wf.ds_report_headmask" in "/local/nvme/ds006444_04.783915/ds/tmp/mriqc_wf/anatMRIQC/anat_report_wf/837798804dea4df9d1f01e5bb5b01e2a1bb798f9/ds_report_headmask".[0m
2026-03-27 05:26:51 |[34;20m INFO     [0m|[34;20m nipype.workflow  [0m|[34;20m [Node] Executing "ds_report_headmask" <mriqc.interfaces.DerivativesDataSink>[0m
2026-03-27 05:26:51 |[34;20m INFO     [0m|[34;20m nipype.workflow  [0m|[34;20m [Node] Finished "ds_report_headmask", elapsed time 0.005271s.[0m
2026-03-27 05:26:51 |[34;20m INFO     [0m|[34;20m nipype.workflow  [0m|[34;20m [Node] Setting-up "mriqc_wf.anatMRIQC.ComputeIQMs.provenance" in "/local/nvme/ds006444_04.783915/ds/tmp/mriqc_wf/anatMRIQC/ComputeIQMs/bc5595e1d1b0b270d62d2e91a8f1499d07e6e78a/provenance".[0m
2026-03-27 05:26:51 |[34;20m INFO     [0m|[34;20m nipype.workflow  [0m|[34;20m [Node] Executing "provenance" <mriqc.interfaces.reports.AddProvenance>[0m
2026-03-27 05:26:51 |[34;20m INFO     [0m|[34;20m nipype.workflow  [0m|[34;20m [Node] Finished "provenance", elapsed time 0.042812s.[0m
2026-03-27 05:26:52 |[34;20m INFO     [0m|[34;20m nipype.workflow  [0m|[34;20m [Node] Setting-up "mriqc_wf.anatMRIQC.ComputeIQMs.ComputeQI2" in "/local/nvme/ds006444_04.783915/ds/tmp/mriqc_wf/anatMRIQC/ComputeIQMs/bc5595e1d1b0b270d62d2e91a8f1499d07e6e78a/ComputeQI2".[0m
2026-03-27 05:26:52 |[34;20m INFO     [0m|[34;20m nipype.workflow  [0m|[34;20m [Node] Setting-up "mriqc_wf.anatMRIQC.anat_report_wf.PlotArtmask" in "/local/nvme/ds006444_04.783915/ds/tmp/mriqc_wf/anatMRIQC/anat_report_wf/bc5595e1d1b0b270d62d2e91a8f1499d07e6e78a/PlotArtmask".[0m
2026-03-27 05:26:52 |[34;20m INFO     [0m|[34;20m nipype.workflow  [0m|[34;20m [Node] Setting-up "mriqc_wf.anatMRIQC.anat_report_wf.PlotAirmask" in "/local/nvme/ds006444_04.783915/ds/tmp/mriqc_wf/anatMRIQC/anat_report_wf/bc5595e1d1b0b270d62d2e91a8f1499d07e6e78a/PlotAirmask".[0m
2026-03-27 05:26:52 |[34;20m INFO     [0m|[34;20m nipype.workflow  [0m|[34;20m [Node] Executing "PlotArtmask" <nireports.interfaces.mosaic.PlotContours>[0m
2026-03-27 05:26:52 |[34;20m INFO     [0m|[34;20m nipype.workflow  [0m|[34;20m [Node] Executing "ComputeQI2" <mriqc.interfaces.anatomical.ComputeQI2>[0m
2026-03-27 05:26:52 |[34;20m INFO     [0m|[34;20m nipype.workflow  [0m|[34;20m [Node] Executing "PlotAirmask" <nireports.interfaces.mosaic.PlotContours>[0m
2026-03-27 05:26:53 |[34;20m INFO     [0m|[34;20m nipype.workflow  [0m|[34;20m [Node] Finished "PlotHeadmask", elapsed time 5.816364s.[0m
2026-03-27 05:26:53 |[34;20m INFO     [0m|[34;20m nipype.workflow  [0m|[34;20m [Node] Setting-up "mriqc_wf.anatMRIQC.anat_report_wf.ds_report_headmask" in "/local/nvme/ds006444_04.783915/ds/tmp/mriqc_wf/anatMRIQC/anat_report_wf/bc5595e1d1b0b270d62d2e91a8f1499d07e6e78a/ds_report_headmask".[0m
2026-03-27 05:26:53 |[34;20m INFO     [0m|[34;20m nipype.workflow  [0m|[34;20m [Node] Executing "ds_report_headmask" <mriqc.interfaces.DerivativesDataSink>[0m
2026-03-27 05:26:53 |[34;20m INFO     [0m|[34;20m nipype.workflow  [0m|[34;20m [Node] Finished "ds_report_headmask", elapsed time 0.004905s.[0m
2026-03-27 05:26:54 |[34;20m INFO     [0m|[34;20m nipype.workflow  [0m|[34;20m [Node] Finished "PlotArtmask", elapsed time 4.4695s.[0m
2026-03-27 05:26:55 |[34;20m INFO     [0m|[34;20m nipype.workflow  [0m|[34;20m [Node] Finished "PlotAirmask", elapsed time 5.322537s.[0m
2026-03-27 05:26:55 |[34;20m INFO     [0m|[34;20m nipype.workflow  [0m|[34;20m [Node] Setting-up "mriqc_wf.anatMRIQC.anat_report_wf.ds_report_airmask" in "/local/nvme/ds006444_04.783915/ds/tmp/mriqc_wf/anatMRIQC/anat_report_wf/837798804dea4df9d1f01e5bb5b01e2a1bb798f9/ds_report_airmask".[0m
2026-03-27 05:26:55 |[34;20m INFO     [0m|[34;20m nipype.workflow  [0m|[34;20m [Node] Executing "ds_report_airmask" <mriqc.interfaces.DerivativesDataSink>[0m
2026-03-27 05:26:55 |[34;20m INFO     [0m|[34;20m nipype.workflow  [0m|[34;20m [Node] Finished "ds_report_airmask", elapsed time 0.004835s.[0m
2026-03-27 05:26:55 |[34;20m INFO     [0m|[34;20m nipype.workflow  [0m|[34;20m [Node] Setting-up "mriqc_wf.anatMRIQC.anat_report_wf.ds_report_artmask" in "/local/nvme/ds006444_04.783915/ds/tmp/mriqc_wf/anatMRIQC/anat_report_wf/837798804dea4df9d1f01e5bb5b01e2a1bb798f9/ds_report_artmask".[0m
2026-03-27 05:26:55 |[34;20m INFO     [0m|[34;20m nipype.workflow  [0m|[34;20m [Node] Executing "ds_report_artmask" <mriqc.interfaces.DerivativesDataSink>[0m
2026-03-27 05:26:55 |[34;20m INFO     [0m|[34;20m nipype.workflow  [0m|[34;20m [Node] Finished "ds_report_artmask", elapsed time 0.004878s.[0m
2026-03-27 05:26:56 |[34;20m INFO     [0m|[34;20m nipype.workflow  [0m|[34;20m [Node] Finished "PlotAirmask", elapsed time 4.38668s.[0m
2026-03-27 05:26:56 |[34;20m INFO     [0m|[34;20m nipype.workflow  [0m|[34;20m [Node] Finished "PlotArtmask", elapsed time 4.518876s.[0m
2026-03-27 05:26:57 |[34;20m INFO     [0m|[34;20m nipype.workflow  [0m|[34;20m [Node] Setting-up "mriqc_wf.anatMRIQC.anat_report_wf.ds_report_airmask" in "/local/nvme/ds006444_04.783915/ds/tmp/mriqc_wf/anatMRIQC/anat_report_wf/bc5595e1d1b0b270d62d2e91a8f1499d07e6e78a/ds_report_airmask".[0m
2026-03-27 05:26:57 |[34;20m INFO     [0m|[34;20m nipype.workflow  [0m|[34;20m [Node] Executing "ds_report_airmask" <mriqc.interfaces.DerivativesDataSink>[0m
2026-03-27 05:26:57 |[34;20m INFO     [0m|[34;20m nipype.workflow  [0m|[34;20m [Node] Finished "ds_report_airmask", elapsed time 0.004848s.[0m
2026-03-27 05:26:57 |[34;20m INFO     [0m|[34;20m nipype.workflow  [0m|[34;20m [Node] Setting-up "mriqc_wf.anatMRIQC.anat_report_wf.ds_report_artmask" in "/local/nvme/ds006444_04.783915/ds/tmp/mriqc_wf/anatMRIQC/anat_report_wf/bc5595e1d1b0b270d62d2e91a8f1499d07e6e78a/ds_report_artmask".[0m
2026-03-27 05:26:57 |[34;20m INFO     [0m|[34;20m nipype.workflow  [0m|[34;20m [Node] Executing "ds_report_artmask" <mriqc.interfaces.DerivativesDataSink>[0m
2026-03-27 05:26:57 |[34;20m INFO     [0m|[34;20m nipype.workflow  [0m|[34;20m [Node] Finished "ds_report_artmask", elapsed time 0.004754s.[0m
2026-03-27 05:27:02 |[34;20m INFO     [0m|[34;20m nipype.workflow  [0m|[34;20m [Node] Finished "ComputeQI2", elapsed time 12.717027999999999s.[0m
2026-03-27 05:27:03 |[34;20m INFO     [0m|[34;20m nipype.workflow  [0m|[34;20m [Node] Setting-up "mriqc_wf.anatMRIQC.anat_report_wf.ds_report_noisefit" in "/local/nvme/ds006444_04.783915/ds/tmp/mriqc_wf/anatMRIQC/anat_report_wf/837798804dea4df9d1f01e5bb5b01e2a1bb798f9/ds_report_noisefit".[0m
2026-03-27 05:27:03 |[34;20m INFO     [0m|[34;20m nipype.workflow  [0m|[34;20m [Node] Executing "ds_report_noisefit" <mriqc.interfaces.DerivativesDataSink>[0m
2026-03-27 05:27:03 |[34;20m INFO     [0m|[34;20m nipype.workflow  [0m|[34;20m [Node] Finished "ds_report_noisefit", elapsed time 0.004914s.[0m
2026-03-27 05:27:05 |[34;20m INFO     [0m|[34;20m nipype.workflow  [0m|[34;20m [Node] Finished "ComputeQI2", elapsed time 13.114343s.[0m
2026-03-27 05:27:05 |[34;20m INFO     [0m|[34;20m nipype.workflow  [0m|[34;20m [Node] Setting-up "mriqc_wf.anatMRIQC.brain_tissue_segmentation.segmentation" in "/local/nvme/ds006444_04.783915/ds/tmp/mriqc_wf/anatMRIQC/brain_tissue_segmentation/837798804dea4df9d1f01e5bb5b01e2a1bb798f9/segmentation".[0m
2026-03-27 05:27:05 |[34;20m INFO     [0m|[34;20m nipype.workflow  [0m|[34;20m [Node] Executing "segmentation" <nipype.interfaces.ants.segmentation.Atropos>[0m
2026-03-27 05:27:39 |[34;20m INFO     [0m|[34;20m nipype.workflow  [0m|[34;20m [Node] Finished "segmentation", elapsed time 33.293631s.[0m
2026-03-27 05:27:39 |[34;20m INFO     [0m|[34;20m nipype.workflow  [0m|[34;20m [Node] Setting-up "mriqc_wf.anatMRIQC.brain_tissue_segmentation.segmentation" in "/local/nvme/ds006444_04.783915/ds/tmp/mriqc_wf/anatMRIQC/brain_tissue_segmentation/bc5595e1d1b0b270d62d2e91a8f1499d07e6e78a/segmentation".[0m
2026-03-27 05:27:39 |[34;20m INFO     [0m|[34;20m nipype.workflow  [0m|[34;20m [Node] Executing "segmentation" <nipype.interfaces.ants.segmentation.Atropos>[0m
2026-03-27 05:28:14 |[34;20m INFO     [0m|[34;20m nipype.workflow  [0m|[34;20m [Node] Finished "segmentation", elapsed time 34.675047s.[0m
2026-03-27 05:28:15 |[34;20m INFO     [0m|[34;20m nipype.workflow  [0m|[34;20m [Node] Setting-up "mriqc_wf.anatMRIQC.anat_report_wf.ds_report_noisefit" in "/local/nvme/ds006444_04.783915/ds/tmp/mriqc_wf/anatMRIQC/anat_report_wf/bc5595e1d1b0b270d62d2e91a8f1499d07e6e78a/ds_report_noisefit".[0m
2026-03-27 05:28:15 |[34;20m INFO     [0m|[34;20m nipype.workflow  [0m|[34;20m [Node] Setting-up "mriqc_wf.anatMRIQC.ComputeIQMs.harmonize" in "/local/nvme/ds006444_04.783915/ds/tmp/mriqc_wf/anatMRIQC/ComputeIQMs/bc5595e1d1b0b270d62d2e91a8f1499d07e6e78a/harmonize".[0m
2026-03-27 05:28:15 |[34;20m INFO     [0m|[34;20m nipype.workflow  [0m|[34;20m [Node] Setting-up "mriqc_wf.anatMRIQC.anat_report_wf.PlotSegmentation" in "/local/nvme/ds006444_04.783915/ds/tmp/mriqc_wf/anatMRIQC/anat_report_wf/bc5595e1d1b0b270d62d2e91a8f1499d07e6e78a/PlotSegmentation".[0m
2026-03-27 05:28:15 |[34;20m INFO     [0m|[34;20m nipype.workflow  [0m|[34;20m [Node] Setting-up "mriqc_wf.anatMRIQC.anat_report_wf.PlotSegmentation" in "/local/nvme/ds006444_04.783915/ds/tmp/mriqc_wf/anatMRIQC/anat_report_wf/837798804dea4df9d1f01e5bb5b01e2a1bb798f9/PlotSegmentation".[0m
2026-03-27 05:28:15 |[34;20m INFO     [0m|[34;20m nipype.workflow  [0m|[34;20m [Node] Executing "harmonize" <mriqc.interfaces.anatomical.Harmonize>[0m
2026-03-27 05:28:15 |[34;20m INFO     [0m|[34;20m nipype.workflow  [0m|[34;20m [Node] Executing "PlotSegmentation" <nireports.interfaces.mosaic.PlotContours>[0m
2026-03-27 05:28:15 |[34;20m INFO     [0m|[34;20m nipype.workflow  [0m|[34;20m [Node] Executing "ds_report_noisefit" <mriqc.interfaces.DerivativesDataSink>[0m
2026-03-27 05:28:15 |[34;20m INFO     [0m|[34;20m nipype.workflow  [0m|[34;20m [Node] Executing "PlotSegmentation" <nireports.interfaces.mosaic.PlotContours>[0m
2026-03-27 05:28:15 |[34;20m INFO     [0m|[34;20m nipype.workflow  [0m|[34;20m [Node] Setting-up "mriqc_wf.anatMRIQC.ComputeIQMs.harmonize" in "/local/nvme/ds006444_04.783915/ds/tmp/mriqc_wf/anatMRIQC/ComputeIQMs/837798804dea4df9d1f01e5bb5b01e2a1bb798f9/harmonize".[0m
2026-03-27 05:28:15 |[34;20m INFO     [0m|[34;20m nipype.workflow  [0m|[34;20m [Node] Executing "harmonize" <mriqc.interfaces.anatomical.Harmonize>[0m
2026-03-27 05:28:15 |[34;20m INFO     [0m|[34;20m nipype.workflow  [0m|[34;20m [Node] Finished "ds_report_noisefit", elapsed time 0.004817s.[0m
2026-03-27 05:28:17 |[34;20m INFO     [0m|[34;20m nipype.workflow  [0m|[34;20m [Node] Finished "harmonize", elapsed time 1.730394s.[0m
2026-03-27 05:28:17 |[34;20m INFO     [0m|[34;20m nipype.workflow  [0m|[34;20m [Node] Setting-up "mriqc_wf.anatMRIQC.ComputeIQMs.measures" in "/local/nvme/ds006444_04.783915/ds/tmp/mriqc_wf/anatMRIQC/ComputeIQMs/bc5595e1d1b0b270d62d2e91a8f1499d07e6e78a/measures".[0m
2026-03-27 05:28:17 |[34;20m INFO     [0m|[34;20m nipype.workflow  [0m|[34;20m [Node] Executing "measures" <mriqc.interfaces.anatomical.StructuralQC>[0m
2026-03-27 05:28:18 |[34;20m INFO     [0m|[34;20m nipype.workflow  [0m|[34;20m [Node] Finished "harmonize", elapsed time 2.724351s.[0m
2026-03-27 05:28:19 |[34;20m INFO     [0m|[34;20m nipype.workflow  [0m|[34;20m [Node] Setting-up "mriqc_wf.anatMRIQC.ComputeIQMs.measures" in "/local/nvme/ds006444_04.783915/ds/tmp/mriqc_wf/anatMRIQC/ComputeIQMs/837798804dea4df9d1f01e5bb5b01e2a1bb798f9/measures".[0m
2026-03-27 05:28:19 |[34;20m INFO     [0m|[34;20m nipype.workflow  [0m|[34;20m [Node] Executing "measures" <mriqc.interfaces.anatomical.StructuralQC>[0m
2026-03-27 05:28:21 |[34;20m INFO     [0m|[34;20m nipype.workflow  [0m|[34;20m [Node] Finished "PlotSegmentation", elapsed time 6.255075s.[0m
2026-03-27 05:28:21 |[34;20m INFO     [0m|[34;20m nipype.workflow  [0m|[34;20m [Node] Finished "PlotSegmentation", elapsed time 6.353904s.[0m
2026-03-27 05:28:23 |[34;20m INFO     [0m|[34;20m nipype.workflow  [0m|[34;20m [Node] Setting-up "mriqc_wf.anatMRIQC.anat_report_wf.ds_report_segm" in "/local/nvme/ds006444_04.783915/ds/tmp/mriqc_wf/anatMRIQC/anat_report_wf/837798804dea4df9d1f01e5bb5b01e2a1bb798f9/ds_report_segm".[0m
2026-03-27 05:28:23 |[34;20m INFO     [0m|[34;20m nipype.workflow  [0m|[34;20m [Node] Executing "ds_report_segm" <mriqc.interfaces.DerivativesDataSink>[0m
2026-03-27 05:28:23 |[34;20m INFO     [0m|[34;20m nipype.workflow  [0m|[34;20m [Node] Finished "ds_report_segm", elapsed time 0.00481s.[0m
2026-03-27 05:28:23 |[34;20m INFO     [0m|[34;20m nipype.workflow  [0m|[34;20m [Node] Setting-up "mriqc_wf.anatMRIQC.anat_report_wf.ds_report_segm" in "/local/nvme/ds006444_04.783915/ds/tmp/mriqc_wf/anatMRIQC/anat_report_wf/bc5595e1d1b0b270d62d2e91a8f1499d07e6e78a/ds_report_segm".[0m
2026-03-27 05:28:23 |[34;20m INFO     [0m|[34;20m nipype.workflow  [0m|[34;20m [Node] Executing "ds_report_segm" <mriqc.interfaces.DerivativesDataSink>[0m
2026-03-27 05:28:23 |[34;20m INFO     [0m|[34;20m nipype.workflow  [0m|[34;20m [Node] Finished "ds_report_segm", elapsed time 0.004766s.[0m
2026-03-27 05:28:25 |[93;20m WARNING  [0m|[93;20m nipype.interface [0m|[93;20m Estimated signal variation in the background was too small (MAD=0.0, sigma=13.4907)[0m
2026-03-27 05:28:25 |[93;20m WARNING  [0m|[93;20m nipype.interface [0m|[93;20m Estimated signal variation in the background was too small (MAD=0.0, sigma=13.4907)[0m
2026-03-27 05:28:25 |[93;20m WARNING  [0m|[93;20m nipype.interface [0m|[93;20m Estimated signal variation in the background was too small (MAD=0.0, sigma=13.4907)[0m
2026-03-27 05:28:30 |[93;20m WARNING  [0m|[93;20m nipype.interface [0m|[93;20m Estimated signal variation in the background was too small (MAD=0.0, sigma=12.2109)[0m
2026-03-27 05:28:30 |[93;20m WARNING  [0m|[93;20m nipype.interface [0m|[93;20m Estimated signal variation in the background was too small (MAD=0.0, sigma=12.2109)[0m
2026-03-27 05:28:30 |[93;20m WARNING  [0m|[93;20m nipype.interface [0m|[93;20m Estimated signal variation in the background was too small (MAD=0.0, sigma=12.2109)[0m
2026-03-27 05:28:49 |[34;20m INFO     [0m|[34;20m nipype.workflow  [0m|[34;20m [Node] Finished "measures", elapsed time 31.708516s.[0m
2026-03-27 05:28:49 |[34;20m INFO     [0m|[34;20m nipype.workflow  [0m|[34;20m [Node] Setting-up "mriqc_wf.anatMRIQC.ComputeIQMs.datasink" in "/local/nvme/ds006444_04.783915/ds/tmp/mriqc_wf/anatMRIQC/ComputeIQMs/bc5595e1d1b0b270d62d2e91a8f1499d07e6e78a/datasink".[0m
2026-03-27 05:28:49 |[34;20m INFO     [0m|[34;20m nipype.workflow  [0m|[34;20m [Node] Executing "datasink" <mriqc.interfaces.bids.IQMFileSink>[0m
2026-03-27 05:28:49 |[34;20m INFO     [0m|[34;20m nipype.workflow  [0m|[34;20m [Node] Finished "datasink", elapsed time 0.001773s.[0m
2026-03-27 05:28:56 |[34;20m INFO     [0m|[34;20m nipype.workflow  [0m|[34;20m [Node] Finished "measures", elapsed time 37.206084s.[0m
2026-03-27 05:28:57 |[34;20m INFO     [0m|[34;20m nipype.workflow  [0m|[34;20m [Node] Setting-up "mriqc_wf.anatMRIQC.ComputeIQMs.datasink" in "/local/nvme/ds006444_04.783915/ds/tmp/mriqc_wf/anatMRIQC/ComputeIQMs/837798804dea4df9d1f01e5bb5b01e2a1bb798f9/datasink".[0m
2026-03-27 05:28:57 |[34;20m INFO     [0m|[34;20m nipype.workflow  [0m|[34;20m [Node] Executing "datasink" <mriqc.interfaces.bids.IQMFileSink>[0m
2026-03-27 05:28:57 |[34;20m INFO     [0m|[34;20m nipype.workflow  [0m|[34;20m [Node] Finished "datasink", elapsed time 0.000537s.[0m
2026-03-27 05:28:59 |[34;20m INFO     [0m|[34;20m nipype.workflow  [0m|[34;20m Generating reports...[0m
2026-03-27 05:29:00 |[34;20m INFO     [0m|[34;20m nipype.workflow  [0m|[34;20m Report generation finished (2 reports).[0m
2026-03-27 05:29:00 |[33;20m IMPORTANT [0m|[33;20m mriqc            [0m|[33;20m Participant level finished successfully averaging 00h 03min 19s per subject.[0m
2026-03-27 05:29:00 |[34;20m INFO     [0m|[34;20m mriqc            [0m|[34;20m Generating BIDS derivatives metadata.[0m
----------------------------------------------------------------
  MRIQC completed (elapsed time 00h 06min 39s).
----------------------------------------------------------------

