------------------------------------------------------------------
  Running MRIQC version 24.1.0.dev0+gd5b13cb5.d20240826
  ----------------------------------------------------------------

  NOTICE
  Copyright © The NiPreps Developers.
  
  This product includes software developed by
  the NiPreps Community (https://nipreps.org/).
  
  Portions of this software were developed at the Department of
  Psychology at Stanford University, Stanford, CA, US.
  
  This software contains code ultimately derived from the
  PCP Quality Assessment Protocol (QAP;
  http://preprocessed-connectomes-project.org/quality-assessment-protocol)
  by C. Craddock, S. Giavasis, D. Clark, Z. Shezhad, and J. Pellman.
  
  This software is also distributed as a Docker container image.
  The bootstrapping file for the image ("Dockerfile") is licensed
  under the MIT License.

  ----------------------------------------------------------------

  * BIDS dataset path: /local/nvme/ds006444_15.783915/ds/sourcedata/raw.
  * Output folder: mriqc.
  * Analysis levels: ['participant'].
------------------------------------------------------------------

2026-03-27 05:22:24 |[33;20m IMPORTANT [0m|[33;20m mriqc            [0m|[33;20m Extracting metadata and entities for 2 input runs of modality 't1w'...[0m
2026-03-27 05:22:24 |[33;20m IMPORTANT [0m|[33;20m mriqc            [0m|[33;20m File size ('t1w'): 0.02|0.02 GB [maximum|average].[0m
2026-03-27 05:22:24 |[34;20m INFO     [0m|[34;20m mriqc            [0m|[34;20m MRIQC config file: /local/nvme/ds006444_15.783915/ds/tmp/config-20260327-052220_dbcc9cc9-11e7-48b3-9362-4798f1890c01.toml.[0m
2026-03-27 05:22:29 |[34;20m INFO     [0m|[34;20m matplotlib.font_manager [0m|[34;20m generated new fontManager[0m
2026-03-27 05:22:30 |[33;20m IMPORTANT [0m|[33;20m mriqc            [0m|[33;20m Building MRIQC's workflows...[0m
2026-03-27 05:22:30 |[34;20m INFO     [0m|[34;20m nipype.workflow  [0m|[34;20m Building anatomical MRIQC workflow for 2 NIfTI files..[0m
2026-03-27 05:22:36 |[33;20m IMPORTANT [0m|[33;20m mriqc            [0m|[33;20m Workflow building finished (exit code 0).[0m
2026-03-27 05:22:41 |[34;20m INFO     [0m|[34;20m nipype.workflow  [0m|[34;20m Workflow mriqc_wf settings: ['check', 'execution', 'logging', 'monitoring'][0m
2026-03-27 05:22:41 |[34;20m INFO     [0m|[34;20m nipype.workflow  [0m|[34;20m [Node] Setting-up "mriqc_wf.anatMRIQC.conform" in "/local/nvme/ds006444_15.783915/ds/tmp/mriqc_wf/anatMRIQC/9af312c64628a0de48f0881062ee0560f2f1c8ff/conform".[0m
2026-03-27 05:22:41 |[34;20m INFO     [0m|[34;20m nipype.workflow  [0m|[34;20m [Node] Setting-up "mriqc_wf.anatMRIQC.conform" in "/local/nvme/ds006444_15.783915/ds/tmp/mriqc_wf/anatMRIQC/9700c42a8516cf5f6da3634204798d2e31c40586/conform".[0m
2026-03-27 05:22:41 |[34;20m INFO     [0m|[34;20m nipype.workflow  [0m|[34;20m [Node] Executing "conform" <mriqc.interfaces.common.conform_image.ConformImage>[0m
2026-03-27 05:22:41 |[34;20m INFO     [0m|[34;20m nipype.workflow  [0m|[34;20m [Node] Executing "conform" <mriqc.interfaces.common.conform_image.ConformImage>[0m
2026-03-27 05:22:41 |[34;20m INFO     [0m|[34;20m nipype.workflow  [0m|[34;20m [Node] Finished "conform", elapsed time 0.089355s.[0m
2026-03-27 05:22:41 |[34;20m INFO     [0m|[34;20m nipype.workflow  [0m|[34;20m [Node] Finished "conform", elapsed time 0.092575s.[0m
2026-03-27 05:22:43 |[34;20m INFO     [0m|[34;20m nipype.workflow  [0m|[34;20m [Node] Setting-up "mriqc_wf.anatMRIQC.synthstrip_wf.pre_clip" in "/local/nvme/ds006444_15.783915/ds/tmp/mriqc_wf/anatMRIQC/synthstrip_wf/9af312c64628a0de48f0881062ee0560f2f1c8ff/pre_clip".[0m
2026-03-27 05:22:43 |[34;20m INFO     [0m|[34;20m nipype.workflow  [0m|[34;20m [Node] Setting-up "mriqc_wf.anatMRIQC.AirMaskWorkflow.RotationMask" in "/local/nvme/ds006444_15.783915/ds/tmp/mriqc_wf/anatMRIQC/AirMaskWorkflow/9af312c64628a0de48f0881062ee0560f2f1c8ff/RotationMask".[0m
2026-03-27 05:22:43 |[34;20m INFO     [0m|[34;20m nipype.workflow  [0m|[34;20m [Node] Setting-up "mriqc_wf.anatMRIQC.synthstrip_wf.pre_clip" in "/local/nvme/ds006444_15.783915/ds/tmp/mriqc_wf/anatMRIQC/synthstrip_wf/9700c42a8516cf5f6da3634204798d2e31c40586/pre_clip".[0m
2026-03-27 05:22:43 |[34;20m INFO     [0m|[34;20m nipype.workflow  [0m|[34;20m [Node] Setting-up "mriqc_wf.anatMRIQC.anat_report_wf.PlotMosaicNoise" in "/local/nvme/ds006444_15.783915/ds/tmp/mriqc_wf/anatMRIQC/anat_report_wf/9af312c64628a0de48f0881062ee0560f2f1c8ff/PlotMosaicNoise".[0m
2026-03-27 05:22:43 |[34;20m INFO     [0m|[34;20m nipype.workflow  [0m|[34;20m [Node] Setting-up "mriqc_wf.anatMRIQC.anat_report_wf.PlotMosaicNoise" in "/local/nvme/ds006444_15.783915/ds/tmp/mriqc_wf/anatMRIQC/anat_report_wf/9700c42a8516cf5f6da3634204798d2e31c40586/PlotMosaicNoise".[0m
2026-03-27 05:22:43 |[34;20m INFO     [0m|[34;20m nipype.workflow  [0m|[34;20m [Node] Setting-up "mriqc_wf.anatMRIQC.AirMaskWorkflow.RotationMask" in "/local/nvme/ds006444_15.783915/ds/tmp/mriqc_wf/anatMRIQC/AirMaskWorkflow/9700c42a8516cf5f6da3634204798d2e31c40586/RotationMask".[0m
2026-03-27 05:22:43 |[34;20m INFO     [0m|[34;20m nipype.workflow  [0m|[34;20m [Node] Executing "pre_clip" <niworkflows.interfaces.nibabel.IntensityClip>[0m
2026-03-27 05:22:43 |[34;20m INFO     [0m|[34;20m nipype.workflow  [0m|[34;20m [Node] Executing "RotationMask" <mriqc.interfaces.anatomical.RotationMask>[0m
2026-03-27 05:22:43 |[34;20m INFO     [0m|[34;20m nipype.workflow  [0m|[34;20m [Node] Executing "pre_clip" <niworkflows.interfaces.nibabel.IntensityClip>[0m
2026-03-27 05:22:43 |[34;20m INFO     [0m|[34;20m nipype.workflow  [0m|[34;20m [Node] Executing "RotationMask" <mriqc.interfaces.anatomical.RotationMask>[0m
2026-03-27 05:22:43 |[34;20m INFO     [0m|[34;20m nipype.workflow  [0m|[34;20m [Node] Executing "PlotMosaicNoise" <nireports.interfaces.mosaic.PlotMosaic>[0m
2026-03-27 05:22:43 |[34;20m INFO     [0m|[34;20m nipype.workflow  [0m|[34;20m [Node] Executing "PlotMosaicNoise" <nireports.interfaces.mosaic.PlotMosaic>[0m
2026-03-27 05:22:44 |[34;20m INFO     [0m|[34;20m nipype.workflow  [0m|[34;20m [Node] Finished "RotationMask", elapsed time 0.457491s.[0m
2026-03-27 05:22:44 |[34;20m INFO     [0m|[34;20m nipype.workflow  [0m|[34;20m [Node] Finished "RotationMask", elapsed time 0.487249s.[0m
2026-03-27 05:22:50 |[34;20m INFO     [0m|[34;20m nipype.workflow  [0m|[34;20m [Node] Finished "PlotMosaicNoise", elapsed time 7.016128s.[0m
2026-03-27 05:22:50 |[34;20m INFO     [0m|[34;20m nipype.workflow  [0m|[34;20m [Node] Finished "PlotMosaicNoise", elapsed time 7.134822s.[0m
2026-03-27 05:22:51 |[34;20m INFO     [0m|[34;20m nipype.workflow  [0m|[34;20m [Node] Setting-up "mriqc_wf.anatMRIQC.anat_report_wf.ds_report_background" in "/local/nvme/ds006444_15.783915/ds/tmp/mriqc_wf/anatMRIQC/anat_report_wf/9af312c64628a0de48f0881062ee0560f2f1c8ff/ds_report_background".[0m
2026-03-27 05:22:51 |[34;20m INFO     [0m|[34;20m nipype.workflow  [0m|[34;20m [Node] Executing "ds_report_background" <mriqc.interfaces.DerivativesDataSink>[0m
2026-03-27 05:22:51 |[34;20m INFO     [0m|[34;20m nipype.workflow  [0m|[34;20m [Node] Finished "ds_report_background", elapsed time 0.010126s.[0m
2026-03-27 05:22:51 |[34;20m INFO     [0m|[34;20m nipype.workflow  [0m|[34;20m [Node] Setting-up "mriqc_wf.anatMRIQC.anat_report_wf.ds_report_background" in "/local/nvme/ds006444_15.783915/ds/tmp/mriqc_wf/anatMRIQC/anat_report_wf/9700c42a8516cf5f6da3634204798d2e31c40586/ds_report_background".[0m
2026-03-27 05:22:51 |[34;20m INFO     [0m|[34;20m nipype.workflow  [0m|[34;20m [Node] Executing "ds_report_background" <mriqc.interfaces.DerivativesDataSink>[0m
2026-03-27 05:22:51 |[34;20m INFO     [0m|[34;20m nipype.workflow  [0m|[34;20m [Node] Finished "ds_report_background", elapsed time 0.005389s.[0m
2026-03-27 05:22:56 |[34;20m INFO     [0m|[34;20m nipype.workflow  [0m|[34;20m [Node] Finished "pre_clip", elapsed time 12.45484s.[0m
2026-03-27 05:22:56 |[34;20m INFO     [0m|[34;20m nipype.workflow  [0m|[34;20m [Node] Finished "pre_clip", elapsed time 12.493284s.[0m
2026-03-27 05:22:57 |[34;20m INFO     [0m|[34;20m nipype.workflow  [0m|[34;20m [Node] Setting-up "mriqc_wf.anatMRIQC.synthstrip_wf.pre_n4" in "/local/nvme/ds006444_15.783915/ds/tmp/mriqc_wf/anatMRIQC/synthstrip_wf/9af312c64628a0de48f0881062ee0560f2f1c8ff/pre_n4".[0m
2026-03-27 05:22:57 |[34;20m INFO     [0m|[34;20m nipype.workflow  [0m|[34;20m [Node] Executing "pre_n4" <nipype.interfaces.ants.segmentation.N4BiasFieldCorrection>[0m
2026-03-27 05:23:12 |[34;20m INFO     [0m|[34;20m nipype.workflow  [0m|[34;20m [Node] Finished "pre_n4", elapsed time 14.513529s.[0m
2026-03-27 05:23:13 |[34;20m INFO     [0m|[34;20m nipype.workflow  [0m|[34;20m [Node] Setting-up "mriqc_wf.anatMRIQC.synthstrip_wf.pre_n4" in "/local/nvme/ds006444_15.783915/ds/tmp/mriqc_wf/anatMRIQC/synthstrip_wf/9700c42a8516cf5f6da3634204798d2e31c40586/pre_n4".[0m
2026-03-27 05:23:13 |[34;20m INFO     [0m|[34;20m nipype.workflow  [0m|[34;20m [Node] Executing "pre_n4" <nipype.interfaces.ants.segmentation.N4BiasFieldCorrection>[0m
2026-03-27 05:23:29 |[34;20m INFO     [0m|[34;20m nipype.workflow  [0m|[34;20m [Node] Finished "pre_n4", elapsed time 15.520443s.[0m
2026-03-27 05:23:29 |[34;20m INFO     [0m|[34;20m nipype.workflow  [0m|[34;20m [Node] Setting-up "mriqc_wf.anatMRIQC.synthstrip_wf.synthstrip" in "/local/nvme/ds006444_15.783915/ds/tmp/mriqc_wf/anatMRIQC/synthstrip_wf/9af312c64628a0de48f0881062ee0560f2f1c8ff/synthstrip".[0m
2026-03-27 05:23:29 |[34;20m INFO     [0m|[34;20m nipype.workflow  [0m|[34;20m [Node] Executing "synthstrip" <mriqc.interfaces.synthstrip.SynthStrip>[0m
2026-03-27 05:24:04 |[34;20m INFO     [0m|[34;20m nipype.workflow  [0m|[34;20m [Node] Finished "synthstrip", elapsed time 34.633597s.[0m
2026-03-27 05:24:05 |[34;20m INFO     [0m|[34;20m nipype.workflow  [0m|[34;20m [Node] Setting-up "mriqc_wf.anatMRIQC.synthstrip_wf.synthstrip" in "/local/nvme/ds006444_15.783915/ds/tmp/mriqc_wf/anatMRIQC/synthstrip_wf/9700c42a8516cf5f6da3634204798d2e31c40586/synthstrip".[0m
2026-03-27 05:24:05 |[34;20m INFO     [0m|[34;20m nipype.workflow  [0m|[34;20m [Node] Executing "synthstrip" <mriqc.interfaces.synthstrip.SynthStrip>[0m
2026-03-27 05:24:31 |[34;20m INFO     [0m|[34;20m nipype.workflow  [0m|[34;20m [Node] Finished "synthstrip", elapsed time 25.460899s.[0m
2026-03-27 05:24:31 |[34;20m INFO     [0m|[34;20m nipype.workflow  [0m|[34;20m [Node] Setting-up "mriqc_wf.anatMRIQC.synthstrip_wf.post_n4" in "/local/nvme/ds006444_15.783915/ds/tmp/mriqc_wf/anatMRIQC/synthstrip_wf/9af312c64628a0de48f0881062ee0560f2f1c8ff/post_n4".[0m
2026-03-27 05:24:31 |[34;20m INFO     [0m|[34;20m nipype.workflow  [0m|[34;20m [Node] Executing "post_n4" <nipype.interfaces.ants.segmentation.N4BiasFieldCorrection>[0m
2026-03-27 05:24:39 |[34;20m INFO     [0m|[34;20m nipype.workflow  [0m|[34;20m [Node] Finished "post_n4", elapsed time 7.268836s.[0m
2026-03-27 05:24:39 |[34;20m INFO     [0m|[34;20m nipype.workflow  [0m|[34;20m [Node] Setting-up "mriqc_wf.anatMRIQC.ComputeIQMs.smoothness" in "/local/nvme/ds006444_15.783915/ds/tmp/mriqc_wf/anatMRIQC/ComputeIQMs/9700c42a8516cf5f6da3634204798d2e31c40586/smoothness".[0m
2026-03-27 05:24:39 |[34;20m INFO     [0m|[34;20m nipype.workflow  [0m|[34;20m [Node] Setting-up "mriqc_wf.anatMRIQC.ComputeIQMs.smoothness" in "/local/nvme/ds006444_15.783915/ds/tmp/mriqc_wf/anatMRIQC/ComputeIQMs/9af312c64628a0de48f0881062ee0560f2f1c8ff/smoothness".[0m
2026-03-27 05:24:39 |[34;20m INFO     [0m|[34;20m nipype.workflow  [0m|[34;20m [Node] Setting-up "mriqc_wf.anatMRIQC.anat_report_wf.PlotMosaicZoomed" in "/local/nvme/ds006444_15.783915/ds/tmp/mriqc_wf/anatMRIQC/anat_report_wf/9af312c64628a0de48f0881062ee0560f2f1c8ff/PlotMosaicZoomed".[0m
2026-03-27 05:24:39 |[34;20m INFO     [0m|[34;20m nipype.workflow  [0m|[34;20m [Node] Setting-up "mriqc_wf.anatMRIQC.anat_report_wf.PlotMosaicZoomed" in "/local/nvme/ds006444_15.783915/ds/tmp/mriqc_wf/anatMRIQC/anat_report_wf/9700c42a8516cf5f6da3634204798d2e31c40586/PlotMosaicZoomed".[0m
2026-03-27 05:24:39 |[34;20m INFO     [0m|[34;20m nipype.workflow  [0m|[34;20m [Node] Setting-up "mriqc_wf.anatMRIQC.anat_report_wf.PlotBrainmask" in "/local/nvme/ds006444_15.783915/ds/tmp/mriqc_wf/anatMRIQC/anat_report_wf/9af312c64628a0de48f0881062ee0560f2f1c8ff/PlotBrainmask".[0m
2026-03-27 05:24:39 |[34;20m INFO     [0m|[34;20m nipype.workflow  [0m|[34;20m [Node] Setting-up "mriqc_wf.anatMRIQC.anat_report_wf.PlotBrainmask" in "/local/nvme/ds006444_15.783915/ds/tmp/mriqc_wf/anatMRIQC/anat_report_wf/9700c42a8516cf5f6da3634204798d2e31c40586/PlotBrainmask".[0m
2026-03-27 05:24:39 |[34;20m INFO     [0m|[34;20m nipype.workflow  [0m|[34;20m [Node] Setting-up "mriqc_wf.anatMRIQC.synthstrip_wf.final_masked" in "/local/nvme/ds006444_15.783915/ds/tmp/mriqc_wf/anatMRIQC/synthstrip_wf/9af312c64628a0de48f0881062ee0560f2f1c8ff/final_masked".[0m
2026-03-27 05:24:39 |[34;20m INFO     [0m|[34;20m nipype.workflow  [0m|[34;20m [Node] Executing "smoothness" <nipype.interfaces.afni.utils.FWHMx>[0m
2026-03-27 05:24:39 |[34;20m INFO     [0m|[34;20m nipype.workflow  [0m|[34;20m [Node] Executing "smoothness" <nipype.interfaces.afni.utils.FWHMx>[0m
2026-03-27 05:24:39 |[34;20m INFO     [0m|[34;20m nipype.workflow  [0m|[34;20m [Node] Executing "PlotMosaicZoomed" <nireports.interfaces.mosaic.PlotMosaic>[0m
2026-03-27 05:24:39 |[34;20m INFO     [0m|[34;20m nipype.workflow  [0m|[34;20m [Node] Executing "final_masked" <niworkflows.interfaces.nibabel.ApplyMask>[0m
2026-03-27 05:24:39 |[34;20m INFO     [0m|[34;20m nipype.workflow  [0m|[34;20m [Node] Executing "PlotBrainmask" <nireports.interfaces.mosaic.PlotContours>[0m
2026-03-27 05:24:39 |[34;20m INFO     [0m|[34;20m nipype.workflow  [0m|[34;20m [Node] Executing "PlotMosaicZoomed" <nireports.interfaces.mosaic.PlotMosaic>[0m
2026-03-27 05:24:39 |[34;20m INFO     [0m|[34;20m nipype.workflow  [0m|[34;20m [Node] Executing "PlotBrainmask" <nireports.interfaces.mosaic.PlotContours>[0m
2026-03-27 05:24:39 |[34;20m INFO     [0m|[34;20m nipype.workflow  [0m|[34;20m [Node] Finished "final_masked", elapsed time 0.278208s.[0m
2026-03-27 05:24:43 |[34;20m INFO     [0m|[34;20m nipype.workflow  [0m|[34;20m [Node] Finished "PlotMosaicZoomed", elapsed time 4.036814s.[0m
2026-03-27 05:24:43 |[34;20m INFO     [0m|[34;20m nipype.workflow  [0m|[34;20m [Node] Finished "PlotMosaicZoomed", elapsed time 4.117127s.[0m
2026-03-27 05:24:44 |[34;20m INFO     [0m|[34;20m nipype.workflow  [0m|[34;20m [Node] Finished "smoothness", elapsed time 4.567159s.[0m
2026-03-27 05:24:44 |[34;20m INFO     [0m|[34;20m nipype.workflow  [0m|[34;20m [Node] Finished "smoothness", elapsed time 4.7122589999999995s.[0m
2026-03-27 05:24:45 |[34;20m INFO     [0m|[34;20m nipype.workflow  [0m|[34;20m [Node] Setting-up "mriqc_wf.anatMRIQC.anat_report_wf.ds_report_zoomed" in "/local/nvme/ds006444_15.783915/ds/tmp/mriqc_wf/anatMRIQC/anat_report_wf/9af312c64628a0de48f0881062ee0560f2f1c8ff/ds_report_zoomed".[0m
2026-03-27 05:24:45 |[34;20m INFO     [0m|[34;20m nipype.workflow  [0m|[34;20m [Node] Executing "ds_report_zoomed" <mriqc.interfaces.DerivativesDataSink>[0m
2026-03-27 05:24:45 |[34;20m INFO     [0m|[34;20m nipype.workflow  [0m|[34;20m [Node] Finished "ds_report_zoomed", elapsed time 0.006373s.[0m
2026-03-27 05:24:45 |[34;20m INFO     [0m|[34;20m nipype.workflow  [0m|[34;20m [Node] Finished "PlotBrainmask", elapsed time 6.097116s.[0m
2026-03-27 05:24:45 |[34;20m INFO     [0m|[34;20m nipype.workflow  [0m|[34;20m [Node] Finished "PlotBrainmask", elapsed time 6.105972s.[0m
2026-03-27 05:24:45 |[34;20m INFO     [0m|[34;20m nipype.workflow  [0m|[34;20m [Node] Setting-up "mriqc_wf.anatMRIQC.anat_report_wf.ds_report_zoomed" in "/local/nvme/ds006444_15.783915/ds/tmp/mriqc_wf/anatMRIQC/anat_report_wf/9700c42a8516cf5f6da3634204798d2e31c40586/ds_report_zoomed".[0m
2026-03-27 05:24:45 |[34;20m INFO     [0m|[34;20m nipype.workflow  [0m|[34;20m [Node] Executing "ds_report_zoomed" <mriqc.interfaces.DerivativesDataSink>[0m
2026-03-27 05:24:45 |[34;20m INFO     [0m|[34;20m nipype.workflow  [0m|[34;20m [Node] Finished "ds_report_zoomed", elapsed time 0.00583s.[0m
2026-03-27 05:24:47 |[34;20m INFO     [0m|[34;20m nipype.workflow  [0m|[34;20m [Node] Setting-up "mriqc_wf.anatMRIQC.synthstrip_wf.post_n4" in "/local/nvme/ds006444_15.783915/ds/tmp/mriqc_wf/anatMRIQC/synthstrip_wf/9700c42a8516cf5f6da3634204798d2e31c40586/post_n4".[0m
2026-03-27 05:24:47 |[34;20m INFO     [0m|[34;20m nipype.workflow  [0m|[34;20m [Node] Executing "post_n4" <nipype.interfaces.ants.segmentation.N4BiasFieldCorrection>[0m
2026-03-27 05:24:55 |[34;20m INFO     [0m|[34;20m nipype.workflow  [0m|[34;20m [Node] Finished "post_n4", elapsed time 7.314125s.[0m
2026-03-27 05:24:55 |[34;20m INFO     [0m|[34;20m nipype.workflow  [0m|[34;20m [Node] Setting-up "mriqc_wf.anatMRIQC.SpatialNormalization.SpatialNormalization" in "/local/nvme/ds006444_15.783915/ds/tmp/mriqc_wf/anatMRIQC/SpatialNormalization/9af312c64628a0de48f0881062ee0560f2f1c8ff/SpatialNormalization".[0m
2026-03-27 05:24:55 |[34;20m INFO     [0m|[34;20m nipype.workflow  [0m|[34;20m [Node] Executing "SpatialNormalization" <niworkflows.interfaces.reportlets.registration.SpatialNormalizationRPT>[0m
2026-03-27 05:24:57 |[34;20m INFO     [0m|[34;20m niworkflows      [0m|[34;20m Estimating initial transform using AffineInitializer[0m
2026-03-27 05:25:09 |[34;20m INFO     [0m|[34;20m niworkflows      [0m|[34;20m Loading settings from file /opt/conda/lib/python3.11/site-packages/niworkflows/data/t1w-mni_registration_testing_000.json.[0m
2026-03-27 05:25:09 |[34;20m INFO     [0m|[34;20m niworkflows      [0m|[34;20m Retry #1, commandline: 
antsRegistration --collapse-output-transforms 1 --dimensionality 3 --float 0 --initial-moving-transform [ /local/nvme/ds006444_15.783915/ds/tmp/mriqc_wf/anatMRIQC/SpatialNormalization/9af312c64628a0de48f0881062ee0560f2f1c8ff/SpatialNormalization/transform.mat, 0 ] --initialize-transforms-per-stage 0 --interpolation LanczosWindowedSinc --output [ ants_t1_to_mni, ants_t1_to_mni_Warped.nii.gz ] --transform Rigid[ 1.0 ] --metric Mattes[ /local/nvme/ds006444_15.783915/ds/tmp/mriqc_wf/anatMRIQC/SpatialNormalization/9af312c64628a0de48f0881062ee0560f2f1c8ff/SpatialNormalization/fixed_masked.nii.gz, /local/nvme/ds006444_15.783915/ds/tmp/mriqc_wf/anatMRIQC/SpatialNormalization/9af312c64628a0de48f0881062ee0560f2f1c8ff/SpatialNormalization/moving_masked.nii.gz, 1, 56, Random, 0.2 ] --convergence [ 20, 1e-07, 15 ] --smoothing-sigmas 4.0vox --shrink-factors 2 --use-histogram-matching 0 --transform Affine[ 1.0 ] --metric Mattes[ /local/nvme/ds006444_15.783915/ds/tmp/mriqc_wf/anatMRIQC/SpatialNormalization/9af312c64628a0de48f0881062ee0560f2f1c8ff/SpatialNormalization/fixed_masked.nii.gz, /local/nvme/ds006444_15.783915/ds/tmp/mriqc_wf/anatMRIQC/SpatialNormalization/9af312c64628a0de48f0881062ee0560f2f1c8ff/SpatialNormalization/moving_masked.nii.gz, 1, 56, Random, 0.1 ] --convergence [ 15, 1e-08, 5 ] --smoothing-sigmas 2.0vox --shrink-factors 1 --use-histogram-matching 1 --winsorize-image-intensities [ 0.005, 0.995 ]  --write-composite-transform 1[0m
2026-03-27 05:25:12 |[34;20m INFO     [0m|[34;20m niworkflows      [0m|[34;20m Successful spatial normalization (retry #1).[0m
2026-03-27 05:25:16 |[34;20m INFO     [0m|[34;20m niworkflows      [0m|[34;20m Report - setting fixed (/local/nvme/ds006444_15.783915/ds/tmp/mriqc_wf/anatMRIQC/SpatialNormalization/9af312c64628a0de48f0881062ee0560f2f1c8ff/SpatialNormalization/fixed_masked.nii.gz) and moving (/local/nvme/ds006444_15.783915/ds/tmp/mriqc_wf/anatMRIQC/SpatialNormalization/9af312c64628a0de48f0881062ee0560f2f1c8ff/SpatialNormalization/ants_t1_to_mni_Warped.nii.gz) images[0m
2026-03-27 05:25:16 |[34;20m INFO     [0m|[34;20m niworkflows      [0m|[34;20m Generating visual report[0m
2026-03-27 05:25:31 |[34;20m INFO     [0m|[34;20m nipype.workflow  [0m|[34;20m [Node] Finished "SpatialNormalization", elapsed time 36.228269s.[0m
2026-03-27 05:25:33 |[34;20m INFO     [0m|[34;20m nipype.workflow  [0m|[34;20m [Node] Setting-up "mriqc_wf.anatMRIQC.anat_report_wf.ds_report_bmask" in "/local/nvme/ds006444_15.783915/ds/tmp/mriqc_wf/anatMRIQC/anat_report_wf/9af312c64628a0de48f0881062ee0560f2f1c8ff/ds_report_bmask".[0m
2026-03-27 05:25:33 |[34;20m INFO     [0m|[34;20m nipype.workflow  [0m|[34;20m [Node] Executing "ds_report_bmask" <mriqc.interfaces.DerivativesDataSink>[0m
2026-03-27 05:25:33 |[34;20m INFO     [0m|[34;20m nipype.workflow  [0m|[34;20m [Node] Finished "ds_report_bmask", elapsed time 0.004856s.[0m
2026-03-27 05:25:33 |[34;20m INFO     [0m|[34;20m nipype.workflow  [0m|[34;20m [Node] Setting-up "mriqc_wf.anatMRIQC.anat_report_wf.ds_report_bmask" in "/local/nvme/ds006444_15.783915/ds/tmp/mriqc_wf/anatMRIQC/anat_report_wf/9700c42a8516cf5f6da3634204798d2e31c40586/ds_report_bmask".[0m
2026-03-27 05:25:33 |[34;20m INFO     [0m|[34;20m nipype.workflow  [0m|[34;20m [Node] Setting-up "mriqc_wf.anatMRIQC.synthstrip_wf.final_masked" in "/local/nvme/ds006444_15.783915/ds/tmp/mriqc_wf/anatMRIQC/synthstrip_wf/9700c42a8516cf5f6da3634204798d2e31c40586/final_masked".[0m
2026-03-27 05:25:33 |[34;20m INFO     [0m|[34;20m nipype.workflow  [0m|[34;20m [Node] Executing "ds_report_bmask" <mriqc.interfaces.DerivativesDataSink>[0m
2026-03-27 05:25:33 |[34;20m INFO     [0m|[34;20m nipype.workflow  [0m|[34;20m [Node] Executing "final_masked" <niworkflows.interfaces.nibabel.ApplyMask>[0m
2026-03-27 05:25:33 |[34;20m INFO     [0m|[34;20m nipype.workflow  [0m|[34;20m [Node] Finished "ds_report_bmask", elapsed time 0.004781s.[0m
2026-03-27 05:25:33 |[34;20m INFO     [0m|[34;20m nipype.workflow  [0m|[34;20m [Node] Setting-up "mriqc_wf.anatMRIQC.anat_report_wf.ds_report_norm" in "/local/nvme/ds006444_15.783915/ds/tmp/mriqc_wf/anatMRIQC/anat_report_wf/9af312c64628a0de48f0881062ee0560f2f1c8ff/ds_report_norm".[0m
2026-03-27 05:25:33 |[34;20m INFO     [0m|[34;20m nipype.workflow  [0m|[34;20m [Node] Executing "ds_report_norm" <mriqc.interfaces.DerivativesDataSink>[0m
2026-03-27 05:25:33 |[34;20m INFO     [0m|[34;20m nipype.workflow  [0m|[34;20m [Node] Finished "ds_report_norm", elapsed time 0.004772s.[0m
2026-03-27 05:25:34 |[34;20m INFO     [0m|[34;20m nipype.workflow  [0m|[34;20m [Node] Finished "final_masked", elapsed time 0.267563s.[0m
2026-03-27 05:25:35 |[34;20m INFO     [0m|[34;20m nipype.workflow  [0m|[34;20m [Node] Setting-up "mriqc_wf.anatMRIQC.SpatialNormalization.SpatialNormalization" in "/local/nvme/ds006444_15.783915/ds/tmp/mriqc_wf/anatMRIQC/SpatialNormalization/9700c42a8516cf5f6da3634204798d2e31c40586/SpatialNormalization".[0m
2026-03-27 05:25:35 |[34;20m INFO     [0m|[34;20m nipype.workflow  [0m|[34;20m [Node] Executing "SpatialNormalization" <niworkflows.interfaces.reportlets.registration.SpatialNormalizationRPT>[0m
2026-03-27 05:25:37 |[34;20m INFO     [0m|[34;20m niworkflows      [0m|[34;20m Estimating initial transform using AffineInitializer[0m
2026-03-27 05:25:49 |[34;20m INFO     [0m|[34;20m niworkflows      [0m|[34;20m Loading settings from file /opt/conda/lib/python3.11/site-packages/niworkflows/data/t1w-mni_registration_testing_000.json.[0m
2026-03-27 05:25:49 |[34;20m INFO     [0m|[34;20m niworkflows      [0m|[34;20m Retry #1, commandline: 
antsRegistration --collapse-output-transforms 1 --dimensionality 3 --float 0 --initial-moving-transform [ /local/nvme/ds006444_15.783915/ds/tmp/mriqc_wf/anatMRIQC/SpatialNormalization/9700c42a8516cf5f6da3634204798d2e31c40586/SpatialNormalization/transform.mat, 0 ] --initialize-transforms-per-stage 0 --interpolation LanczosWindowedSinc --output [ ants_t1_to_mni, ants_t1_to_mni_Warped.nii.gz ] --transform Rigid[ 1.0 ] --metric Mattes[ /local/nvme/ds006444_15.783915/ds/tmp/mriqc_wf/anatMRIQC/SpatialNormalization/9700c42a8516cf5f6da3634204798d2e31c40586/SpatialNormalization/fixed_masked.nii.gz, /local/nvme/ds006444_15.783915/ds/tmp/mriqc_wf/anatMRIQC/SpatialNormalization/9700c42a8516cf5f6da3634204798d2e31c40586/SpatialNormalization/moving_masked.nii.gz, 1, 56, Random, 0.2 ] --convergence [ 20, 1e-07, 15 ] --smoothing-sigmas 4.0vox --shrink-factors 2 --use-histogram-matching 0 --transform Affine[ 1.0 ] --metric Mattes[ /local/nvme/ds006444_15.783915/ds/tmp/mriqc_wf/anatMRIQC/SpatialNormalization/9700c42a8516cf5f6da3634204798d2e31c40586/SpatialNormalization/fixed_masked.nii.gz, /local/nvme/ds006444_15.783915/ds/tmp/mriqc_wf/anatMRIQC/SpatialNormalization/9700c42a8516cf5f6da3634204798d2e31c40586/SpatialNormalization/moving_masked.nii.gz, 1, 56, Random, 0.1 ] --convergence [ 15, 1e-08, 5 ] --smoothing-sigmas 2.0vox --shrink-factors 1 --use-histogram-matching 1 --winsorize-image-intensities [ 0.005, 0.995 ]  --write-composite-transform 1[0m
2026-03-27 05:25:52 |[34;20m INFO     [0m|[34;20m niworkflows      [0m|[34;20m Successful spatial normalization (retry #1).[0m
2026-03-27 05:25:56 |[34;20m INFO     [0m|[34;20m niworkflows      [0m|[34;20m Report - setting fixed (/local/nvme/ds006444_15.783915/ds/tmp/mriqc_wf/anatMRIQC/SpatialNormalization/9700c42a8516cf5f6da3634204798d2e31c40586/SpatialNormalization/fixed_masked.nii.gz) and moving (/local/nvme/ds006444_15.783915/ds/tmp/mriqc_wf/anatMRIQC/SpatialNormalization/9700c42a8516cf5f6da3634204798d2e31c40586/SpatialNormalization/ants_t1_to_mni_Warped.nii.gz) images[0m
2026-03-27 05:25:56 |[34;20m INFO     [0m|[34;20m niworkflows      [0m|[34;20m Generating visual report[0m
2026-03-27 05:26:11 |[34;20m INFO     [0m|[34;20m nipype.workflow  [0m|[34;20m [Node] Finished "SpatialNormalization", elapsed time 35.600062s.[0m
2026-03-27 05:26:11 |[34;20m INFO     [0m|[34;20m nipype.workflow  [0m|[34;20m [Node] Setting-up "mriqc_wf.anatMRIQC.anat_report_wf.ds_report_norm" in "/local/nvme/ds006444_15.783915/ds/tmp/mriqc_wf/anatMRIQC/anat_report_wf/9700c42a8516cf5f6da3634204798d2e31c40586/ds_report_norm".[0m
2026-03-27 05:26:11 |[34;20m INFO     [0m|[34;20m nipype.workflow  [0m|[34;20m [Node] Executing "ds_report_norm" <mriqc.interfaces.DerivativesDataSink>[0m
2026-03-27 05:26:11 |[34;20m INFO     [0m|[34;20m nipype.workflow  [0m|[34;20m [Node] Finished "ds_report_norm", elapsed time 0.00484s.[0m
2026-03-27 05:26:11 |[34;20m INFO     [0m|[34;20m nipype.workflow  [0m|[34;20m [Node] Setting-up "_tpms_std2t1w1" in "/local/nvme/ds006444_15.783915/ds/tmp/mriqc_wf/anatMRIQC/SpatialNormalization/9af312c64628a0de48f0881062ee0560f2f1c8ff/tpms_std2t1w/mapflow/_tpms_std2t1w1".[0m
2026-03-27 05:26:11 |[34;20m INFO     [0m|[34;20m nipype.workflow  [0m|[34;20m [Node] Setting-up "_tpms_std2t1w0" in "/local/nvme/ds006444_15.783915/ds/tmp/mriqc_wf/anatMRIQC/SpatialNormalization/9af312c64628a0de48f0881062ee0560f2f1c8ff/tpms_std2t1w/mapflow/_tpms_std2t1w0".[0m
2026-03-27 05:26:11 |[34;20m INFO     [0m|[34;20m nipype.workflow  [0m|[34;20m [Node] Setting-up "_tpms_std2t1w2" in "/local/nvme/ds006444_15.783915/ds/tmp/mriqc_wf/anatMRIQC/SpatialNormalization/9af312c64628a0de48f0881062ee0560f2f1c8ff/tpms_std2t1w/mapflow/_tpms_std2t1w2".[0m
2026-03-27 05:26:11 |[34;20m INFO     [0m|[34;20m nipype.workflow  [0m|[34;20m [Node] Executing "_tpms_std2t1w2" <niworkflows.interfaces.fixes.FixHeaderApplyTransforms>[0m
2026-03-27 05:26:11 |[34;20m INFO     [0m|[34;20m nipype.workflow  [0m|[34;20m [Node] Executing "_tpms_std2t1w0" <niworkflows.interfaces.fixes.FixHeaderApplyTransforms>[0m
2026-03-27 05:26:11 |[34;20m INFO     [0m|[34;20m nipype.workflow  [0m|[34;20m [Node] Executing "_tpms_std2t1w1" <niworkflows.interfaces.fixes.FixHeaderApplyTransforms>[0m
2026-03-27 05:26:13 |[34;20m INFO     [0m|[34;20m nipype.workflow  [0m|[34;20m [Node] Setting-up "_tpms_std2t1w0" in "/local/nvme/ds006444_15.783915/ds/tmp/mriqc_wf/anatMRIQC/SpatialNormalization/9700c42a8516cf5f6da3634204798d2e31c40586/tpms_std2t1w/mapflow/_tpms_std2t1w0".[0m
2026-03-27 05:26:13 |[34;20m INFO     [0m|[34;20m nipype.workflow  [0m|[34;20m [Node] Setting-up "_tpms_std2t1w1" in "/local/nvme/ds006444_15.783915/ds/tmp/mriqc_wf/anatMRIQC/SpatialNormalization/9700c42a8516cf5f6da3634204798d2e31c40586/tpms_std2t1w/mapflow/_tpms_std2t1w1".[0m
2026-03-27 05:26:13 |[34;20m INFO     [0m|[34;20m nipype.workflow  [0m|[34;20m [Node] Setting-up "_tpms_std2t1w2" in "/local/nvme/ds006444_15.783915/ds/tmp/mriqc_wf/anatMRIQC/SpatialNormalization/9700c42a8516cf5f6da3634204798d2e31c40586/tpms_std2t1w/mapflow/_tpms_std2t1w2".[0m
2026-03-27 05:26:13 |[34;20m INFO     [0m|[34;20m nipype.workflow  [0m|[34;20m [Node] Executing "_tpms_std2t1w1" <niworkflows.interfaces.fixes.FixHeaderApplyTransforms>[0m
2026-03-27 05:26:13 |[34;20m INFO     [0m|[34;20m nipype.workflow  [0m|[34;20m [Node] Executing "_tpms_std2t1w2" <niworkflows.interfaces.fixes.FixHeaderApplyTransforms>[0m
2026-03-27 05:26:13 |[34;20m INFO     [0m|[34;20m nipype.workflow  [0m|[34;20m [Node] Executing "_tpms_std2t1w0" <niworkflows.interfaces.fixes.FixHeaderApplyTransforms>[0m
2026-03-27 05:26:18 |[34;20m INFO     [0m|[34;20m nipype.workflow  [0m|[34;20m [Node] Finished "_tpms_std2t1w0", elapsed time 6.530713s.[0m
2026-03-27 05:26:18 |[34;20m INFO     [0m|[34;20m nipype.workflow  [0m|[34;20m [Node] Finished "_tpms_std2t1w1", elapsed time 6.53841s.[0m
2026-03-27 05:26:18 |[34;20m INFO     [0m|[34;20m nipype.workflow  [0m|[34;20m [Node] Finished "_tpms_std2t1w2", elapsed time 6.535757s.[0m
2026-03-27 05:26:19 |[34;20m INFO     [0m|[34;20m nipype.workflow  [0m|[34;20m [Node] Setting-up "_tpms_std2t1w0" in "/local/nvme/ds006444_15.783915/ds/tmp/mriqc_wf/anatMRIQC/SpatialNormalization/9af312c64628a0de48f0881062ee0560f2f1c8ff/tpms_std2t1w/mapflow/_tpms_std2t1w0".[0m
2026-03-27 05:26:19 |[34;20m INFO     [0m|[34;20m nipype.workflow  [0m|[34;20m [Node] Cached "_tpms_std2t1w0" - collecting precomputed outputs[0m
2026-03-27 05:26:19 |[34;20m INFO     [0m|[34;20m nipype.workflow  [0m|[34;20m [Node] "_tpms_std2t1w0" found cached.[0m
2026-03-27 05:26:19 |[34;20m INFO     [0m|[34;20m nipype.workflow  [0m|[34;20m [Node] Setting-up "_tpms_std2t1w1" in "/local/nvme/ds006444_15.783915/ds/tmp/mriqc_wf/anatMRIQC/SpatialNormalization/9af312c64628a0de48f0881062ee0560f2f1c8ff/tpms_std2t1w/mapflow/_tpms_std2t1w1".[0m
2026-03-27 05:26:19 |[34;20m INFO     [0m|[34;20m nipype.workflow  [0m|[34;20m [Node] Cached "_tpms_std2t1w1" - collecting precomputed outputs[0m
2026-03-27 05:26:19 |[34;20m INFO     [0m|[34;20m nipype.workflow  [0m|[34;20m [Node] "_tpms_std2t1w1" found cached.[0m
2026-03-27 05:26:19 |[34;20m INFO     [0m|[34;20m nipype.workflow  [0m|[34;20m [Node] Setting-up "_tpms_std2t1w2" in "/local/nvme/ds006444_15.783915/ds/tmp/mriqc_wf/anatMRIQC/SpatialNormalization/9af312c64628a0de48f0881062ee0560f2f1c8ff/tpms_std2t1w/mapflow/_tpms_std2t1w2".[0m
2026-03-27 05:26:19 |[34;20m INFO     [0m|[34;20m nipype.workflow  [0m|[34;20m [Node] Cached "_tpms_std2t1w2" - collecting precomputed outputs[0m
2026-03-27 05:26:19 |[34;20m INFO     [0m|[34;20m nipype.workflow  [0m|[34;20m [Node] "_tpms_std2t1w2" found cached.[0m
2026-03-27 05:26:20 |[34;20m INFO     [0m|[34;20m nipype.workflow  [0m|[34;20m [Node] Finished "_tpms_std2t1w2", elapsed time 6.500819s.[0m
2026-03-27 05:26:20 |[34;20m INFO     [0m|[34;20m nipype.workflow  [0m|[34;20m [Node] Finished "_tpms_std2t1w1", elapsed time 6.551052s.[0m
2026-03-27 05:26:20 |[34;20m INFO     [0m|[34;20m nipype.workflow  [0m|[34;20m [Node] Finished "_tpms_std2t1w0", elapsed time 6.524193s.[0m
2026-03-27 05:26:21 |[34;20m INFO     [0m|[34;20m nipype.workflow  [0m|[34;20m [Node] Setting-up "mriqc_wf.anatMRIQC.brain_tissue_segmentation.format_tpm_names" in "/local/nvme/ds006444_15.783915/ds/tmp/mriqc_wf/anatMRIQC/brain_tissue_segmentation/9af312c64628a0de48f0881062ee0560f2f1c8ff/format_tpm_names".[0m
2026-03-27 05:26:21 |[34;20m INFO     [0m|[34;20m nipype.workflow  [0m|[34;20m [Node] Setting-up "mriqc_wf.anatMRIQC.HeadMaskWorkflow.Enhance" in "/local/nvme/ds006444_15.783915/ds/tmp/mriqc_wf/anatMRIQC/HeadMaskWorkflow/9af312c64628a0de48f0881062ee0560f2f1c8ff/Enhance".[0m
2026-03-27 05:26:21 |[34;20m INFO     [0m|[34;20m nipype.workflow  [0m|[34;20m [Node] Executing "format_tpm_names" <nipype.interfaces.utility.wrappers.Function>[0m
2026-03-27 05:26:21 |[34;20m INFO     [0m|[34;20m nipype.workflow  [0m|[34;20m [Node] Executing "Enhance" <nipype.interfaces.utility.wrappers.Function>[0m
2026-03-27 05:26:21 |[34;20m INFO     [0m|[34;20m nipype.workflow  [0m|[34;20m [Node] Setting-up "_tpms_std2t1w0" in "/local/nvme/ds006444_15.783915/ds/tmp/mriqc_wf/anatMRIQC/SpatialNormalization/9700c42a8516cf5f6da3634204798d2e31c40586/tpms_std2t1w/mapflow/_tpms_std2t1w0".[0m
2026-03-27 05:26:21 |[34;20m INFO     [0m|[34;20m nipype.workflow  [0m|[34;20m [Node] Cached "_tpms_std2t1w0" - collecting precomputed outputs[0m
2026-03-27 05:26:21 |[34;20m INFO     [0m|[34;20m nipype.workflow  [0m|[34;20m [Node] "_tpms_std2t1w0" found cached.[0m
2026-03-27 05:26:21 |[34;20m INFO     [0m|[34;20m nipype.workflow  [0m|[34;20m [Node] Setting-up "_tpms_std2t1w1" in "/local/nvme/ds006444_15.783915/ds/tmp/mriqc_wf/anatMRIQC/SpatialNormalization/9700c42a8516cf5f6da3634204798d2e31c40586/tpms_std2t1w/mapflow/_tpms_std2t1w1".[0m
2026-03-27 05:26:21 |[34;20m INFO     [0m|[34;20m nipype.workflow  [0m|[34;20m [Node] Cached "_tpms_std2t1w1" - collecting precomputed outputs[0m
2026-03-27 05:26:21 |[34;20m INFO     [0m|[34;20m nipype.workflow  [0m|[34;20m [Node] "_tpms_std2t1w1" found cached.[0m
2026-03-27 05:26:21 |[34;20m INFO     [0m|[34;20m nipype.workflow  [0m|[34;20m [Node] Setting-up "_tpms_std2t1w2" in "/local/nvme/ds006444_15.783915/ds/tmp/mriqc_wf/anatMRIQC/SpatialNormalization/9700c42a8516cf5f6da3634204798d2e31c40586/tpms_std2t1w/mapflow/_tpms_std2t1w2".[0m
2026-03-27 05:26:21 |[34;20m INFO     [0m|[34;20m nipype.workflow  [0m|[34;20m [Node] Cached "_tpms_std2t1w2" - collecting precomputed outputs[0m
2026-03-27 05:26:21 |[34;20m INFO     [0m|[34;20m nipype.workflow  [0m|[34;20m [Node] "_tpms_std2t1w2" found cached.[0m
2026-03-27 05:26:23 |[34;20m INFO     [0m|[34;20m nipype.workflow  [0m|[34;20m [Node] Finished "format_tpm_names", elapsed time 1.328s.[0m
2026-03-27 05:26:23 |[34;20m INFO     [0m|[34;20m nipype.workflow  [0m|[34;20m [Node] Setting-up "mriqc_wf.anatMRIQC.HeadMaskWorkflow.Enhance" in "/local/nvme/ds006444_15.783915/ds/tmp/mriqc_wf/anatMRIQC/HeadMaskWorkflow/9700c42a8516cf5f6da3634204798d2e31c40586/Enhance".[0m
2026-03-27 05:26:23 |[34;20m INFO     [0m|[34;20m nipype.workflow  [0m|[34;20m [Node] Setting-up "mriqc_wf.anatMRIQC.brain_tissue_segmentation.format_tpm_names" in "/local/nvme/ds006444_15.783915/ds/tmp/mriqc_wf/anatMRIQC/brain_tissue_segmentation/9700c42a8516cf5f6da3634204798d2e31c40586/format_tpm_names".[0m
2026-03-27 05:26:23 |[34;20m INFO     [0m|[34;20m nipype.workflow  [0m|[34;20m [Node] Executing "Enhance" <nipype.interfaces.utility.wrappers.Function>[0m
2026-03-27 05:26:23 |[34;20m INFO     [0m|[34;20m nipype.workflow  [0m|[34;20m [Node] Executing "format_tpm_names" <nipype.interfaces.utility.wrappers.Function>[0m
2026-03-27 05:26:24 |[34;20m INFO     [0m|[34;20m nipype.workflow  [0m|[34;20m [Node] Finished "Enhance", elapsed time 2.613735s.[0m
2026-03-27 05:26:25 |[34;20m INFO     [0m|[34;20m nipype.workflow  [0m|[34;20m [Node] Finished "format_tpm_names", elapsed time 1.337192s.[0m
2026-03-27 05:26:25 |[34;20m INFO     [0m|[34;20m nipype.workflow  [0m|[34;20m [Node] Setting-up "mriqc_wf.anatMRIQC.HeadMaskWorkflow.apply_mask" in "/local/nvme/ds006444_15.783915/ds/tmp/mriqc_wf/anatMRIQC/HeadMaskWorkflow/9af312c64628a0de48f0881062ee0560f2f1c8ff/apply_mask".[0m
2026-03-27 05:26:25 |[34;20m INFO     [0m|[34;20m nipype.workflow  [0m|[34;20m [Node] Setting-up "mriqc_wf.anatMRIQC.HeadMaskWorkflow.Grad" in "/local/nvme/ds006444_15.783915/ds/tmp/mriqc_wf/anatMRIQC/HeadMaskWorkflow/9af312c64628a0de48f0881062ee0560f2f1c8ff/Grad".[0m
2026-03-27 05:26:25 |[34;20m INFO     [0m|[34;20m nipype.workflow  [0m|[34;20m [Node] Executing "apply_mask" <niworkflows.interfaces.nibabel.ApplyMask>[0m
2026-03-27 05:26:25 |[34;20m INFO     [0m|[34;20m nipype.workflow  [0m|[34;20m [Node] Executing "Grad" <nipype.interfaces.utility.wrappers.Function>[0m
2026-03-27 05:26:25 |[34;20m INFO     [0m|[34;20m nipype.workflow  [0m|[34;20m [Node] Finished "Enhance", elapsed time 2.241701s.[0m
2026-03-27 05:26:25 |[34;20m INFO     [0m|[34;20m nipype.workflow  [0m|[34;20m [Node] Finished "apply_mask", elapsed time 0.26453s.[0m
2026-03-27 05:26:27 |[34;20m INFO     [0m|[34;20m nipype.workflow  [0m|[34;20m [Node] Setting-up "mriqc_wf.anatMRIQC.HeadMaskWorkflow.Grad" in "/local/nvme/ds006444_15.783915/ds/tmp/mriqc_wf/anatMRIQC/HeadMaskWorkflow/9700c42a8516cf5f6da3634204798d2e31c40586/Grad".[0m
2026-03-27 05:26:27 |[34;20m INFO     [0m|[34;20m nipype.workflow  [0m|[34;20m [Node] Setting-up "mriqc_wf.anatMRIQC.HeadMaskWorkflow.apply_mask" in "/local/nvme/ds006444_15.783915/ds/tmp/mriqc_wf/anatMRIQC/HeadMaskWorkflow/9700c42a8516cf5f6da3634204798d2e31c40586/apply_mask".[0m
2026-03-27 05:26:27 |[34;20m INFO     [0m|[34;20m nipype.workflow  [0m|[34;20m [Node] Executing "Grad" <nipype.interfaces.utility.wrappers.Function>[0m
2026-03-27 05:26:27 |[34;20m INFO     [0m|[34;20m nipype.workflow  [0m|[34;20m [Node] Executing "apply_mask" <niworkflows.interfaces.nibabel.ApplyMask>[0m
2026-03-27 05:26:27 |[34;20m INFO     [0m|[34;20m nipype.workflow  [0m|[34;20m [Node] Finished "apply_mask", elapsed time 0.270705s.[0m
2026-03-27 05:26:29 |[34;20m INFO     [0m|[34;20m nipype.workflow  [0m|[34;20m [Node] Finished "Grad", elapsed time 3.553061s.[0m
2026-03-27 05:26:29 |[34;20m INFO     [0m|[34;20m nipype.workflow  [0m|[34;20m [Node] Setting-up "mriqc_wf.anatMRIQC.HeadMaskWorkflow.GradientThreshold" in "/local/nvme/ds006444_15.783915/ds/tmp/mriqc_wf/anatMRIQC/HeadMaskWorkflow/9af312c64628a0de48f0881062ee0560f2f1c8ff/GradientThreshold".[0m
2026-03-27 05:26:29 |[34;20m INFO     [0m|[34;20m nipype.workflow  [0m|[34;20m [Node] Executing "GradientThreshold" <nipype.interfaces.utility.wrappers.Function>[0m
2026-03-27 05:26:31 |[34;20m INFO     [0m|[34;20m nipype.workflow  [0m|[34;20m [Node] Finished "Grad", elapsed time 3.402372s.[0m
2026-03-27 05:26:31 |[34;20m INFO     [0m|[34;20m nipype.workflow  [0m|[34;20m [Node] Setting-up "mriqc_wf.anatMRIQC.HeadMaskWorkflow.GradientThreshold" in "/local/nvme/ds006444_15.783915/ds/tmp/mriqc_wf/anatMRIQC/HeadMaskWorkflow/9700c42a8516cf5f6da3634204798d2e31c40586/GradientThreshold".[0m
2026-03-27 05:26:31 |[34;20m INFO     [0m|[34;20m nipype.workflow  [0m|[34;20m [Node] Executing "GradientThreshold" <nipype.interfaces.utility.wrappers.Function>[0m
2026-03-27 05:26:36 |[34;20m INFO     [0m|[34;20m nipype.workflow  [0m|[34;20m [Node] Finished "GradientThreshold", elapsed time 6.489768s.[0m
2026-03-27 05:26:37 |[34;20m INFO     [0m|[34;20m nipype.workflow  [0m|[34;20m [Node] Setting-up "mriqc_wf.anatMRIQC.anat_report_wf.PlotHeadmask" in "/local/nvme/ds006444_15.783915/ds/tmp/mriqc_wf/anatMRIQC/anat_report_wf/9af312c64628a0de48f0881062ee0560f2f1c8ff/PlotHeadmask".[0m
2026-03-27 05:26:37 |[34;20m INFO     [0m|[34;20m nipype.workflow  [0m|[34;20m [Node] Setting-up "mriqc_wf.anatMRIQC.AirMaskWorkflow.ArtifactMask" in "/local/nvme/ds006444_15.783915/ds/tmp/mriqc_wf/anatMRIQC/AirMaskWorkflow/9af312c64628a0de48f0881062ee0560f2f1c8ff/ArtifactMask".[0m
2026-03-27 05:26:37 |[34;20m INFO     [0m|[34;20m nipype.workflow  [0m|[34;20m [Node] Executing "PlotHeadmask" <nireports.interfaces.mosaic.PlotContours>[0m
2026-03-27 05:26:37 |[34;20m INFO     [0m|[34;20m nipype.workflow  [0m|[34;20m [Node] Executing "ArtifactMask" <mriqc.interfaces.anatomical.ArtifactMask>[0m
2026-03-27 05:26:38 |[34;20m INFO     [0m|[34;20m nipype.workflow  [0m|[34;20m [Node] Finished "GradientThreshold", elapsed time 7.103887s.[0m
2026-03-27 05:26:39 |[34;20m INFO     [0m|[34;20m nipype.workflow  [0m|[34;20m [Node] Setting-up "mriqc_wf.anatMRIQC.anat_report_wf.PlotHeadmask" in "/local/nvme/ds006444_15.783915/ds/tmp/mriqc_wf/anatMRIQC/anat_report_wf/9700c42a8516cf5f6da3634204798d2e31c40586/PlotHeadmask".[0m
2026-03-27 05:26:39 |[34;20m INFO     [0m|[34;20m nipype.workflow  [0m|[34;20m [Node] Setting-up "mriqc_wf.anatMRIQC.AirMaskWorkflow.ArtifactMask" in "/local/nvme/ds006444_15.783915/ds/tmp/mriqc_wf/anatMRIQC/AirMaskWorkflow/9700c42a8516cf5f6da3634204798d2e31c40586/ArtifactMask".[0m
2026-03-27 05:26:39 |[34;20m INFO     [0m|[34;20m nipype.workflow  [0m|[34;20m [Node] Executing "PlotHeadmask" <nireports.interfaces.mosaic.PlotContours>[0m
2026-03-27 05:26:39 |[34;20m INFO     [0m|[34;20m nipype.workflow  [0m|[34;20m [Node] Executing "ArtifactMask" <mriqc.interfaces.anatomical.ArtifactMask>[0m
2026-03-27 05:26:41 |[34;20m INFO     [0m|[34;20m nipype.workflow  [0m|[34;20m [Node] Finished "ArtifactMask", elapsed time 3.646693s.[0m
2026-03-27 05:26:41 |[34;20m INFO     [0m|[34;20m nipype.workflow  [0m|[34;20m [Node] Setting-up "mriqc_wf.anatMRIQC.ComputeIQMs.provenance" in "/local/nvme/ds006444_15.783915/ds/tmp/mriqc_wf/anatMRIQC/ComputeIQMs/9af312c64628a0de48f0881062ee0560f2f1c8ff/provenance".[0m
2026-03-27 05:26:41 |[34;20m INFO     [0m|[34;20m nipype.workflow  [0m|[34;20m [Node] Executing "provenance" <mriqc.interfaces.reports.AddProvenance>[0m
2026-03-27 05:26:41 |[34;20m INFO     [0m|[34;20m nipype.workflow  [0m|[34;20m [Node] Finished "ArtifactMask", elapsed time 2.039185s.[0m
2026-03-27 05:26:41 |[34;20m INFO     [0m|[34;20m nipype.workflow  [0m|[34;20m [Node] Finished "provenance", elapsed time 0.053386s.[0m
2026-03-27 05:26:41 |[34;20m INFO     [0m|[34;20m nipype.workflow  [0m|[34;20m [Node] Setting-up "mriqc_wf.anatMRIQC.anat_report_wf.PlotAirmask" in "/local/nvme/ds006444_15.783915/ds/tmp/mriqc_wf/anatMRIQC/anat_report_wf/9af312c64628a0de48f0881062ee0560f2f1c8ff/PlotAirmask".[0m
2026-03-27 05:26:41 |[34;20m INFO     [0m|[34;20m nipype.workflow  [0m|[34;20m [Node] Setting-up "mriqc_wf.anatMRIQC.anat_report_wf.PlotArtmask" in "/local/nvme/ds006444_15.783915/ds/tmp/mriqc_wf/anatMRIQC/anat_report_wf/9af312c64628a0de48f0881062ee0560f2f1c8ff/PlotArtmask".[0m
2026-03-27 05:26:41 |[34;20m INFO     [0m|[34;20m nipype.workflow  [0m|[34;20m [Node] Executing "PlotArtmask" <nireports.interfaces.mosaic.PlotContours>[0m
2026-03-27 05:26:41 |[34;20m INFO     [0m|[34;20m nipype.workflow  [0m|[34;20m [Node] Setting-up "mriqc_wf.anatMRIQC.ComputeIQMs.ComputeQI2" in "/local/nvme/ds006444_15.783915/ds/tmp/mriqc_wf/anatMRIQC/ComputeIQMs/9af312c64628a0de48f0881062ee0560f2f1c8ff/ComputeQI2".[0m
2026-03-27 05:26:41 |[34;20m INFO     [0m|[34;20m nipype.workflow  [0m|[34;20m [Node] Executing "PlotAirmask" <nireports.interfaces.mosaic.PlotContours>[0m
2026-03-27 05:26:41 |[34;20m INFO     [0m|[34;20m nipype.workflow  [0m|[34;20m [Node] Executing "ComputeQI2" <mriqc.interfaces.anatomical.ComputeQI2>[0m
2026-03-27 05:26:43 |[34;20m INFO     [0m|[34;20m nipype.workflow  [0m|[34;20m [Node] Setting-up "mriqc_wf.anatMRIQC.ComputeIQMs.provenance" in "/local/nvme/ds006444_15.783915/ds/tmp/mriqc_wf/anatMRIQC/ComputeIQMs/9700c42a8516cf5f6da3634204798d2e31c40586/provenance".[0m
2026-03-27 05:26:43 |[34;20m INFO     [0m|[34;20m nipype.workflow  [0m|[34;20m [Node] Executing "provenance" <mriqc.interfaces.reports.AddProvenance>[0m
2026-03-27 05:26:43 |[34;20m INFO     [0m|[34;20m nipype.workflow  [0m|[34;20m [Node] Finished "provenance", elapsed time 0.040531s.[0m
2026-03-27 05:26:43 |[34;20m INFO     [0m|[34;20m nipype.workflow  [0m|[34;20m [Node] Setting-up "mriqc_wf.anatMRIQC.anat_report_wf.PlotArtmask" in "/local/nvme/ds006444_15.783915/ds/tmp/mriqc_wf/anatMRIQC/anat_report_wf/9700c42a8516cf5f6da3634204798d2e31c40586/PlotArtmask".[0m
2026-03-27 05:26:43 |[34;20m INFO     [0m|[34;20m nipype.workflow  [0m|[34;20m [Node] Setting-up "mriqc_wf.anatMRIQC.anat_report_wf.PlotAirmask" in "/local/nvme/ds006444_15.783915/ds/tmp/mriqc_wf/anatMRIQC/anat_report_wf/9700c42a8516cf5f6da3634204798d2e31c40586/PlotAirmask".[0m
2026-03-27 05:26:43 |[34;20m INFO     [0m|[34;20m nipype.workflow  [0m|[34;20m [Node] Setting-up "mriqc_wf.anatMRIQC.ComputeIQMs.ComputeQI2" in "/local/nvme/ds006444_15.783915/ds/tmp/mriqc_wf/anatMRIQC/ComputeIQMs/9700c42a8516cf5f6da3634204798d2e31c40586/ComputeQI2".[0m
2026-03-27 05:26:43 |[34;20m INFO     [0m|[34;20m nipype.workflow  [0m|[34;20m [Node] Executing "PlotArtmask" <nireports.interfaces.mosaic.PlotContours>[0m
2026-03-27 05:26:43 |[34;20m INFO     [0m|[34;20m nipype.workflow  [0m|[34;20m [Node] Executing "ComputeQI2" <mriqc.interfaces.anatomical.ComputeQI2>[0m
2026-03-27 05:26:43 |[34;20m INFO     [0m|[34;20m nipype.workflow  [0m|[34;20m [Node] Executing "PlotAirmask" <nireports.interfaces.mosaic.PlotContours>[0m
2026-03-27 05:26:43 |[34;20m INFO     [0m|[34;20m nipype.workflow  [0m|[34;20m [Node] Finished "PlotHeadmask", elapsed time 6.177105s.[0m
2026-03-27 05:26:45 |[34;20m INFO     [0m|[34;20m nipype.workflow  [0m|[34;20m [Node] Finished "PlotArtmask", elapsed time 3.254808s.[0m
2026-03-27 05:26:45 |[34;20m INFO     [0m|[34;20m nipype.workflow  [0m|[34;20m [Node] Setting-up "mriqc_wf.anatMRIQC.anat_report_wf.ds_report_headmask" in "/local/nvme/ds006444_15.783915/ds/tmp/mriqc_wf/anatMRIQC/anat_report_wf/9af312c64628a0de48f0881062ee0560f2f1c8ff/ds_report_headmask".[0m
2026-03-27 05:26:45 |[34;20m INFO     [0m|[34;20m nipype.workflow  [0m|[34;20m [Node] Executing "ds_report_headmask" <mriqc.interfaces.DerivativesDataSink>[0m
2026-03-27 05:26:45 |[34;20m INFO     [0m|[34;20m nipype.workflow  [0m|[34;20m [Node] Finished "ds_report_headmask", elapsed time 0.00492s.[0m
2026-03-27 05:26:45 |[34;20m INFO     [0m|[34;20m nipype.workflow  [0m|[34;20m [Node] Setting-up "mriqc_wf.anatMRIQC.anat_report_wf.ds_report_artmask" in "/local/nvme/ds006444_15.783915/ds/tmp/mriqc_wf/anatMRIQC/anat_report_wf/9af312c64628a0de48f0881062ee0560f2f1c8ff/ds_report_artmask".[0m
2026-03-27 05:26:45 |[34;20m INFO     [0m|[34;20m nipype.workflow  [0m|[34;20m [Node] Executing "ds_report_artmask" <mriqc.interfaces.DerivativesDataSink>[0m
2026-03-27 05:26:45 |[34;20m INFO     [0m|[34;20m nipype.workflow  [0m|[34;20m [Node] Finished "ds_report_artmask", elapsed time 0.004751s.[0m
2026-03-27 05:26:45 |[34;20m INFO     [0m|[34;20m nipype.workflow  [0m|[34;20m [Node] Finished "PlotHeadmask", elapsed time 6.129726s.[0m
2026-03-27 05:26:47 |[34;20m INFO     [0m|[34;20m nipype.workflow  [0m|[34;20m [Node] Finished "PlotArtmask", elapsed time 3.17038s.[0m
2026-03-27 05:26:47 |[34;20m INFO     [0m|[34;20m nipype.workflow  [0m|[34;20m [Node] Finished "PlotAirmask", elapsed time 5.417986s.[0m
2026-03-27 05:26:47 |[34;20m INFO     [0m|[34;20m nipype.workflow  [0m|[34;20m [Node] Setting-up "mriqc_wf.anatMRIQC.anat_report_wf.ds_report_headmask" in "/local/nvme/ds006444_15.783915/ds/tmp/mriqc_wf/anatMRIQC/anat_report_wf/9700c42a8516cf5f6da3634204798d2e31c40586/ds_report_headmask".[0m
2026-03-27 05:26:47 |[34;20m INFO     [0m|[34;20m nipype.workflow  [0m|[34;20m [Node] Executing "ds_report_headmask" <mriqc.interfaces.DerivativesDataSink>[0m
2026-03-27 05:26:47 |[34;20m INFO     [0m|[34;20m nipype.workflow  [0m|[34;20m [Node] Finished "ds_report_headmask", elapsed time 0.005239s.[0m
2026-03-27 05:26:47 |[34;20m INFO     [0m|[34;20m nipype.workflow  [0m|[34;20m [Node] Setting-up "mriqc_wf.anatMRIQC.anat_report_wf.ds_report_airmask" in "/local/nvme/ds006444_15.783915/ds/tmp/mriqc_wf/anatMRIQC/anat_report_wf/9af312c64628a0de48f0881062ee0560f2f1c8ff/ds_report_airmask".[0m
2026-03-27 05:26:47 |[34;20m INFO     [0m|[34;20m nipype.workflow  [0m|[34;20m [Node] Executing "ds_report_airmask" <mriqc.interfaces.DerivativesDataSink>[0m
2026-03-27 05:26:47 |[34;20m INFO     [0m|[34;20m nipype.workflow  [0m|[34;20m [Node] Finished "ds_report_airmask", elapsed time 0.005155s.[0m
2026-03-27 05:26:47 |[34;20m INFO     [0m|[34;20m nipype.workflow  [0m|[34;20m [Node] Setting-up "mriqc_wf.anatMRIQC.anat_report_wf.ds_report_artmask" in "/local/nvme/ds006444_15.783915/ds/tmp/mriqc_wf/anatMRIQC/anat_report_wf/9700c42a8516cf5f6da3634204798d2e31c40586/ds_report_artmask".[0m
2026-03-27 05:26:47 |[34;20m INFO     [0m|[34;20m nipype.workflow  [0m|[34;20m [Node] Executing "ds_report_artmask" <mriqc.interfaces.DerivativesDataSink>[0m
2026-03-27 05:26:47 |[34;20m INFO     [0m|[34;20m nipype.workflow  [0m|[34;20m [Node] Finished "ds_report_artmask", elapsed time 0.004974s.[0m
2026-03-27 05:26:49 |[34;20m INFO     [0m|[34;20m nipype.workflow  [0m|[34;20m [Node] Finished "PlotAirmask", elapsed time 5.804106s.[0m
2026-03-27 05:26:51 |[34;20m INFO     [0m|[34;20m nipype.workflow  [0m|[34;20m [Node] Setting-up "mriqc_wf.anatMRIQC.anat_report_wf.ds_report_airmask" in "/local/nvme/ds006444_15.783915/ds/tmp/mriqc_wf/anatMRIQC/anat_report_wf/9700c42a8516cf5f6da3634204798d2e31c40586/ds_report_airmask".[0m
2026-03-27 05:26:51 |[34;20m INFO     [0m|[34;20m nipype.workflow  [0m|[34;20m [Node] Executing "ds_report_airmask" <mriqc.interfaces.DerivativesDataSink>[0m
2026-03-27 05:26:51 |[34;20m INFO     [0m|[34;20m nipype.workflow  [0m|[34;20m [Node] Finished "ds_report_airmask", elapsed time 0.004971s.[0m
2026-03-27 05:26:55 |[34;20m INFO     [0m|[34;20m nipype.workflow  [0m|[34;20m [Node] Finished "ComputeQI2", elapsed time 13.189494s.[0m
2026-03-27 05:26:55 |[34;20m INFO     [0m|[34;20m nipype.workflow  [0m|[34;20m [Node] Setting-up "mriqc_wf.anatMRIQC.anat_report_wf.ds_report_noisefit" in "/local/nvme/ds006444_15.783915/ds/tmp/mriqc_wf/anatMRIQC/anat_report_wf/9af312c64628a0de48f0881062ee0560f2f1c8ff/ds_report_noisefit".[0m
2026-03-27 05:26:55 |[34;20m INFO     [0m|[34;20m nipype.workflow  [0m|[34;20m [Node] Executing "ds_report_noisefit" <mriqc.interfaces.DerivativesDataSink>[0m
2026-03-27 05:26:55 |[34;20m INFO     [0m|[34;20m nipype.workflow  [0m|[34;20m [Node] Finished "ds_report_noisefit", elapsed time 0.005035s.[0m
2026-03-27 05:26:57 |[34;20m INFO     [0m|[34;20m nipype.workflow  [0m|[34;20m [Node] Finished "ComputeQI2", elapsed time 13.235844s.[0m
2026-03-27 05:26:57 |[34;20m INFO     [0m|[34;20m nipype.workflow  [0m|[34;20m [Node] Setting-up "mriqc_wf.anatMRIQC.brain_tissue_segmentation.segmentation" in "/local/nvme/ds006444_15.783915/ds/tmp/mriqc_wf/anatMRIQC/brain_tissue_segmentation/9af312c64628a0de48f0881062ee0560f2f1c8ff/segmentation".[0m
2026-03-27 05:26:57 |[34;20m INFO     [0m|[34;20m nipype.workflow  [0m|[34;20m [Node] Executing "segmentation" <nipype.interfaces.ants.segmentation.Atropos>[0m
2026-03-27 05:27:36 |[34;20m INFO     [0m|[34;20m nipype.workflow  [0m|[34;20m [Node] Finished "segmentation", elapsed time 38.338237s.[0m
2026-03-27 05:27:37 |[34;20m INFO     [0m|[34;20m nipype.workflow  [0m|[34;20m [Node] Setting-up "mriqc_wf.anatMRIQC.brain_tissue_segmentation.segmentation" in "/local/nvme/ds006444_15.783915/ds/tmp/mriqc_wf/anatMRIQC/brain_tissue_segmentation/9700c42a8516cf5f6da3634204798d2e31c40586/segmentation".[0m
2026-03-27 05:27:37 |[34;20m INFO     [0m|[34;20m nipype.workflow  [0m|[34;20m [Node] Executing "segmentation" <nipype.interfaces.ants.segmentation.Atropos>[0m
2026-03-27 05:28:15 |[34;20m INFO     [0m|[34;20m nipype.workflow  [0m|[34;20m [Node] Finished "segmentation", elapsed time 37.396969s.[0m
2026-03-27 05:28:15 |[34;20m INFO     [0m|[34;20m nipype.workflow  [0m|[34;20m [Node] Setting-up "mriqc_wf.anatMRIQC.anat_report_wf.ds_report_noisefit" in "/local/nvme/ds006444_15.783915/ds/tmp/mriqc_wf/anatMRIQC/anat_report_wf/9700c42a8516cf5f6da3634204798d2e31c40586/ds_report_noisefit".[0m
2026-03-27 05:28:15 |[34;20m INFO     [0m|[34;20m nipype.workflow  [0m|[34;20m [Node] Setting-up "mriqc_wf.anatMRIQC.ComputeIQMs.harmonize" in "/local/nvme/ds006444_15.783915/ds/tmp/mriqc_wf/anatMRIQC/ComputeIQMs/9af312c64628a0de48f0881062ee0560f2f1c8ff/harmonize".[0m
2026-03-27 05:28:15 |[34;20m INFO     [0m|[34;20m nipype.workflow  [0m|[34;20m [Node] Setting-up "mriqc_wf.anatMRIQC.anat_report_wf.PlotSegmentation" in "/local/nvme/ds006444_15.783915/ds/tmp/mriqc_wf/anatMRIQC/anat_report_wf/9af312c64628a0de48f0881062ee0560f2f1c8ff/PlotSegmentation".[0m
2026-03-27 05:28:15 |[34;20m INFO     [0m|[34;20m nipype.workflow  [0m|[34;20m [Node] Setting-up "mriqc_wf.anatMRIQC.ComputeIQMs.harmonize" in "/local/nvme/ds006444_15.783915/ds/tmp/mriqc_wf/anatMRIQC/ComputeIQMs/9700c42a8516cf5f6da3634204798d2e31c40586/harmonize".[0m
2026-03-27 05:28:15 |[34;20m INFO     [0m|[34;20m nipype.workflow  [0m|[34;20m [Node] Setting-up "mriqc_wf.anatMRIQC.anat_report_wf.PlotSegmentation" in "/local/nvme/ds006444_15.783915/ds/tmp/mriqc_wf/anatMRIQC/anat_report_wf/9700c42a8516cf5f6da3634204798d2e31c40586/PlotSegmentation".[0m
2026-03-27 05:28:15 |[34;20m INFO     [0m|[34;20m nipype.workflow  [0m|[34;20m [Node] Executing "ds_report_noisefit" <mriqc.interfaces.DerivativesDataSink>[0m
2026-03-27 05:28:15 |[34;20m INFO     [0m|[34;20m nipype.workflow  [0m|[34;20m [Node] Executing "harmonize" <mriqc.interfaces.anatomical.Harmonize>[0m
2026-03-27 05:28:15 |[34;20m INFO     [0m|[34;20m nipype.workflow  [0m|[34;20m [Node] Executing "PlotSegmentation" <nireports.interfaces.mosaic.PlotContours>[0m
2026-03-27 05:28:15 |[34;20m INFO     [0m|[34;20m nipype.workflow  [0m|[34;20m [Node] Executing "PlotSegmentation" <nireports.interfaces.mosaic.PlotContours>[0m
2026-03-27 05:28:15 |[34;20m INFO     [0m|[34;20m nipype.workflow  [0m|[34;20m [Node] Executing "harmonize" <mriqc.interfaces.anatomical.Harmonize>[0m
2026-03-27 05:28:15 |[34;20m INFO     [0m|[34;20m nipype.workflow  [0m|[34;20m [Node] Finished "ds_report_noisefit", elapsed time 0.005043s.[0m
2026-03-27 05:28:18 |[34;20m INFO     [0m|[34;20m nipype.workflow  [0m|[34;20m [Node] Finished "harmonize", elapsed time 2.632188s.[0m
2026-03-27 05:28:18 |[34;20m INFO     [0m|[34;20m nipype.workflow  [0m|[34;20m [Node] Finished "harmonize", elapsed time 2.799476s.[0m
2026-03-27 05:28:19 |[34;20m INFO     [0m|[34;20m nipype.workflow  [0m|[34;20m [Node] Setting-up "mriqc_wf.anatMRIQC.ComputeIQMs.measures" in "/local/nvme/ds006444_15.783915/ds/tmp/mriqc_wf/anatMRIQC/ComputeIQMs/9af312c64628a0de48f0881062ee0560f2f1c8ff/measures".[0m
2026-03-27 05:28:19 |[34;20m INFO     [0m|[34;20m nipype.workflow  [0m|[34;20m [Node] Setting-up "mriqc_wf.anatMRIQC.ComputeIQMs.measures" in "/local/nvme/ds006444_15.783915/ds/tmp/mriqc_wf/anatMRIQC/ComputeIQMs/9700c42a8516cf5f6da3634204798d2e31c40586/measures".[0m
2026-03-27 05:28:19 |[34;20m INFO     [0m|[34;20m nipype.workflow  [0m|[34;20m [Node] Executing "measures" <mriqc.interfaces.anatomical.StructuralQC>[0m
2026-03-27 05:28:19 |[34;20m INFO     [0m|[34;20m nipype.workflow  [0m|[34;20m [Node] Executing "measures" <mriqc.interfaces.anatomical.StructuralQC>[0m
2026-03-27 05:28:20 |[34;20m INFO     [0m|[34;20m nipype.workflow  [0m|[34;20m [Node] Finished "PlotSegmentation", elapsed time 4.485748s.[0m
2026-03-27 05:28:21 |[34;20m INFO     [0m|[34;20m nipype.workflow  [0m|[34;20m [Node] Setting-up "mriqc_wf.anatMRIQC.anat_report_wf.ds_report_segm" in "/local/nvme/ds006444_15.783915/ds/tmp/mriqc_wf/anatMRIQC/anat_report_wf/9af312c64628a0de48f0881062ee0560f2f1c8ff/ds_report_segm".[0m
2026-03-27 05:28:21 |[34;20m INFO     [0m|[34;20m nipype.workflow  [0m|[34;20m [Node] Executing "ds_report_segm" <mriqc.interfaces.DerivativesDataSink>[0m
2026-03-27 05:28:21 |[34;20m INFO     [0m|[34;20m nipype.workflow  [0m|[34;20m [Node] Finished "ds_report_segm", elapsed time 0.005336s.[0m
2026-03-27 05:28:22 |[34;20m INFO     [0m|[34;20m nipype.workflow  [0m|[34;20m [Node] Finished "PlotSegmentation", elapsed time 6.676478s.[0m
2026-03-27 05:28:23 |[34;20m INFO     [0m|[34;20m nipype.workflow  [0m|[34;20m [Node] Setting-up "mriqc_wf.anatMRIQC.anat_report_wf.ds_report_segm" in "/local/nvme/ds006444_15.783915/ds/tmp/mriqc_wf/anatMRIQC/anat_report_wf/9700c42a8516cf5f6da3634204798d2e31c40586/ds_report_segm".[0m
2026-03-27 05:28:23 |[34;20m INFO     [0m|[34;20m nipype.workflow  [0m|[34;20m [Node] Executing "ds_report_segm" <mriqc.interfaces.DerivativesDataSink>[0m
2026-03-27 05:28:23 |[34;20m INFO     [0m|[34;20m nipype.workflow  [0m|[34;20m [Node] Finished "ds_report_segm", elapsed time 0.005208s.[0m
2026-03-27 05:28:30 |[93;20m WARNING  [0m|[93;20m nipype.interface [0m|[93;20m Estimated signal variation in the background was too small (MAD=0.0, sigma=11.107)[0m
2026-03-27 05:28:30 |[93;20m WARNING  [0m|[93;20m nipype.interface [0m|[93;20m Estimated signal variation in the background was too small (MAD=0.0, sigma=11.107)[0m
2026-03-27 05:28:30 |[93;20m WARNING  [0m|[93;20m nipype.interface [0m|[93;20m Estimated signal variation in the background was too small (MAD=0.0, sigma=11.107)[0m
2026-03-27 05:28:30 |[93;20m WARNING  [0m|[93;20m nipype.interface [0m|[93;20m Estimated signal variation in the background was too small (MAD=0.0, sigma=12.0017)[0m
2026-03-27 05:28:30 |[93;20m WARNING  [0m|[93;20m nipype.interface [0m|[93;20m Estimated signal variation in the background was too small (MAD=0.0, sigma=12.0017)[0m
2026-03-27 05:28:30 |[93;20m WARNING  [0m|[93;20m nipype.interface [0m|[93;20m Estimated signal variation in the background was too small (MAD=0.0, sigma=12.0017)[0m
2026-03-27 05:28:54 |[34;20m INFO     [0m|[34;20m nipype.workflow  [0m|[34;20m [Node] Finished "measures", elapsed time 34.512321s.[0m
2026-03-27 05:28:55 |[34;20m INFO     [0m|[34;20m nipype.workflow  [0m|[34;20m [Node] Setting-up "mriqc_wf.anatMRIQC.ComputeIQMs.datasink" in "/local/nvme/ds006444_15.783915/ds/tmp/mriqc_wf/anatMRIQC/ComputeIQMs/9700c42a8516cf5f6da3634204798d2e31c40586/datasink".[0m
2026-03-27 05:28:55 |[34;20m INFO     [0m|[34;20m nipype.workflow  [0m|[34;20m [Node] Executing "datasink" <mriqc.interfaces.bids.IQMFileSink>[0m
2026-03-27 05:28:55 |[34;20m INFO     [0m|[34;20m nipype.workflow  [0m|[34;20m [Node] Finished "datasink", elapsed time 0.001994s.[0m
2026-03-27 05:28:59 |[34;20m INFO     [0m|[34;20m nipype.workflow  [0m|[34;20m [Node] Finished "measures", elapsed time 39.753188s.[0m
2026-03-27 05:28:59 |[34;20m INFO     [0m|[34;20m nipype.workflow  [0m|[34;20m [Node] Setting-up "mriqc_wf.anatMRIQC.ComputeIQMs.datasink" in "/local/nvme/ds006444_15.783915/ds/tmp/mriqc_wf/anatMRIQC/ComputeIQMs/9af312c64628a0de48f0881062ee0560f2f1c8ff/datasink".[0m
2026-03-27 05:28:59 |[34;20m INFO     [0m|[34;20m nipype.workflow  [0m|[34;20m [Node] Executing "datasink" <mriqc.interfaces.bids.IQMFileSink>[0m
2026-03-27 05:28:59 |[34;20m INFO     [0m|[34;20m nipype.workflow  [0m|[34;20m [Node] Finished "datasink", elapsed time 0.000538s.[0m
2026-03-27 05:29:01 |[34;20m INFO     [0m|[34;20m nipype.workflow  [0m|[34;20m Generating reports...[0m
2026-03-27 05:29:02 |[34;20m INFO     [0m|[34;20m nipype.workflow  [0m|[34;20m Report generation finished (2 reports).[0m
2026-03-27 05:29:02 |[33;20m IMPORTANT [0m|[33;20m mriqc            [0m|[33;20m Participant level finished successfully averaging 00h 03min 21s per subject.[0m
2026-03-27 05:29:02 |[34;20m INFO     [0m|[34;20m mriqc            [0m|[34;20m Generating BIDS derivatives metadata.[0m
----------------------------------------------------------------
  MRIQC completed (elapsed time 00h 06min 42s).
----------------------------------------------------------------

